******************************************************************************
                  MSP430 Linker PC v21.6.1                     
******************************************************************************
>> Linked Wed Oct 23 09:53:48 2024

OUTPUT FILE NAME:   <MSP430FG479.out>
ENTRY POINT SYMBOL: "_c_int00_noinit_noargs"  address: 00000222


MEMORY CONFIGURATION

         name            origin    length      used     unused   attr    fill
----------------------  --------  ---------  --------  --------  ----  --------
  MEM                   00000200   0000fdfd  00000090  0000fd6d  RWIX
  RESET                 0000fffe   0000ffff  00000002  0000fffd  RWIX


SECTION ALLOCATION MAP

 output                                  attributes/
section   page    origin      length       input sections
--------  ----  ----------  ----------   ----------------
.text      0    00000200    00000040     
                  00000200    00000022     toggle_led_MSP-TS430PN80.obj (.text:main)
                  00000222    00000014     rts430_eabi.lib : boot.c.obj (.text:_c_int00_noinit_noargs)
                  00000236    00000006                     : exit.c.obj (.text:abort)
                  0000023c    00000004                     : pre_init.c.obj (.text:_system_pre_init)

.cinit     0    00000200    00000000     

.reset     0    0000fffe    00000002     
                  0000fffe    00000002     rts430_eabi.lib : boot.c.obj (.reset)

.init_array 
*          0    00000200    00000000     UNINITIALIZED

.stack     0    00000240    00000050     UNINITIALIZED
                  00000240    00000002     rts430_eabi.lib : boot.c.obj (.stack)
                  00000242    0000004e     --HOLE--

MODULE SUMMARY

       Module                         code   ro data   rw data
       ------                         ----   -------   -------
    .\functions\testing_functions.c\
       toggle_led_MSP-TS430PN80.obj   34     0         0      
    +--+------------------------------+------+---------+---------+
       Total:                         34     0         0      
                                                              
    C:\ti\ccstheia151\ccs\tools\compiler\ti-cgt-msp430_21.6.1.LTS\lib\rts430_eabi.lib
       boot.c.obj                     20     2         0      
       exit.c.obj                     6      0         0      
       pre_init.c.obj                 4      0         0      
    +--+------------------------------+------+---------+---------+
       Total:                         30     2         0      
                                                              
       Stack:                         0      0         80     
    +--+------------------------------+------+---------+---------+
       Grand Total:                   64     2         80     


GLOBAL SYMBOLS: SORTED ALPHABETICALLY BY Name 

address   name                  
-------   ----                  
00000236  C$$EXIT               
UNDEFED   WDTCTL                
00000290  __STACK_END           
00000050  __STACK_SIZE          
00000200  __TI_CINIT_Base       
00000200  __TI_CINIT_Limit      
00000200  __TI_CINIT_Warm       
ffffffff  __TI_pprof_out_hndl   
ffffffff  __TI_prof_data_size   
ffffffff  __TI_prof_data_start  
ffffffff  __c_args__            
00000222  _c_int00_noinit_noargs
0000fffe  _reset_vector         
00000240  _stack                
0000023c  _system_pre_init      
00000236  abort                 
00000200  main                  
UNDEFED   setup_led             
UNDEFED   toggle_led            


GLOBAL SYMBOLS: SORTED BY Symbol Address 

address   name                  
-------   ----                  
00000050  __STACK_SIZE          
00000200  __TI_CINIT_Base       
00000200  __TI_CINIT_Limit      
00000200  __TI_CINIT_Warm       
00000200  main                  
00000222  _c_int00_noinit_noargs
00000236  C$$EXIT               
00000236  abort                 
0000023c  _system_pre_init      
00000240  _stack                
00000290  __STACK_END           
0000fffe  _reset_vector         
ffffffff  __TI_pprof_out_hndl   
ffffffff  __TI_prof_data_size   
ffffffff  __TI_prof_data_start  
ffffffff  __c_args__            
UNDEFED   WDTCTL                
UNDEFED   setup_led             
UNDEFED   toggle_led            

[19 symbols]
