******************************************************************************
                  MSP430 Linker PC v21.6.1                     
******************************************************************************
>> Linked Mon Jan 27 17:33:29 2025

OUTPUT FILE NAME:   <desarrollo.c.out>
ENTRY POINT SYMBOL: "_c_int00_noargs"  address: 0000213c


MEMORY CONFIGURATION

         name            origin    length      used     unused   attr    fill
----------------------  --------  ---------  --------  --------  ----  --------
  SFR                   00000000   00000010  00000000  00000010  RWIX
  PERIPHERALS_8BIT      00000010   000000f0  00000000  000000f0  RWIX
  PERIPHERALS_16BIT     00000100   00000100  00000000  00000100  RWIX
  RAM                   00000200   00000800  00000394  0000046c  RWIX
  INFOD                 00001000   00000040  00000000  00000040  RWIX
  INFOC                 00001040   00000040  00000000  00000040  RWIX
  INFOB                 00001080   00000040  00000000  00000040  RWIX
  INFOA                 000010c0   00000040  00000000  00000040  RWIX
  FLASH                 00001100   0000eee0  0000145a  0000da86  RWIX
  INT00                 0000ffe0   00000002  00000002  00000000  RWIX
  INT01                 0000ffe2   00000002  00000002  00000000  RWIX
  INT02                 0000ffe4   00000002  00000000  00000002  RWIX
  INT03                 0000ffe6   00000002  00000002  00000000  RWIX
  INT04                 0000ffe8   00000002  00000002  00000000  RWIX
  INT05                 0000ffea   00000002  00000002  00000000  RWIX
  INT06                 0000ffec   00000002  00000002  00000000  RWIX
  INT07                 0000ffee   00000002  00000002  00000000  RWIX
  INT08                 0000fff0   00000002  00000002  00000000  RWIX
  INT09                 0000fff2   00000002  00000002  00000000  RWIX
  INT10                 0000fff4   00000002  00000002  00000000  RWIX
  INT11                 0000fff6   00000002  00000002  00000000  RWIX
  INT12                 0000fff8   00000002  00000002  00000000  RWIX
  INT13                 0000fffa   00000002  00000002  00000000  RWIX
  INT14                 0000fffc   00000002  00000002  00000000  RWIX
  RESET                 0000fffe   00000002  00000002  00000000  RWIX


SECTION ALLOCATION MAP

 output                                  attributes/
section   page    origin      length       input sections
--------  ----  ----------  ----------   ----------------
.cio       0    00000200    00000120     UNINITIALIZED
                  00000200    00000120     rts430_eabi.lib : trgmsg.c.obj (.cio)

.data      0    00000320    00000100     UNINITIALIZED
                  00000320    00000078     rts430_eabi.lib : defs.c.obj (.data:_ftable)
                  00000398    0000004e                     : host_device.c.obj (.data:_device)
                  000003e6    00000028                     : host_device.c.obj (.data:_stream)
                  0000040e    00000002                     : exit_gvars.c.obj (.data:__TI_cleanup_ptr)
                  00000410    00000002                     : exit_gvars.c.obj (.data:__TI_dtors_ptr)
                  00000412    00000002                     : _lock.c.obj (.data:_lock)
                  00000414    00000002                     : _lock.c.obj (.data:_unlock)
                  00000416    00000002     main.obj (.data)
                  00000418    00000002     rts430_eabi.lib : defs.c.obj (.data)
                  0000041a    00000002                     : errno.c.obj (.data)
                  0000041c    00000002                     : exit.c.obj (.data)
                  0000041e    00000002                     : memory.c.obj (.data)

.bss       0    00000420    000000d4     UNINITIALIZED
                  00000420    000000a0     (.common:__TI_tmpnams)
                  000004c0    00000028     (.common:results)
                  000004e8    00000008     (.common:parmbuf)
                  000004f0    00000002     rts430_eabi.lib : memory.c.obj (.bss)
                  000004f2    00000002     (.common:result)

.sysmem    0    000004f4    00000050     UNINITIALIZED
                  000004f4    00000008     rts430_eabi.lib : memory.c.obj (.sysmem)
                  000004fc    00000048     --HOLE--

.stack     0    000009b0    00000050     UNINITIALIZED
                  000009b0    00000002     rts430_eabi.lib : boot.c.obj (.stack)
                  000009b2    0000004e     --HOLE--

.text      0    00001100    00001172     
                  00001100    000000f6     rts430_eabi.lib : memory.c.obj (.text:aligned_alloc)
                  000011f6    000000ea                     : fputs.c.obj (.text:fputs)
                  000012e0    000000d2                     : memory.c.obj (.text:free)
                  000013b2    000000d0                     : setvbuf.c.obj (.text:setvbuf)
                  00001482    00000090                     : fputc.c.obj (.text:fputc)
                  00001512    00000088                     : hostlseek.c.obj (.text:HOSTlseek)
                  0000159a    00000082     FLL.obj (.text:configure_N_for_MCLK)
                  0000161c    0000007c     rts430_eabi.lib : copy_decompress_lzss.c.obj (.text:decompress:lzss:__TI_decompress_lzss)
                  00001698    0000007a                     : _io_perm.c.obj (.text:__TI_wrt_ok)
                  00001712    00000076                     : perror.c.obj (.text:perror)
                  00001788    00000072                     : fclose.c.obj (.text:__TI_closefile)
                  000017fa    00000070                     : fseek.c.obj (.text:fseeko)
                  0000186a    0000006a                     : hostrename.c.obj (.text:HOSTrename)
                  000018d4    00000068                     : memory.c.obj (.text:split)
                  0000193c    00000066                     : hostopen.c.obj (.text:HOSTopen)
                  000019a2    00000062                     : hostwrite.c.obj (.text:HOSTwrite)
                  00001a04    00000062                     : fflush.c.obj (.text:__TI_doflush)
                  00001a66    00000060                     : hostread.c.obj (.text:HOSTread)
                  00001ac6    0000005c     main.obj (.text:main)
                  00001b22    0000005c     system_config.obj (.text:select_operating_mode)
                  00001b7e    00000058     rts430_eabi.lib : getdevice.c.obj (.text:getdevice)
                  00001bd6    00000050     FLL.obj (.text:configuring_DCO)
                  00001c26    0000004c     rts430_eabi.lib : lsr16.asm.obj (.text)
                  00001c72    0000004a                     : close.c.obj (.text:close)
                  00001cbc    00000044                     : hostclose.c.obj (.text:HOSTclose)
                  00001d00    00000044                     : exit.c.obj (.text:exit)
                  00001d44    00000042     FLL.obj (.text:LFXT1_internal_cap_config)
                  00001d86    00000042     rts430_eabi.lib : autoinit.c.obj (.text:__TI_auto_init_nobinit_nopinit:__TI_auto_init_nobinit_nopinit)
                  00001dc8    00000040     FLL.obj (.text:DCO_f_range)
                  00001e08    00000040     rts430_eabi.lib : hostunlink.c.obj (.text:HOSTunlink)
                  00001e48    0000003e                     : lsl32.asm.obj (.text:l_lsl_const)
                  00001e86    0000003c     FLL.obj (.text:configure_ACLK_N)
                  00001ec2    0000003c     FLL.obj (.text:select_reference_MCLK)
                  00001efe    00000034     main.obj (.text:SD16ISR)
                  00001f32    00000034     rts430_eabi.lib : fopen.c.obj (.text:__TI_cleanup)
                  00001f66    00000034                     : getdevice.c.obj (.text:finddevice)
                  00001f9a    00000032     FLL.obj (.text:select_reference_SMCLK)
                  00001fcc    0000002e     rts430_eabi.lib : trgmsg.c.obj (.text:__TI_writemsg)
                  00001ffa    0000002c                     : trgmsg.c.obj (.text:__TI_readmsg)
                  00002026    0000002c                     : lsl16.asm.obj (.text)
                  00002052    0000002c                     : strncpy.c.obj (.text:strncpy)
                  0000207e    00000028                     : memory.c.obj (.text:free_list_insert)
                  000020a6    00000028                     : unlink.c.obj (.text:unlink)
                  000020ce    00000026                     : lseek.c.obj (.text:lseek)
                  000020f4    00000024     FLL.obj (.text:LFXT1_working_mode)
                  00002118    00000024     rts430_eabi.lib : write.c.obj (.text:write)
                  0000213c    0000001c                     : boot.c.obj (.text:_c_int00_noargs)
                  00002158    0000001c                     : memory.c.obj (.text:free_list_remove)
                  00002174    0000001a                     : strchr.c.obj (.text:strchr)
                  0000218e    00000018                     : strcmp.c.obj (.text:strcmp)
                  000021a6    00000014                     : copy_zero_init.c.obj (.text:decompress:ZI:__TI_zero_init_nomemset:__TI_zero_init_nomemset)
                  000021ba    00000014                     : memchr.c.obj (.text:memchr)
                  000021ce    00000012     FLL.obj (.text:LFXT2_disable)
                  000021e0    00000012     FLL.obj (.text:configure_PINS_for_clk_debug)
                  000021f2    00000012     rts430_eabi.lib : copy_decompress_none.c.obj (.text:decompress:none:__TI_decompress_none)
                  00002204    00000012                     : memcpy.c.obj (.text:memcpy)
                  00002216    00000010                     : epilog.asm.obj (.text)
                  00002226    00000010                     : strcpy.c.obj (.text:strcpy)
                  00002236    0000000e                     : strlen.c.obj (.text:strlen)
                  00002244    00000008                     : isr_trap.asm.obj (.text:_isr:__TI_ISR_TRAP)
                  0000224c    00000008                     : memory.c.obj (.text:malloc)
                  00002254    00000008     general_functions.obj (.text:stop_wd)
                  0000225c    00000008     general_functions.obj (.text:toggle_setup)
                  00002264    00000006     rts430_eabi.lib : exit.c.obj (.text:abort)
                  0000226a    00000004                     : pre_init.c.obj (.text:_system_pre_init)
                  0000226e    00000002                     : _lock.c.obj (.text:_nop)
                  00002270    00000002                     : startup.c.obj (.text:_system_post_cinit)

.const     0    00002272    00000290     
                  00002272    000001c8     FLL.obj (.const:.string)
                  0000243a    00000068     rts430_eabi.lib : perror.c.obj (.const:.string)
                  000024a2    00000060     system_config.obj (.const:.string)

.cinit     0    00002502    00000058     
                  00002502    00000045     (.cinit..data.load) [load image, compression = lzss]
                  00002547    00000001     --HOLE-- [fill = 0]
                  00002548    00000006     (__TI_handler_table)
                  0000254e    00000004     (.cinit..bss.load) [load image, compression = zero_init]
                  00002552    00000008     (__TI_cinit_table)

.binit     0    00001100    00000000     

.init_array 
*          0    00001100    00000000     UNINITIALIZED

BASICTIMER 
*          0    0000ffe0    00000002     
                  0000ffe0    00000002     rts430_eabi.lib : int00.asm.obj (.int00)

PORT2      0    0000ffe2    00000002     
                  0000ffe2    00000002     rts430_eabi.lib : int01.asm.obj (.int01)

DAC12_DMA 
*          0    0000ffe6    00000002     
                  0000ffe6    00000002     rts430_eabi.lib : int03.asm.obj (.int03)

PORT1      0    0000ffe8    00000002     
                  0000ffe8    00000002     rts430_eabi.lib : int04.asm.obj (.int04)

TIMERA1    0    0000ffea    00000002     
                  0000ffea    00000002     rts430_eabi.lib : int05.asm.obj (.int05)

TIMERA0    0    0000ffec    00000002     
                  0000ffec    00000002     rts430_eabi.lib : int06.asm.obj (.int06)

SD16A      0    0000ffee    00000002     
                  0000ffee    00000002     main.obj (.int07)

USCIAB0TX 
*          0    0000fff0    00000002     
                  0000fff0    00000002     rts430_eabi.lib : int08.asm.obj (.int08)

USCIAB0RX 
*          0    0000fff2    00000002     
                  0000fff2    00000002     rts430_eabi.lib : int09.asm.obj (.int09)

WDT        0    0000fff4    00000002     
                  0000fff4    00000002     rts430_eabi.lib : int10.asm.obj (.int10)

COMPARATORA 
*          0    0000fff6    00000002     
                  0000fff6    00000002     rts430_eabi.lib : int11.asm.obj (.int11)

TIMERB1    0    0000fff8    00000002     
                  0000fff8    00000002     rts430_eabi.lib : int12.asm.obj (.int12)

TIMERB0    0    0000fffa    00000002     
                  0000fffa    00000002     rts430_eabi.lib : int13.asm.obj (.int13)

NMI        0    0000fffc    00000002     
                  0000fffc    00000002     rts430_eabi.lib : int14.asm.obj (.int14)

.reset     0    0000fffe    00000002     
                  0000fffe    00000002     rts430_eabi.lib : boot.c.obj (.reset)

MODULE SUMMARY

       Module                       code   ro data   rw data
       ------                       ----   -------   -------
    .\function_tests\
       main.obj                     144    2         44     
    +--+----------------------------+------+---------+---------+
       Total:                       144    2         44     
                                                            
    .\functions\
       FLL.obj                      582    456       0      
       system_config.obj            92     96        0      
       general_functions.obj        16     0         0      
    +--+----------------------------+------+---------+---------+
       Total:                       690    552       0      
                                                            
    C:\ti\ccs2002\ccs\tools\compiler\ti-cgt-msp430_21.6.1.LTS\lib\rts430_eabi.lib
       memory.c.obj                 636    0         4      
       trgmsg.c.obj                 90     0         288    
       defs.c.obj                   0      0         282    
       fputs.c.obj                  234    0         0      
       perror.c.obj                 118    104       0      
       setvbuf.c.obj                208    0         0      
       fputc.c.obj                  144    0         0      
       getdevice.c.obj              140    0         0      
       hostlseek.c.obj              136    0         0      
       copy_decompress_lzss.c.obj   124    0         0      
       _io_perm.c.obj               122    0         0      
       host_device.c.obj            0      0         118    
       fclose.c.obj                 114    0         0      
       fseek.c.obj                  112    0         0      
       hostopen.c.obj               102    0         8      
       hostrename.c.obj             106    0         0      
       fflush.c.obj                 98     0         0      
       hostwrite.c.obj              98     0         0      
       hostread.c.obj               96     0         0      
       exit.c.obj                   74     0         2      
       lsr16.asm.obj                76     0         0      
       close.c.obj                  74     0         0      
       hostclose.c.obj              68     0         0      
       autoinit.c.obj               66     0         0      
       hostunlink.c.obj             64     0         0      
       lsl32.asm.obj                62     0         0      
       fopen.c.obj                  52     0         0      
       lsl16.asm.obj                44     0         0      
       strncpy.c.obj                44     0         0      
       unlink.c.obj                 40     0         0      
       lseek.c.obj                  38     0         0      
       write.c.obj                  36     0         0      
       boot.c.obj                   28     2         0      
       strchr.c.obj                 26     0         0      
       strcmp.c.obj                 24     0         0      
       copy_zero_init.c.obj         20     0         0      
       memchr.c.obj                 20     0         0      
       copy_decompress_none.c.obj   18     0         0      
       memcpy.c.obj                 18     0         0      
       epilog.asm.obj               16     0         0      
       strcpy.c.obj                 16     0         0      
       strlen.c.obj                 14     0         0      
       isr_trap.asm.obj             8      0         0      
       _lock.c.obj                  2      0         4      
       exit_gvars.c.obj             0      0         4      
       pre_init.c.obj               4      0         0      
       errno.c.obj                  0      0         2      
       int00.asm.obj                0      2         0      
       int01.asm.obj                0      2         0      
       int03.asm.obj                0      2         0      
       int04.asm.obj                0      2         0      
       int05.asm.obj                0      2         0      
       int06.asm.obj                0      2         0      
       int08.asm.obj                0      2         0      
       int09.asm.obj                0      2         0      
       int10.asm.obj                0      2         0      
       int11.asm.obj                0      2         0      
       int12.asm.obj                0      2         0      
       int13.asm.obj                0      2         0      
       int14.asm.obj                0      2         0      
       startup.c.obj                2      0         0      
    +--+----------------------------+------+---------+---------+
       Total:                       3632   132       712    
                                                            
       Heap:                        0      0         80     
       Stack:                       0      0         80     
       Linker Generated:            0      87        0      
    +--+----------------------------+------+---------+---------+
       Grand Total:                 4466   773       916    


LINKER GENERATED COPY TABLES

__TI_cinit_table @ 00002552 records: 2, size/record: 4, table size: 8
	.data: load addr=00002502, load size=00000045 bytes, run addr=00000320, run size=00000100 bytes, compression=lzss
	.bss: load addr=0000254e, load size=00000004 bytes, run addr=00000420, run size=000000d4 bytes, compression=zero_init


LINKER GENERATED HANDLER TABLE

__TI_handler_table @ 00002548 records: 3, size/record: 2, table size: 6
	index: 0, handler: __TI_zero_init
	index: 1, handler: __TI_decompress_lzss
	index: 2, handler: __TI_decompress_none


GLOBAL SYMBOLS: SORTED ALPHABETICALLY BY Name 

address   name                           
-------   ----                           
00000046  BTCNT1                         
00000046  BTCNT12                        
00000047  BTCNT2                         
00000040  BTCTL                          
00002264  C$$EXIT                        
00001ff6  C$$IO$$                        
00000059  CACTL1                         
0000005a  CACTL2                         
0000005b  CAPD                           
000001c0  DAC12_0CTL                     
000001c8  DAC12_0DAT                     
000001c2  DAC12_1CTL                     
000001ca  DAC12_1DAT                     
00001dc8  DCO_f_range                    
00000128  FCTL1                          
0000012a  FCTL2                          
0000012c  FCTL3                          
000001be  FCTL4                          
00000053  FLL_CTL0                       
00000054  FLL_CTL1                       
00001cbc  HOSTclose                      
00001512  HOSTlseek                      
0000193c  HOSTopen                       
00001a66  HOSTread                       
0000186a  HOSTrename                     
00001e08  HOSTunlink                     
000019a2  HOSTwrite                      
00000000  IE1                            
00000001  IE2                            
00000002  IFG1                           
00000003  IFG2                           
00000090  LCDACTL                        
000000ac  LCDAPCTL0                      
000000ad  LCDAPCTL1                      
000000ae  LCDAVCTL0                      
000000af  LCDAVCTL1                      
00000091  LCDM1                          
0000009a  LCDM10                         
0000009b  LCDM11                         
0000009c  LCDM12                         
0000009d  LCDM13                         
0000009e  LCDM14                         
0000009f  LCDM15                         
000000a0  LCDM16                         
000000a1  LCDM17                         
000000a2  LCDM18                         
000000a3  LCDM19                         
00000092  LCDM2                          
000000a4  LCDM20                         
00000093  LCDM3                          
00000094  LCDM4                          
00000095  LCDM5                          
00000096  LCDM6                          
00000097  LCDM7                          
00000098  LCDM8                          
00000099  LCDM9                          
00001d44  LFXT1_internal_cap_config      
000020f4  LFXT1_working_mode             
000021ce  LFXT2_disable                  
000000c0  OA0CTL0                        
000000c1  OA0CTL1                        
000000c2  OA1CTL0                        
000000c3  OA1CTL1                        
000000ce  OASWCTL0                       
000000cf  OASWCTL0H                      
000000ce  OASWCTL0L                      
00000022  P1DIR                          
00000025  P1IE                           
00000024  P1IES                          
00000023  P1IFG                          
00000020  P1IN                           
00000021  P1OUT                          
00000026  P1SEL                          
00000057  P1SEL2                         
0000002a  P2DIR                          
0000002d  P2IE                           
0000002c  P2IES                          
0000002b  P2IFG                          
00000028  P2IN                           
00000029  P2OUT                          
0000002e  P2SEL                          
0000001a  P3DIR                          
00000018  P3IN                           
00000019  P3OUT                          
0000001b  P3SEL                          
0000001e  P4DIR                          
0000001c  P4IN                           
0000001d  P4OUT                          
0000001f  P4SEL                          
00000032  P5DIR                          
00000030  P5IN                           
00000031  P5OUT                          
00000033  P5SEL                          
00000036  P6DIR                          
00000034  P6IN                           
00000035  P6OUT                          
00000037  P6SEL                          
00000041  RTCCTL                         
0000004c  RTCDATE                        
0000004c  RTCDAY                         
0000004d  RTCMON                         
00000042  RTCNT1                         
00000043  RTCNT2                         
00000044  RTCNT3                         
00000045  RTCNT4                         
00000042  RTCTIM0                        
00000044  RTCTIM1                        
00000040  RTCTL                          
0000004e  RTCYEAR                        
0000004f  RTCYEARH                       
0000004e  RTCYEARL                       
00000050  SCFI0                          
00000051  SCFI1                          
00000052  SCFQCTL                        
000000b7  SD16AE                         
00000102  SD16CCTL0                      
000000f7  SD16CONF0                      
000000bf  SD16CONF1                      
00000100  SD16CTL                        
000000b0  SD16INCTL0                     
00001efe  SD16ISR                        
00000110  SD16IV                         
00000112  SD16MEM0                       
00000056  SVSCTL                         
00000172  TACCR0                         
00000174  TACCR1                         
00000176  TACCR2                         
00000162  TACCTL0                        
00000164  TACCTL1                        
00000166  TACCTL2                        
00000160  TACTL                          
0000012e  TAIV                           
00000170  TAR                            
00000192  TBCCR0                         
00000194  TBCCR1                         
00000196  TBCCR2                         
00000182  TBCCTL0                        
00000184  TBCCTL1                        
00000186  TBCCTL2                        
00000180  TBCTL                          
0000011e  TBIV                           
00000190  TBR                            
0000005d  UCA0ABCTL                      
00000062  UCA0BR0                        
00000063  UCA0BR1                        
00000060  UCA0CTL0                       
00000061  UCA0CTL1                       
0000005f  UCA0IRRCTL                     
0000005e  UCA0IRTCTL                     
00000064  UCA0MCTL                       
00000066  UCA0RXBUF                      
00000065  UCA0STAT                       
00000067  UCA0TXBUF                      
0000006a  UCB0BR0                        
0000006b  UCB0BR1                        
00000068  UCB0CTL0                       
00000069  UCB0CTL1                       
0000006c  UCB0I2CIE                      
00000118  UCB0I2COA                      
0000011a  UCB0I2CSA                      
0000006e  UCB0RXBUF                      
0000006d  UCB0STAT                       
0000006f  UCB0TXBUF                      
00000120  WDTCTL                         
00000200  _CIOBUF_                       
00000a00  __STACK_END                    
00000050  __STACK_SIZE                   
00000050  __SYSMEM_SIZE                  
00002552  __TI_CINIT_Base                
0000255a  __TI_CINIT_Limit               
0000255a  __TI_CINIT_Warm                
00002548  __TI_Handler_Table_Base        
0000254e  __TI_Handler_Table_Limit       
00002244  __TI_ISR_TRAP                  
00001d86  __TI_auto_init_nobinit_nopinit 
00001f32  __TI_cleanup                   
0000040e  __TI_cleanup_ptr               
00001788  __TI_closefile                 
0000161c  __TI_decompress_lzss           
000021f2  __TI_decompress_none           
00001a04  __TI_doflush                   
00000410  __TI_dtors_ptr                 
0000041c  __TI_enable_exit_profile_output
00000418  __TI_ft_end                    
0000ffe0  __TI_int00                     
0000ffe2  __TI_int01                     
0000ffe6  __TI_int03                     
0000ffe8  __TI_int04                     
0000ffea  __TI_int05                     
0000ffec  __TI_int06                     
0000ffee  __TI_int07                     
0000fff0  __TI_int08                     
0000fff2  __TI_int09                     
0000fff4  __TI_int10                     
0000fff6  __TI_int11                     
0000fff8  __TI_int12                     
0000fffa  __TI_int13                     
0000fffc  __TI_int14                     
ffffffff  __TI_pprof_out_hndl            
ffffffff  __TI_prof_data_size            
ffffffff  __TI_prof_data_start           
00001ffa  __TI_readmsg                   
00000420  __TI_tmpnams                   
00001fcc  __TI_writemsg                  
00001698  __TI_wrt_ok                    
000021a6  __TI_zero_init_nomemset        
ffffffff  __c_args__                     
00002222  __mspabi_func_epilog_1         
00002220  __mspabi_func_epilog_2         
0000221e  __mspabi_func_epilog_3         
0000221c  __mspabi_func_epilog_4         
0000221a  __mspabi_func_epilog_5         
00002218  __mspabi_func_epilog_6         
00002216  __mspabi_func_epilog_7         
00002026  __mspabi_slli                  
0000204e  __mspabi_slli_1                
0000203c  __mspabi_slli_10               
0000203a  __mspabi_slli_11               
00002038  __mspabi_slli_12               
00002036  __mspabi_slli_13               
00002034  __mspabi_slli_14               
00002032  __mspabi_slli_15               
0000204c  __mspabi_slli_2                
0000204a  __mspabi_slli_3                
00002048  __mspabi_slli_4                
00002046  __mspabi_slli_5                
00002044  __mspabi_slli_6                
00002042  __mspabi_slli_7                
00002040  __mspabi_slli_8                
0000203e  __mspabi_slli_9                
00001e80  __mspabi_slll_1                
00001e5c  __mspabi_slll_10               
00001e58  __mspabi_slll_11               
00001e54  __mspabi_slll_12               
00001e50  __mspabi_slll_13               
00001e4c  __mspabi_slll_14               
00001e48  __mspabi_slll_15               
00001e7c  __mspabi_slll_2                
00001e78  __mspabi_slll_3                
00001e74  __mspabi_slll_4                
00001e70  __mspabi_slll_5                
00001e6c  __mspabi_slll_6                
00001e68  __mspabi_slll_7                
00001e64  __mspabi_slll_8                
00001e60  __mspabi_slll_9                
00001c26  __mspabi_srli                  
00001c6c  __mspabi_srli_1                
00001c48  __mspabi_srli_10               
00001c44  __mspabi_srli_11               
00001c40  __mspabi_srli_12               
00001c3c  __mspabi_srli_13               
00001c38  __mspabi_srli_14               
00001c34  __mspabi_srli_15               
00001c68  __mspabi_srli_2                
00001c64  __mspabi_srli_3                
00001c60  __mspabi_srli_4                
00001c5c  __mspabi_srli_5                
00001c58  __mspabi_srli_6                
00001c54  __mspabi_srli_7                
00001c50  __mspabi_srli_8                
00001c4c  __mspabi_srli_9                
0000213c  _c_int00_noargs                
00000398  _device                        
00000320  _ftable                        
00000412  _lock                          
0000226e  _nop                           
0000fffe  _reset_vector                  
000009b0  _stack                         
000003e6  _stream                        
000004f4  _sys_memory                    
00002270  _system_post_cinit             
0000226a  _system_pre_init               
00000414  _unlock                        
00002264  abort                          
00001100  aligned_alloc                  
00001c72  close                          
00001e86  configure_ACLK_N               
0000159a  configure_N_for_MCLK           
000021e0  configure_PINS_for_clk_debug   
00001bd6  configuring_DCO                
0000041a  errno                          
00001d00  exit                           
00001f66  finddevice                     
00001482  fputc                          
000011f6  fputs                          
000012e0  free                           
000017fa  fseek                          
000017fa  fseeko                         
00001b7e  getdevice                      
000020ce  lseek                          
00001ac6  main                           
0000224c  malloc                         
00001100  memalign                       
000021ba  memchr                         
00002204  memcpy                         
000004e8  parmbuf                        
00001712  perror                         
00001482  putc                           
000020a6  remove                         
000004f2  result                         
000004c0  results                        
00001b22  select_operating_mode          
00001ec2  select_reference_MCLK          
00001f9a  select_reference_SMCLK         
000013b2  setvbuf                        
00002254  stop_wd                        
00002174  strchr                         
0000218e  strcmp                         
00002226  strcpy                         
00002236  strlen                         
00002052  strncpy                        
0000225c  toggle_setup                   
000020a6  unlink                         
00002118  write                          


GLOBAL SYMBOLS: SORTED BY Symbol Address 

address   name                           
-------   ----                           
00000000  IE1                            
00000001  IE2                            
00000002  IFG1                           
00000003  IFG2                           
00000018  P3IN                           
00000019  P3OUT                          
0000001a  P3DIR                          
0000001b  P3SEL                          
0000001c  P4IN                           
0000001d  P4OUT                          
0000001e  P4DIR                          
0000001f  P4SEL                          
00000020  P1IN                           
00000021  P1OUT                          
00000022  P1DIR                          
00000023  P1IFG                          
00000024  P1IES                          
00000025  P1IE                           
00000026  P1SEL                          
00000028  P2IN                           
00000029  P2OUT                          
0000002a  P2DIR                          
0000002b  P2IFG                          
0000002c  P2IES                          
0000002d  P2IE                           
0000002e  P2SEL                          
00000030  P5IN                           
00000031  P5OUT                          
00000032  P5DIR                          
00000033  P5SEL                          
00000034  P6IN                           
00000035  P6OUT                          
00000036  P6DIR                          
00000037  P6SEL                          
00000040  BTCTL                          
00000040  RTCTL                          
00000041  RTCCTL                         
00000042  RTCNT1                         
00000042  RTCTIM0                        
00000043  RTCNT2                         
00000044  RTCNT3                         
00000044  RTCTIM1                        
00000045  RTCNT4                         
00000046  BTCNT1                         
00000046  BTCNT12                        
00000047  BTCNT2                         
0000004c  RTCDATE                        
0000004c  RTCDAY                         
0000004d  RTCMON                         
0000004e  RTCYEAR                        
0000004e  RTCYEARL                       
0000004f  RTCYEARH                       
00000050  SCFI0                          
00000050  __STACK_SIZE                   
00000050  __SYSMEM_SIZE                  
00000051  SCFI1                          
00000052  SCFQCTL                        
00000053  FLL_CTL0                       
00000054  FLL_CTL1                       
00000056  SVSCTL                         
00000057  P1SEL2                         
00000059  CACTL1                         
0000005a  CACTL2                         
0000005b  CAPD                           
0000005d  UCA0ABCTL                      
0000005e  UCA0IRTCTL                     
0000005f  UCA0IRRCTL                     
00000060  UCA0CTL0                       
00000061  UCA0CTL1                       
00000062  UCA0BR0                        
00000063  UCA0BR1                        
00000064  UCA0MCTL                       
00000065  UCA0STAT                       
00000066  UCA0RXBUF                      
00000067  UCA0TXBUF                      
00000068  UCB0CTL0                       
00000069  UCB0CTL1                       
0000006a  UCB0BR0                        
0000006b  UCB0BR1                        
0000006c  UCB0I2CIE                      
0000006d  UCB0STAT                       
0000006e  UCB0RXBUF                      
0000006f  UCB0TXBUF                      
00000090  LCDACTL                        
00000091  LCDM1                          
00000092  LCDM2                          
00000093  LCDM3                          
00000094  LCDM4                          
00000095  LCDM5                          
00000096  LCDM6                          
00000097  LCDM7                          
00000098  LCDM8                          
00000099  LCDM9                          
0000009a  LCDM10                         
0000009b  LCDM11                         
0000009c  LCDM12                         
0000009d  LCDM13                         
0000009e  LCDM14                         
0000009f  LCDM15                         
000000a0  LCDM16                         
000000a1  LCDM17                         
000000a2  LCDM18                         
000000a3  LCDM19                         
000000a4  LCDM20                         
000000ac  LCDAPCTL0                      
000000ad  LCDAPCTL1                      
000000ae  LCDAVCTL0                      
000000af  LCDAVCTL1                      
000000b0  SD16INCTL0                     
000000b7  SD16AE                         
000000bf  SD16CONF1                      
000000c0  OA0CTL0                        
000000c1  OA0CTL1                        
000000c2  OA1CTL0                        
000000c3  OA1CTL1                        
000000ce  OASWCTL0                       
000000ce  OASWCTL0L                      
000000cf  OASWCTL0H                      
000000f7  SD16CONF0                      
00000100  SD16CTL                        
00000102  SD16CCTL0                      
00000110  SD16IV                         
00000112  SD16MEM0                       
00000118  UCB0I2COA                      
0000011a  UCB0I2CSA                      
0000011e  TBIV                           
00000120  WDTCTL                         
00000128  FCTL1                          
0000012a  FCTL2                          
0000012c  FCTL3                          
0000012e  TAIV                           
00000160  TACTL                          
00000162  TACCTL0                        
00000164  TACCTL1                        
00000166  TACCTL2                        
00000170  TAR                            
00000172  TACCR0                         
00000174  TACCR1                         
00000176  TACCR2                         
00000180  TBCTL                          
00000182  TBCCTL0                        
00000184  TBCCTL1                        
00000186  TBCCTL2                        
00000190  TBR                            
00000192  TBCCR0                         
00000194  TBCCR1                         
00000196  TBCCR2                         
000001be  FCTL4                          
000001c0  DAC12_0CTL                     
000001c2  DAC12_1CTL                     
000001c8  DAC12_0DAT                     
000001ca  DAC12_1DAT                     
00000200  _CIOBUF_                       
00000320  _ftable                        
00000398  _device                        
000003e6  _stream                        
0000040e  __TI_cleanup_ptr               
00000410  __TI_dtors_ptr                 
00000412  _lock                          
00000414  _unlock                        
00000418  __TI_ft_end                    
0000041a  errno                          
0000041c  __TI_enable_exit_profile_output
00000420  __TI_tmpnams                   
000004c0  results                        
000004e8  parmbuf                        
000004f2  result                         
000004f4  _sys_memory                    
000009b0  _stack                         
00000a00  __STACK_END                    
00001100  aligned_alloc                  
00001100  memalign                       
000011f6  fputs                          
000012e0  free                           
000013b2  setvbuf                        
00001482  fputc                          
00001482  putc                           
00001512  HOSTlseek                      
0000159a  configure_N_for_MCLK           
0000161c  __TI_decompress_lzss           
00001698  __TI_wrt_ok                    
00001712  perror                         
00001788  __TI_closefile                 
000017fa  fseek                          
000017fa  fseeko                         
0000186a  HOSTrename                     
0000193c  HOSTopen                       
000019a2  HOSTwrite                      
00001a04  __TI_doflush                   
00001a66  HOSTread                       
00001ac6  main                           
00001b22  select_operating_mode          
00001b7e  getdevice                      
00001bd6  configuring_DCO                
00001c26  __mspabi_srli                  
00001c34  __mspabi_srli_15               
00001c38  __mspabi_srli_14               
00001c3c  __mspabi_srli_13               
00001c40  __mspabi_srli_12               
00001c44  __mspabi_srli_11               
00001c48  __mspabi_srli_10               
00001c4c  __mspabi_srli_9                
00001c50  __mspabi_srli_8                
00001c54  __mspabi_srli_7                
00001c58  __mspabi_srli_6                
00001c5c  __mspabi_srli_5                
00001c60  __mspabi_srli_4                
00001c64  __mspabi_srli_3                
00001c68  __mspabi_srli_2                
00001c6c  __mspabi_srli_1                
00001c72  close                          
00001cbc  HOSTclose                      
00001d00  exit                           
00001d44  LFXT1_internal_cap_config      
00001d86  __TI_auto_init_nobinit_nopinit 
00001dc8  DCO_f_range                    
00001e08  HOSTunlink                     
00001e48  __mspabi_slll_15               
00001e4c  __mspabi_slll_14               
00001e50  __mspabi_slll_13               
00001e54  __mspabi_slll_12               
00001e58  __mspabi_slll_11               
00001e5c  __mspabi_slll_10               
00001e60  __mspabi_slll_9                
00001e64  __mspabi_slll_8                
00001e68  __mspabi_slll_7                
00001e6c  __mspabi_slll_6                
00001e70  __mspabi_slll_5                
00001e74  __mspabi_slll_4                
00001e78  __mspabi_slll_3                
00001e7c  __mspabi_slll_2                
00001e80  __mspabi_slll_1                
00001e86  configure_ACLK_N               
00001ec2  select_reference_MCLK          
00001efe  SD16ISR                        
00001f32  __TI_cleanup                   
00001f66  finddevice                     
00001f9a  select_reference_SMCLK         
00001fcc  __TI_writemsg                  
00001ff6  C$$IO$$                        
00001ffa  __TI_readmsg                   
00002026  __mspabi_slli                  
00002032  __mspabi_slli_15               
00002034  __mspabi_slli_14               
00002036  __mspabi_slli_13               
00002038  __mspabi_slli_12               
0000203a  __mspabi_slli_11               
0000203c  __mspabi_slli_10               
0000203e  __mspabi_slli_9                
00002040  __mspabi_slli_8                
00002042  __mspabi_slli_7                
00002044  __mspabi_slli_6                
00002046  __mspabi_slli_5                
00002048  __mspabi_slli_4                
0000204a  __mspabi_slli_3                
0000204c  __mspabi_slli_2                
0000204e  __mspabi_slli_1                
00002052  strncpy                        
000020a6  remove                         
000020a6  unlink                         
000020ce  lseek                          
000020f4  LFXT1_working_mode             
00002118  write                          
0000213c  _c_int00_noargs                
00002174  strchr                         
0000218e  strcmp                         
000021a6  __TI_zero_init_nomemset        
000021ba  memchr                         
000021ce  LFXT2_disable                  
000021e0  configure_PINS_for_clk_debug   
000021f2  __TI_decompress_none           
00002204  memcpy                         
00002216  __mspabi_func_epilog_7         
00002218  __mspabi_func_epilog_6         
0000221a  __mspabi_func_epilog_5         
0000221c  __mspabi_func_epilog_4         
0000221e  __mspabi_func_epilog_3         
00002220  __mspabi_func_epilog_2         
00002222  __mspabi_func_epilog_1         
00002226  strcpy                         
00002236  strlen                         
00002244  __TI_ISR_TRAP                  
0000224c  malloc                         
00002254  stop_wd                        
0000225c  toggle_setup                   
00002264  C$$EXIT                        
00002264  abort                          
0000226a  _system_pre_init               
0000226e  _nop                           
00002270  _system_post_cinit             
00002548  __TI_Handler_Table_Base        
0000254e  __TI_Handler_Table_Limit       
00002552  __TI_CINIT_Base                
0000255a  __TI_CINIT_Limit               
0000255a  __TI_CINIT_Warm                
0000ffe0  __TI_int00                     
0000ffe2  __TI_int01                     
0000ffe6  __TI_int03                     
0000ffe8  __TI_int04                     
0000ffea  __TI_int05                     
0000ffec  __TI_int06                     
0000ffee  __TI_int07                     
0000fff0  __TI_int08                     
0000fff2  __TI_int09                     
0000fff4  __TI_int10                     
0000fff6  __TI_int11                     
0000fff8  __TI_int12                     
0000fffa  __TI_int13                     
0000fffc  __TI_int14                     
0000fffe  _reset_vector                  
ffffffff  __TI_pprof_out_hndl            
ffffffff  __TI_prof_data_size            
ffffffff  __TI_prof_data_start           
ffffffff  __c_args__                     

[314 symbols]
