<?xml version="1.0" encoding="ISO-8859-1" ?>
<link_info>
   <banner>MSP430 Linker PC v21.6.1.LTS</banner>
   <copyright>Copyright (c) 2003-2018 Texas Instruments Incorporated</copyright>
   <link_time>0x679a08f8</link_time>
   <link_errors>0x0</link_errors>
   <output_file>desarrollo.c.out</output_file>
   <entry_point>
      <name>_c_int00_noargs</name>
      <address>0x213c</address>
   </entry_point>
   <input_file_list>
      <input_file id="fl-2">
         <path>.\function_tests\</path>
         <kind>object</kind>
         <file>main.obj</file>
         <name>main.obj</name>
      </input_file>
      <input_file id="fl-3">
         <path>.\functions\</path>
         <kind>object</kind>
         <file>FLL.obj</file>
         <name>FLL.obj</name>
      </input_file>
      <input_file id="fl-4">
         <path>.\functions\</path>
         <kind>object</kind>
         <file>SD16_A.obj</file>
         <name>SD16_A.obj</name>
      </input_file>
      <input_file id="fl-5">
         <path>.\functions\</path>
         <kind>object</kind>
         <file>USCI.obj</file>
         <name>USCI.obj</name>
      </input_file>
      <input_file id="fl-6">
         <path>.\functions\</path>
         <kind>object</kind>
         <file>general_functions.obj</file>
         <name>general_functions.obj</name>
      </input_file>
      <input_file id="fl-7">
         <path>.\functions\</path>
         <kind>object</kind>
         <file>system_config.obj</file>
         <name>system_config.obj</name>
      </input_file>
      <input_file id="fl-8">
         <path>.\functions\</path>
         <kind>object</kind>
         <file>toggle_pin.obj</file>
         <name>toggle_pin.obj</name>
      </input_file>
      <input_file id="fl-d">
         <kind>object</kind>
         <file>&lt;internal&gt;</file>
         <name>&lt;internal&gt;</name>
      </input_file>
      <input_file id="fl-23">
         <path>C:\ti\ccs2002\ccs\tools\compiler\ti-cgt-msp430_21.6.1.LTS\lib\</path>
         <kind>archive</kind>
         <file>rts430_eabi.lib</file>
         <name>epilog.asm.obj</name>
      </input_file>
      <input_file id="fl-24">
         <path>C:\ti\ccs2002\ccs\tools\compiler\ti-cgt-msp430_21.6.1.LTS\lib\</path>
         <kind>archive</kind>
         <file>rts430_eabi.lib</file>
         <name>int00.asm.obj</name>
      </input_file>
      <input_file id="fl-25">
         <path>C:\ti\ccs2002\ccs\tools\compiler\ti-cgt-msp430_21.6.1.LTS\lib\</path>
         <kind>archive</kind>
         <file>rts430_eabi.lib</file>
         <name>int01.asm.obj</name>
      </input_file>
      <input_file id="fl-26">
         <path>C:\ti\ccs2002\ccs\tools\compiler\ti-cgt-msp430_21.6.1.LTS\lib\</path>
         <kind>archive</kind>
         <file>rts430_eabi.lib</file>
         <name>int03.asm.obj</name>
      </input_file>
      <input_file id="fl-27">
         <path>C:\ti\ccs2002\ccs\tools\compiler\ti-cgt-msp430_21.6.1.LTS\lib\</path>
         <kind>archive</kind>
         <file>rts430_eabi.lib</file>
         <name>int04.asm.obj</name>
      </input_file>
      <input_file id="fl-28">
         <path>C:\ti\ccs2002\ccs\tools\compiler\ti-cgt-msp430_21.6.1.LTS\lib\</path>
         <kind>archive</kind>
         <file>rts430_eabi.lib</file>
         <name>int05.asm.obj</name>
      </input_file>
      <input_file id="fl-29">
         <path>C:\ti\ccs2002\ccs\tools\compiler\ti-cgt-msp430_21.6.1.LTS\lib\</path>
         <kind>archive</kind>
         <file>rts430_eabi.lib</file>
         <name>int06.asm.obj</name>
      </input_file>
      <input_file id="fl-2a">
         <path>C:\ti\ccs2002\ccs\tools\compiler\ti-cgt-msp430_21.6.1.LTS\lib\</path>
         <kind>archive</kind>
         <file>rts430_eabi.lib</file>
         <name>int08.asm.obj</name>
      </input_file>
      <input_file id="fl-2b">
         <path>C:\ti\ccs2002\ccs\tools\compiler\ti-cgt-msp430_21.6.1.LTS\lib\</path>
         <kind>archive</kind>
         <file>rts430_eabi.lib</file>
         <name>int09.asm.obj</name>
      </input_file>
      <input_file id="fl-2c">
         <path>C:\ti\ccs2002\ccs\tools\compiler\ti-cgt-msp430_21.6.1.LTS\lib\</path>
         <kind>archive</kind>
         <file>rts430_eabi.lib</file>
         <name>int10.asm.obj</name>
      </input_file>
      <input_file id="fl-2d">
         <path>C:\ti\ccs2002\ccs\tools\compiler\ti-cgt-msp430_21.6.1.LTS\lib\</path>
         <kind>archive</kind>
         <file>rts430_eabi.lib</file>
         <name>int11.asm.obj</name>
      </input_file>
      <input_file id="fl-2e">
         <path>C:\ti\ccs2002\ccs\tools\compiler\ti-cgt-msp430_21.6.1.LTS\lib\</path>
         <kind>archive</kind>
         <file>rts430_eabi.lib</file>
         <name>int12.asm.obj</name>
      </input_file>
      <input_file id="fl-2f">
         <path>C:\ti\ccs2002\ccs\tools\compiler\ti-cgt-msp430_21.6.1.LTS\lib\</path>
         <kind>archive</kind>
         <file>rts430_eabi.lib</file>
         <name>int13.asm.obj</name>
      </input_file>
      <input_file id="fl-30">
         <path>C:\ti\ccs2002\ccs\tools\compiler\ti-cgt-msp430_21.6.1.LTS\lib\</path>
         <kind>archive</kind>
         <file>rts430_eabi.lib</file>
         <name>int14.asm.obj</name>
      </input_file>
      <input_file id="fl-31">
         <path>C:\ti\ccs2002\ccs\tools\compiler\ti-cgt-msp430_21.6.1.LTS\lib\</path>
         <kind>archive</kind>
         <file>rts430_eabi.lib</file>
         <name>isr_trap.asm.obj</name>
      </input_file>
      <input_file id="fl-32">
         <path>C:\ti\ccs2002\ccs\tools\compiler\ti-cgt-msp430_21.6.1.LTS\lib\</path>
         <kind>archive</kind>
         <file>rts430_eabi.lib</file>
         <name>boot.c.obj</name>
      </input_file>
      <input_file id="fl-33">
         <path>C:\ti\ccs2002\ccs\tools\compiler\ti-cgt-msp430_21.6.1.LTS\lib\</path>
         <kind>archive</kind>
         <file>rts430_eabi.lib</file>
         <name>autoinit.c.obj</name>
      </input_file>
      <input_file id="fl-34">
         <path>C:\ti\ccs2002\ccs\tools\compiler\ti-cgt-msp430_21.6.1.LTS\lib\</path>
         <kind>archive</kind>
         <file>rts430_eabi.lib</file>
         <name>copy_zero_init.c.obj</name>
      </input_file>
      <input_file id="fl-35">
         <path>C:\ti\ccs2002\ccs\tools\compiler\ti-cgt-msp430_21.6.1.LTS\lib\</path>
         <kind>archive</kind>
         <file>rts430_eabi.lib</file>
         <name>cpy_tbl.c.obj</name>
      </input_file>
      <input_file id="fl-36">
         <path>C:\ti\ccs2002\ccs\tools\compiler\ti-cgt-msp430_21.6.1.LTS\lib\</path>
         <kind>archive</kind>
         <file>rts430_eabi.lib</file>
         <name>mpu_init.c.obj</name>
      </input_file>
      <input_file id="fl-37">
         <path>C:\ti\ccs2002\ccs\tools\compiler\ti-cgt-msp430_21.6.1.LTS\lib\</path>
         <kind>archive</kind>
         <file>rts430_eabi.lib</file>
         <name>pre_init.c.obj</name>
      </input_file>
      <input_file id="fl-38">
         <path>C:\ti\ccs2002\ccs\tools\compiler\ti-cgt-msp430_21.6.1.LTS\lib\</path>
         <kind>archive</kind>
         <file>rts430_eabi.lib</file>
         <name>startup.c.obj</name>
      </input_file>
      <input_file id="fl-39">
         <path>C:\ti\ccs2002\ccs\tools\compiler\ti-cgt-msp430_21.6.1.LTS\lib\</path>
         <kind>archive</kind>
         <file>rts430_eabi.lib</file>
         <name>copy_decompress_none.c.obj</name>
      </input_file>
      <input_file id="fl-3a">
         <path>C:\ti\ccs2002\ccs\tools\compiler\ti-cgt-msp430_21.6.1.LTS\lib\</path>
         <kind>archive</kind>
         <file>rts430_eabi.lib</file>
         <name>copy_decompress_lzss.c.obj</name>
      </input_file>
      <input_file id="fl-3b">
         <path>C:\ti\ccs2002\ccs\tools\compiler\ti-cgt-msp430_21.6.1.LTS\lib\</path>
         <kind>archive</kind>
         <file>rts430_eabi.lib</file>
         <name>exit.c.obj</name>
      </input_file>
      <input_file id="fl-3c">
         <path>C:\ti\ccs2002\ccs\tools\compiler\ti-cgt-msp430_21.6.1.LTS\lib\</path>
         <kind>archive</kind>
         <file>rts430_eabi.lib</file>
         <name>_lock.c.obj</name>
      </input_file>
      <input_file id="fl-3d">
         <path>C:\ti\ccs2002\ccs\tools\compiler\ti-cgt-msp430_21.6.1.LTS\lib\</path>
         <kind>archive</kind>
         <file>rts430_eabi.lib</file>
         <name>args_main.c.obj</name>
      </input_file>
      <input_file id="fl-3e">
         <path>C:\ti\ccs2002\ccs\tools\compiler\ti-cgt-msp430_21.6.1.LTS\lib\</path>
         <kind>archive</kind>
         <file>rts430_eabi.lib</file>
         <name>memcpy.c.obj</name>
      </input_file>
      <input_file id="fl-3f">
         <path>C:\ti\ccs2002\ccs\tools\compiler\ti-cgt-msp430_21.6.1.LTS\lib\</path>
         <kind>archive</kind>
         <file>rts430_eabi.lib</file>
         <name>perror.c.obj</name>
      </input_file>
      <input_file id="fl-40">
         <path>C:\ti\ccs2002\ccs\tools\compiler\ti-cgt-msp430_21.6.1.LTS\lib\</path>
         <kind>archive</kind>
         <file>rts430_eabi.lib</file>
         <name>errno.c.obj</name>
      </input_file>
      <input_file id="fl-41">
         <path>C:\ti\ccs2002\ccs\tools\compiler\ti-cgt-msp430_21.6.1.LTS\lib\</path>
         <kind>archive</kind>
         <file>rts430_eabi.lib</file>
         <name>fputc.c.obj</name>
      </input_file>
      <input_file id="fl-42">
         <path>C:\ti\ccs2002\ccs\tools\compiler\ti-cgt-msp430_21.6.1.LTS\lib\</path>
         <kind>archive</kind>
         <file>rts430_eabi.lib</file>
         <name>fputs.c.obj</name>
      </input_file>
      <input_file id="fl-43">
         <path>C:\ti\ccs2002\ccs\tools\compiler\ti-cgt-msp430_21.6.1.LTS\lib\</path>
         <kind>archive</kind>
         <file>rts430_eabi.lib</file>
         <name>_io_perm.c.obj</name>
      </input_file>
      <input_file id="fl-44">
         <path>C:\ti\ccs2002\ccs\tools\compiler\ti-cgt-msp430_21.6.1.LTS\lib\</path>
         <kind>archive</kind>
         <file>rts430_eabi.lib</file>
         <name>setvbuf.c.obj</name>
      </input_file>
      <input_file id="fl-45">
         <path>C:\ti\ccs2002\ccs\tools\compiler\ti-cgt-msp430_21.6.1.LTS\lib\</path>
         <kind>archive</kind>
         <file>rts430_eabi.lib</file>
         <name>lsl16.asm.obj</name>
      </input_file>
      <input_file id="fl-46">
         <path>C:\ti\ccs2002\ccs\tools\compiler\ti-cgt-msp430_21.6.1.LTS\lib\</path>
         <kind>archive</kind>
         <file>rts430_eabi.lib</file>
         <name>lsr16.asm.obj</name>
      </input_file>
      <input_file id="fl-47">
         <path>C:\ti\ccs2002\ccs\tools\compiler\ti-cgt-msp430_21.6.1.LTS\lib\</path>
         <kind>archive</kind>
         <file>rts430_eabi.lib</file>
         <name>mult16.asm.obj</name>
      </input_file>
      <input_file id="fl-48">
         <path>C:\ti\ccs2002\ccs\tools\compiler\ti-cgt-msp430_21.6.1.LTS\lib\</path>
         <kind>archive</kind>
         <file>rts430_eabi.lib</file>
         <name>exit_gvars.c.obj</name>
      </input_file>
      <input_file id="fl-49">
         <path>C:\ti\ccs2002\ccs\tools\compiler\ti-cgt-msp430_21.6.1.LTS\lib\</path>
         <kind>archive</kind>
         <file>rts430_eabi.lib</file>
         <name>defs.c.obj</name>
      </input_file>
      <input_file id="fl-4a">
         <path>C:\ti\ccs2002\ccs\tools\compiler\ti-cgt-msp430_21.6.1.LTS\lib\</path>
         <kind>archive</kind>
         <file>rts430_eabi.lib</file>
         <name>memchr.c.obj</name>
      </input_file>
      <input_file id="fl-4b">
         <path>C:\ti\ccs2002\ccs\tools\compiler\ti-cgt-msp430_21.6.1.LTS\lib\</path>
         <kind>archive</kind>
         <file>rts430_eabi.lib</file>
         <name>memory.c.obj</name>
      </input_file>
      <input_file id="fl-4c">
         <path>C:\ti\ccs2002\ccs\tools\compiler\ti-cgt-msp430_21.6.1.LTS\lib\</path>
         <kind>archive</kind>
         <file>rts430_eabi.lib</file>
         <name>memset.c.obj</name>
      </input_file>
      <input_file id="fl-4d">
         <path>C:\ti\ccs2002\ccs\tools\compiler\ti-cgt-msp430_21.6.1.LTS\lib\</path>
         <kind>archive</kind>
         <file>rts430_eabi.lib</file>
         <name>strlen.c.obj</name>
      </input_file>
      <input_file id="fl-4e">
         <path>C:\ti\ccs2002\ccs\tools\compiler\ti-cgt-msp430_21.6.1.LTS\lib\</path>
         <kind>archive</kind>
         <file>rts430_eabi.lib</file>
         <name>write.c.obj</name>
      </input_file>
      <input_file id="fl-4f">
         <path>C:\ti\ccs2002\ccs\tools\compiler\ti-cgt-msp430_21.6.1.LTS\lib\</path>
         <kind>archive</kind>
         <file>rts430_eabi.lib</file>
         <name>host_device.c.obj</name>
      </input_file>
      <input_file id="fl-50">
         <path>C:\ti\ccs2002\ccs\tools\compiler\ti-cgt-msp430_21.6.1.LTS\lib\</path>
         <kind>archive</kind>
         <file>rts430_eabi.lib</file>
         <name>fflush.c.obj</name>
      </input_file>
      <input_file id="fl-51">
         <path>C:\ti\ccs2002\ccs\tools\compiler\ti-cgt-msp430_21.6.1.LTS\lib\</path>
         <kind>archive</kind>
         <file>rts430_eabi.lib</file>
         <name>fopen.c.obj</name>
      </input_file>
      <input_file id="fl-52">
         <path>C:\ti\ccs2002\ccs\tools\compiler\ti-cgt-msp430_21.6.1.LTS\lib\</path>
         <kind>archive</kind>
         <file>rts430_eabi.lib</file>
         <name>fseek.c.obj</name>
      </input_file>
      <input_file id="fl-53">
         <path>C:\ti\ccs2002\ccs\tools\compiler\ti-cgt-msp430_21.6.1.LTS\lib\</path>
         <kind>archive</kind>
         <file>rts430_eabi.lib</file>
         <name>div16u.asm.obj</name>
      </input_file>
      <input_file id="fl-54">
         <path>C:\ti\ccs2002\ccs\tools\compiler\ti-cgt-msp430_21.6.1.LTS\lib\</path>
         <kind>archive</kind>
         <file>rts430_eabi.lib</file>
         <name>hostclose.c.obj</name>
      </input_file>
      <input_file id="fl-55">
         <path>C:\ti\ccs2002\ccs\tools\compiler\ti-cgt-msp430_21.6.1.LTS\lib\</path>
         <kind>archive</kind>
         <file>rts430_eabi.lib</file>
         <name>hostlseek.c.obj</name>
      </input_file>
      <input_file id="fl-56">
         <path>C:\ti\ccs2002\ccs\tools\compiler\ti-cgt-msp430_21.6.1.LTS\lib\</path>
         <kind>archive</kind>
         <file>rts430_eabi.lib</file>
         <name>hostopen.c.obj</name>
      </input_file>
      <input_file id="fl-57">
         <path>C:\ti\ccs2002\ccs\tools\compiler\ti-cgt-msp430_21.6.1.LTS\lib\</path>
         <kind>archive</kind>
         <file>rts430_eabi.lib</file>
         <name>hostread.c.obj</name>
      </input_file>
      <input_file id="fl-58">
         <path>C:\ti\ccs2002\ccs\tools\compiler\ti-cgt-msp430_21.6.1.LTS\lib\</path>
         <kind>archive</kind>
         <file>rts430_eabi.lib</file>
         <name>hostrename.c.obj</name>
      </input_file>
      <input_file id="fl-59">
         <path>C:\ti\ccs2002\ccs\tools\compiler\ti-cgt-msp430_21.6.1.LTS\lib\</path>
         <kind>archive</kind>
         <file>rts430_eabi.lib</file>
         <name>hostunlink.c.obj</name>
      </input_file>
      <input_file id="fl-5a">
         <path>C:\ti\ccs2002\ccs\tools\compiler\ti-cgt-msp430_21.6.1.LTS\lib\</path>
         <kind>archive</kind>
         <file>rts430_eabi.lib</file>
         <name>hostwrite.c.obj</name>
      </input_file>
      <input_file id="fl-5b">
         <path>C:\ti\ccs2002\ccs\tools\compiler\ti-cgt-msp430_21.6.1.LTS\lib\</path>
         <kind>archive</kind>
         <file>rts430_eabi.lib</file>
         <name>trgmsg.c.obj</name>
      </input_file>
      <input_file id="fl-5c">
         <path>C:\ti\ccs2002\ccs\tools\compiler\ti-cgt-msp430_21.6.1.LTS\lib\</path>
         <kind>archive</kind>
         <file>rts430_eabi.lib</file>
         <name>open.c.obj</name>
      </input_file>
      <input_file id="fl-5d">
         <path>C:\ti\ccs2002\ccs\tools\compiler\ti-cgt-msp430_21.6.1.LTS\lib\</path>
         <kind>archive</kind>
         <file>rts430_eabi.lib</file>
         <name>lseek.c.obj</name>
      </input_file>
      <input_file id="fl-5e">
         <path>C:\ti\ccs2002\ccs\tools\compiler\ti-cgt-msp430_21.6.1.LTS\lib\</path>
         <kind>archive</kind>
         <file>rts430_eabi.lib</file>
         <name>fclose.c.obj</name>
      </input_file>
      <input_file id="fl-5f">
         <path>C:\ti\ccs2002\ccs\tools\compiler\ti-cgt-msp430_21.6.1.LTS\lib\</path>
         <kind>archive</kind>
         <file>rts430_eabi.lib</file>
         <name>getdevice.c.obj</name>
      </input_file>
      <input_file id="fl-60">
         <path>C:\ti\ccs2002\ccs\tools\compiler\ti-cgt-msp430_21.6.1.LTS\lib\</path>
         <kind>archive</kind>
         <file>rts430_eabi.lib</file>
         <name>lsl32.asm.obj</name>
      </input_file>
      <input_file id="fl-61">
         <path>C:\ti\ccs2002\ccs\tools\compiler\ti-cgt-msp430_21.6.1.LTS\lib\</path>
         <kind>archive</kind>
         <file>rts430_eabi.lib</file>
         <name>strchr.c.obj</name>
      </input_file>
      <input_file id="fl-62">
         <path>C:\ti\ccs2002\ccs\tools\compiler\ti-cgt-msp430_21.6.1.LTS\lib\</path>
         <kind>archive</kind>
         <file>rts430_eabi.lib</file>
         <name>strcmp.c.obj</name>
      </input_file>
      <input_file id="fl-63">
         <path>C:\ti\ccs2002\ccs\tools\compiler\ti-cgt-msp430_21.6.1.LTS\lib\</path>
         <kind>archive</kind>
         <file>rts430_eabi.lib</file>
         <name>strcpy.c.obj</name>
      </input_file>
      <input_file id="fl-64">
         <path>C:\ti\ccs2002\ccs\tools\compiler\ti-cgt-msp430_21.6.1.LTS\lib\</path>
         <kind>archive</kind>
         <file>rts430_eabi.lib</file>
         <name>strncpy.c.obj</name>
      </input_file>
      <input_file id="fl-65">
         <path>C:\ti\ccs2002\ccs\tools\compiler\ti-cgt-msp430_21.6.1.LTS\lib\</path>
         <kind>archive</kind>
         <file>rts430_eabi.lib</file>
         <name>remove.c.obj</name>
      </input_file>
      <input_file id="fl-66">
         <path>C:\ti\ccs2002\ccs\tools\compiler\ti-cgt-msp430_21.6.1.LTS\lib\</path>
         <kind>archive</kind>
         <file>rts430_eabi.lib</file>
         <name>close.c.obj</name>
      </input_file>
      <input_file id="fl-67">
         <path>C:\ti\ccs2002\ccs\tools\compiler\ti-cgt-msp430_21.6.1.LTS\lib\</path>
         <kind>archive</kind>
         <file>rts430_eabi.lib</file>
         <name>unlink.c.obj</name>
      </input_file>
   </input_file_list>
   <object_component_list>
      <object_component id="oc-3d8">
         <name>.bss</name>
         <uninitialized>true</uninitialized>
         <run_address>0x4f0</run_address>
         <size>0x2</size>
         <input_file_ref idref="fl-4b"/>
      </object_component>
      <object_component id="oc-178">
         <name>.common:result</name>
         <uninitialized>true</uninitialized>
         <run_address>0x4f2</run_address>
         <size>0x2</size>
      </object_component>
      <object_component id="oc-17c">
         <name>.common:results</name>
         <uninitialized>true</uninitialized>
         <run_address>0x4c0</run_address>
         <size>0x28</size>
      </object_component>
      <object_component id="oc-3ed">
         <name>.common:__TI_tmpnams</name>
         <uninitialized>true</uninitialized>
         <run_address>0x420</run_address>
         <size>0xa0</size>
      </object_component>
      <object_component id="oc-3f8">
         <name>.common:parmbuf</name>
         <uninitialized>true</uninitialized>
         <run_address>0x4e8</run_address>
         <size>0x8</size>
      </object_component>
      <object_component id="oc-17b">
         <name>.data</name>
         <load_address>0x416</load_address>
         <run_address>0x416</run_address>
         <size>0x2</size>
         <input_file_ref idref="fl-2"/>
      </object_component>
      <object_component id="oc-275">
         <name>.data</name>
         <load_address>0x41c</load_address>
         <run_address>0x41c</run_address>
         <size>0x2</size>
         <input_file_ref idref="fl-3b"/>
      </object_component>
      <object_component id="oc-278">
         <name>.data:_lock</name>
         <load_address>0x412</load_address>
         <run_address>0x412</run_address>
         <size>0x2</size>
         <input_file_ref idref="fl-3c"/>
      </object_component>
      <object_component id="oc-281">
         <name>.data:_unlock</name>
         <load_address>0x414</load_address>
         <run_address>0x414</run_address>
         <size>0x2</size>
         <input_file_ref idref="fl-3c"/>
      </object_component>
      <object_component id="oc-2b1">
         <name>.data</name>
         <load_address>0x41a</load_address>
         <run_address>0x41a</run_address>
         <size>0x2</size>
         <input_file_ref idref="fl-40"/>
      </object_component>
      <object_component id="oc-27e">
         <name>.data:__TI_cleanup_ptr</name>
         <load_address>0x40e</load_address>
         <run_address>0x40e</run_address>
         <size>0x2</size>
         <input_file_ref idref="fl-48"/>
      </object_component>
      <object_component id="oc-27b">
         <name>.data:__TI_dtors_ptr</name>
         <load_address>0x410</load_address>
         <run_address>0x410</run_address>
         <size>0x2</size>
         <input_file_ref idref="fl-48"/>
      </object_component>
      <object_component id="oc-2a7">
         <name>.data:_ftable</name>
         <load_address>0x320</load_address>
         <run_address>0x320</run_address>
         <size>0x78</size>
         <input_file_ref idref="fl-49"/>
      </object_component>
      <object_component id="oc-3a2">
         <name>.data</name>
         <load_address>0x418</load_address>
         <run_address>0x418</run_address>
         <size>0x2</size>
         <input_file_ref idref="fl-49"/>
      </object_component>
      <object_component id="oc-3dd">
         <name>.data</name>
         <load_address>0x41e</load_address>
         <run_address>0x41e</run_address>
         <size>0x2</size>
         <input_file_ref idref="fl-4b"/>
      </object_component>
      <object_component id="oc-372">
         <name>.data:_device</name>
         <load_address>0x398</load_address>
         <run_address>0x398</run_address>
         <size>0x4e</size>
         <input_file_ref idref="fl-4f"/>
      </object_component>
      <object_component id="oc-33b">
         <name>.data:_stream</name>
         <load_address>0x3e6</load_address>
         <run_address>0x3e6</run_address>
         <size>0x28</size>
         <input_file_ref idref="fl-4f"/>
      </object_component>
      <object_component id="oc-ea">
         <name>.sysmem</name>
         <uninitialized>true</uninitialized>
         <run_address>0x4f4</run_address>
         <size>0x8</size>
         <input_file_ref idref="fl-4b"/>
      </object_component>
      <object_component id="oc-4c7">
         <name>.sysmem</name>
         <uninitialized>true</uninitialized>
         <run_address>0x4f4</run_address>
         <size>0x0</size>
      </object_component>
      <object_component id="oc-e6">
         <name>.stack</name>
         <uninitialized>true</uninitialized>
         <run_address>0x9b0</run_address>
         <size>0x2</size>
         <input_file_ref idref="fl-32"/>
      </object_component>
      <object_component id="oc-4c6">
         <name>.stack</name>
         <uninitialized>true</uninitialized>
         <run_address>0x9b0</run_address>
         <size>0x0</size>
      </object_component>
      <object_component id="oc-395">
         <name>.text:aligned_alloc</name>
         <load_address>0x1100</load_address>
         <run_address>0x1100</run_address>
         <size>0xf6</size>
         <input_file_ref idref="fl-4b"/>
      </object_component>
      <object_component id="oc-2aa">
         <name>.text:fputs</name>
         <load_address>0x11f6</load_address>
         <run_address>0x11f6</run_address>
         <size>0xea</size>
         <input_file_ref idref="fl-42"/>
      </object_component>
      <object_component id="oc-351">
         <name>.text:free</name>
         <load_address>0x12e0</load_address>
         <run_address>0x12e0</run_address>
         <size>0xd2</size>
         <input_file_ref idref="fl-4b"/>
      </object_component>
      <object_component id="oc-32d">
         <name>.text:setvbuf</name>
         <load_address>0x13b2</load_address>
         <run_address>0x13b2</run_address>
         <size>0xd0</size>
         <input_file_ref idref="fl-44"/>
      </object_component>
      <object_component id="oc-2b4">
         <name>.text:fputc</name>
         <load_address>0x1482</load_address>
         <run_address>0x1482</run_address>
         <size>0x90</size>
         <input_file_ref idref="fl-41"/>
      </object_component>
      <object_component id="oc-3c0">
         <name>.text:HOSTlseek</name>
         <load_address>0x1512</load_address>
         <run_address>0x1512</run_address>
         <size>0x88</size>
         <input_file_ref idref="fl-55"/>
      </object_component>
      <object_component id="oc-1fc">
         <name>.text:configure_N_for_MCLK</name>
         <load_address>0x159a</load_address>
         <run_address>0x159a</run_address>
         <size>0x82</size>
         <input_file_ref idref="fl-3"/>
      </object_component>
      <object_component id="oc-34">
         <name>.text:decompress:lzss:__TI_decompress_lzss</name>
         <load_address>0x161c</load_address>
         <run_address>0x161c</run_address>
         <size>0x7c</size>
         <input_file_ref idref="fl-3a"/>
      </object_component>
      <object_component id="oc-2ed">
         <name>.text:__TI_wrt_ok</name>
         <load_address>0x1698</load_address>
         <run_address>0x1698</run_address>
         <size>0x7a</size>
         <input_file_ref idref="fl-43"/>
      </object_component>
      <object_component id="oc-263">
         <name>.text:perror</name>
         <load_address>0x1712</load_address>
         <run_address>0x1712</run_address>
         <size>0x76</size>
         <input_file_ref idref="fl-3f"/>
      </object_component>
      <object_component id="oc-39c">
         <name>.text:__TI_closefile</name>
         <load_address>0x1788</load_address>
         <run_address>0x1788</run_address>
         <size>0x72</size>
         <input_file_ref idref="fl-5e"/>
      </object_component>
      <object_component id="oc-327">
         <name>.text:fseeko</name>
         <load_address>0x17fa</load_address>
         <run_address>0x17fa</run_address>
         <size>0x70</size>
         <input_file_ref idref="fl-52"/>
      </object_component>
      <object_component id="oc-3cc">
         <name>.text:HOSTrename</name>
         <load_address>0x186a</load_address>
         <run_address>0x186a</run_address>
         <size>0x6a</size>
         <input_file_ref idref="fl-58"/>
      </object_component>
      <object_component id="oc-3e0">
         <name>.text:split</name>
         <load_address>0x18d4</load_address>
         <run_address>0x18d4</run_address>
         <size>0x68</size>
         <input_file_ref idref="fl-4b"/>
      </object_component>
      <object_component id="oc-3a8">
         <name>.text:HOSTopen</name>
         <load_address>0x193c</load_address>
         <run_address>0x193c</run_address>
         <size>0x66</size>
         <input_file_ref idref="fl-56"/>
      </object_component>
      <object_component id="oc-3ba">
         <name>.text:HOSTwrite</name>
         <load_address>0x19a2</load_address>
         <run_address>0x19a2</run_address>
         <size>0x62</size>
         <input_file_ref idref="fl-5a"/>
      </object_component>
      <object_component id="oc-2ff">
         <name>.text:__TI_doflush</name>
         <load_address>0x1a04</load_address>
         <run_address>0x1a04</run_address>
         <size>0x62</size>
         <input_file_ref idref="fl-50"/>
      </object_component>
      <object_component id="oc-3b4">
         <name>.text:HOSTread</name>
         <load_address>0x1a66</load_address>
         <run_address>0x1a66</run_address>
         <size>0x60</size>
         <input_file_ref idref="fl-57"/>
      </object_component>
      <object_component id="oc-191">
         <name>.text:main</name>
         <load_address>0x1ac6</load_address>
         <run_address>0x1ac6</run_address>
         <size>0x5c</size>
         <input_file_ref idref="fl-2"/>
      </object_component>
      <object_component id="oc-1de">
         <name>.text:select_operating_mode</name>
         <load_address>0x1b22</load_address>
         <run_address>0x1b22</run_address>
         <size>0x5c</size>
         <input_file_ref idref="fl-7"/>
      </object_component>
      <object_component id="oc-426">
         <name>.text:getdevice</name>
         <load_address>0x1b7e</load_address>
         <run_address>0x1b7e</run_address>
         <size>0x58</size>
         <input_file_ref idref="fl-5f"/>
      </object_component>
      <object_component id="oc-1f6">
         <name>.text:configuring_DCO</name>
         <load_address>0x1bd6</load_address>
         <run_address>0x1bd6</run_address>
         <size>0x50</size>
         <input_file_ref idref="fl-3"/>
      </object_component>
      <object_component id="oc-f2">
         <name>.text</name>
         <load_address>0x1c26</load_address>
         <run_address>0x1c26</run_address>
         <size>0x4c</size>
         <input_file_ref idref="fl-46"/>
      </object_component>
      <object_component id="oc-3e7">
         <name>.text:close</name>
         <load_address>0x1c72</load_address>
         <run_address>0x1c72</run_address>
         <size>0x4a</size>
         <input_file_ref idref="fl-66"/>
      </object_component>
      <object_component id="oc-3ae">
         <name>.text:HOSTclose</name>
         <load_address>0x1cbc</load_address>
         <run_address>0x1cbc</run_address>
         <size>0x44</size>
         <input_file_ref idref="fl-54"/>
      </object_component>
      <object_component id="oc-221">
         <name>.text:exit</name>
         <load_address>0x1d00</load_address>
         <run_address>0x1d00</run_address>
         <size>0x44</size>
         <input_file_ref idref="fl-3b"/>
      </object_component>
      <object_component id="oc-208">
         <name>.text:LFXT1_internal_cap_config</name>
         <load_address>0x1d44</load_address>
         <run_address>0x1d44</run_address>
         <size>0x42</size>
         <input_file_ref idref="fl-3"/>
      </object_component>
      <object_component id="oc-227">
         <name>.text:__TI_auto_init_nobinit_nopinit:__TI_auto_init_nobinit_nopinit</name>
         <load_address>0x1d86</load_address>
         <run_address>0x1d86</run_address>
         <size>0x42</size>
         <input_file_ref idref="fl-33"/>
      </object_component>
      <object_component id="oc-1f0">
         <name>.text:DCO_f_range</name>
         <load_address>0x1dc8</load_address>
         <run_address>0x1dc8</run_address>
         <size>0x40</size>
         <input_file_ref idref="fl-3"/>
      </object_component>
      <object_component id="oc-3c6">
         <name>.text:HOSTunlink</name>
         <load_address>0x1e08</load_address>
         <run_address>0x1e08</run_address>
         <size>0x40</size>
         <input_file_ref idref="fl-59"/>
      </object_component>
      <object_component id="oc-40e">
         <name>.text:l_lsl_const</name>
         <load_address>0x1e48</load_address>
         <run_address>0x1e48</run_address>
         <size>0x3e</size>
         <input_file_ref idref="fl-60"/>
      </object_component>
      <object_component id="oc-20e">
         <name>.text:configure_ACLK_N</name>
         <load_address>0x1e86</load_address>
         <run_address>0x1e86</run_address>
         <size>0x3c</size>
         <input_file_ref idref="fl-3"/>
      </object_component>
      <object_component id="oc-1e4">
         <name>.text:select_reference_MCLK</name>
         <load_address>0x1ec2</load_address>
         <run_address>0x1ec2</run_address>
         <size>0x3c</size>
         <input_file_ref idref="fl-3"/>
      </object_component>
      <object_component id="oc-119">
         <name>.text:SD16ISR</name>
         <load_address>0x1efe</load_address>
         <run_address>0x1efe</run_address>
         <size>0x34</size>
         <input_file_ref idref="fl-2"/>
      </object_component>
      <object_component id="oc-35d">
         <name>.text:__TI_cleanup</name>
         <load_address>0x1f32</load_address>
         <run_address>0x1f32</run_address>
         <size>0x34</size>
         <input_file_ref idref="fl-51"/>
      </object_component>
      <object_component id="oc-455">
         <name>.text:finddevice</name>
         <load_address>0x1f66</load_address>
         <run_address>0x1f66</run_address>
         <size>0x34</size>
         <input_file_ref idref="fl-5f"/>
      </object_component>
      <object_component id="oc-1ea">
         <name>.text:select_reference_SMCLK</name>
         <load_address>0x1f9a</load_address>
         <run_address>0x1f9a</run_address>
         <size>0x32</size>
         <input_file_ref idref="fl-3"/>
      </object_component>
      <object_component id="oc-3fb">
         <name>.text:__TI_writemsg</name>
         <load_address>0x1fcc</load_address>
         <run_address>0x1fcc</run_address>
         <size>0x2e</size>
         <input_file_ref idref="fl-5b"/>
      </object_component>
      <object_component id="oc-401">
         <name>.text:__TI_readmsg</name>
         <load_address>0x1ffa</load_address>
         <run_address>0x1ffa</run_address>
         <size>0x2c</size>
         <input_file_ref idref="fl-5b"/>
      </object_component>
      <object_component id="oc-ed">
         <name>.text</name>
         <load_address>0x2026</load_address>
         <run_address>0x2026</run_address>
         <size>0x2c</size>
         <input_file_ref idref="fl-45"/>
      </object_component>
      <object_component id="oc-44f">
         <name>.text:strncpy</name>
         <load_address>0x2052</load_address>
         <run_address>0x2052</run_address>
         <size>0x2c</size>
         <input_file_ref idref="fl-64"/>
      </object_component>
      <object_component id="oc-38e">
         <name>.text:free_list_insert</name>
         <load_address>0x207e</load_address>
         <run_address>0x207e</run_address>
         <size>0x28</size>
         <input_file_ref idref="fl-4b"/>
      </object_component>
      <object_component id="oc-3ee">
         <name>.text:unlink</name>
         <load_address>0x20a6</load_address>
         <run_address>0x20a6</run_address>
         <size>0x28</size>
         <input_file_ref idref="fl-67"/>
      </object_component>
      <object_component id="oc-344">
         <name>.text:lseek</name>
         <load_address>0x20ce</load_address>
         <run_address>0x20ce</run_address>
         <size>0x26</size>
         <input_file_ref idref="fl-5d"/>
      </object_component>
      <object_component id="oc-202">
         <name>.text:LFXT1_working_mode</name>
         <load_address>0x20f4</load_address>
         <run_address>0x20f4</run_address>
         <size>0x24</size>
         <input_file_ref idref="fl-3"/>
      </object_component>
      <object_component id="oc-305">
         <name>.text:write</name>
         <load_address>0x2118</load_address>
         <run_address>0x2118</run_address>
         <size>0x24</size>
         <input_file_ref idref="fl-4e"/>
      </object_component>
      <object_component id="oc-131">
         <name>.text:_c_int00_noargs</name>
         <load_address>0x213c</load_address>
         <run_address>0x213c</run_address>
         <size>0x1c</size>
         <input_file_ref idref="fl-32"/>
      </object_component>
      <object_component id="oc-388">
         <name>.text:free_list_remove</name>
         <load_address>0x2158</load_address>
         <run_address>0x2158</run_address>
         <size>0x1c</size>
         <input_file_ref idref="fl-4b"/>
      </object_component>
      <object_component id="oc-449">
         <name>.text:strchr</name>
         <load_address>0x2174</load_address>
         <run_address>0x2174</run_address>
         <size>0x1a</size>
         <input_file_ref idref="fl-61"/>
      </object_component>
      <object_component id="oc-46e">
         <name>.text:strcmp</name>
         <load_address>0x218e</load_address>
         <run_address>0x218e</run_address>
         <size>0x18</size>
         <input_file_ref idref="fl-62"/>
      </object_component>
      <object_component id="oc-11f">
         <name>.text:decompress:ZI:__TI_zero_init_nomemset:__TI_zero_init_nomemset</name>
         <load_address>0x21a6</load_address>
         <run_address>0x21a6</run_address>
         <size>0x14</size>
         <input_file_ref idref="fl-34"/>
      </object_component>
      <object_component id="oc-2f9">
         <name>.text:memchr</name>
         <load_address>0x21ba</load_address>
         <run_address>0x21ba</run_address>
         <size>0x14</size>
         <input_file_ref idref="fl-4a"/>
      </object_component>
      <object_component id="oc-214">
         <name>.text:LFXT2_disable</name>
         <load_address>0x21ce</load_address>
         <run_address>0x21ce</run_address>
         <size>0x12</size>
         <input_file_ref idref="fl-3"/>
      </object_component>
      <object_component id="oc-1d2">
         <name>.text:configure_PINS_for_clk_debug</name>
         <load_address>0x21e0</load_address>
         <run_address>0x21e0</run_address>
         <size>0x12</size>
         <input_file_ref idref="fl-3"/>
      </object_component>
      <object_component id="oc-3a">
         <name>.text:decompress:none:__TI_decompress_none</name>
         <load_address>0x21f2</load_address>
         <run_address>0x21f2</run_address>
         <size>0x12</size>
         <input_file_ref idref="fl-39"/>
      </object_component>
      <object_component id="oc-107">
         <name>.text:memcpy</name>
         <load_address>0x2204</load_address>
         <run_address>0x2204</run_address>
         <size>0x12</size>
         <input_file_ref idref="fl-3e"/>
      </object_component>
      <object_component id="oc-f7">
         <name>.text</name>
         <load_address>0x2216</load_address>
         <run_address>0x2216</run_address>
         <size>0x10</size>
         <input_file_ref idref="fl-23"/>
      </object_component>
      <object_component id="oc-417">
         <name>.text:strcpy</name>
         <load_address>0x2226</load_address>
         <run_address>0x2226</run_address>
         <size>0x10</size>
         <input_file_ref idref="fl-63"/>
      </object_component>
      <object_component id="oc-2f3">
         <name>.text:strlen</name>
         <load_address>0x2236</load_address>
         <run_address>0x2236</run_address>
         <size>0xe</size>
         <input_file_ref idref="fl-4d"/>
      </object_component>
      <object_component id="oc-114">
         <name>.text:_isr:__TI_ISR_TRAP</name>
         <load_address>0x2244</load_address>
         <run_address>0x2244</run_address>
         <size>0x8</size>
         <input_file_ref idref="fl-31"/>
      </object_component>
      <object_component id="oc-357">
         <name>.text:malloc</name>
         <load_address>0x224c</load_address>
         <run_address>0x224c</run_address>
         <size>0x8</size>
         <input_file_ref idref="fl-4b"/>
      </object_component>
      <object_component id="oc-1cc">
         <name>.text:stop_wd</name>
         <load_address>0x2254</load_address>
         <run_address>0x2254</run_address>
         <size>0x8</size>
         <input_file_ref idref="fl-6"/>
      </object_component>
      <object_component id="oc-1d8">
         <name>.text:toggle_setup</name>
         <load_address>0x225c</load_address>
         <run_address>0x225c</run_address>
         <size>0x8</size>
         <input_file_ref idref="fl-6"/>
      </object_component>
      <object_component id="oc-21b">
         <name>.text:abort</name>
         <load_address>0x2264</load_address>
         <run_address>0x2264</run_address>
         <size>0x6</size>
         <input_file_ref idref="fl-3b"/>
      </object_component>
      <object_component id="oc-18b">
         <name>.text:_system_pre_init</name>
         <load_address>0x226a</load_address>
         <run_address>0x226a</run_address>
         <size>0x4</size>
         <input_file_ref idref="fl-37"/>
      </object_component>
      <object_component id="oc-2be">
         <name>.text:_nop</name>
         <load_address>0x226e</load_address>
         <run_address>0x226e</run_address>
         <size>0x2</size>
         <input_file_ref idref="fl-3c"/>
      </object_component>
      <object_component id="oc-286">
         <name>.text:_system_post_cinit</name>
         <load_address>0x2270</load_address>
         <run_address>0x2270</run_address>
         <size>0x2</size>
         <input_file_ref idref="fl-38"/>
      </object_component>
      <object_component id="oc-4c5">
         <name>.cinit..data.load</name>
         <load_address>0x2502</load_address>
         <run_address>0x2502</run_address>
         <size>0x45</size>
      </object_component>
      <object_component id="oc-4c2">
         <name>__TI_handler_table</name>
         <load_address>0x2548</load_address>
         <run_address>0x2548</run_address>
         <size>0x6</size>
      </object_component>
      <object_component id="oc-4c4">
         <name>.cinit..bss.load</name>
         <load_address>0x254e</load_address>
         <run_address>0x254e</run_address>
         <size>0x4</size>
      </object_component>
      <object_component id="oc-4c3">
         <name>__TI_cinit_table</name>
         <load_address>0x2552</load_address>
         <run_address>0x2552</run_address>
         <size>0x8</size>
      </object_component>
      <object_component id="oc-26a">
         <name>.const:.string</name>
         <load_address>0x2272</load_address>
         <run_address>0x2272</run_address>
         <size>0x1c8</size>
         <input_file_ref idref="fl-3"/>
      </object_component>
      <object_component id="oc-2b0">
         <name>.const:.string</name>
         <load_address>0x243a</load_address>
         <run_address>0x243a</run_address>
         <size>0x68</size>
         <input_file_ref idref="fl-3f"/>
      </object_component>
      <object_component id="oc-262">
         <name>.const:.string</name>
         <load_address>0x24a2</load_address>
         <run_address>0x24a2</run_address>
         <size>0x60</size>
         <input_file_ref idref="fl-7"/>
      </object_component>
      <object_component id="oc-432">
         <name>.cio</name>
         <uninitialized>true</uninitialized>
         <run_address>0x200</run_address>
         <size>0x120</size>
         <input_file_ref idref="fl-5b"/>
      </object_component>
      <object_component id="oc-485">
         <name>.binit</name>
         <load_address>0x1100</load_address>
         <run_address>0x1100</run_address>
         <size>0x0</size>
      </object_component>
      <object_component id="oc-40">
         <name>.int00</name>
         <load_address>0xffe0</load_address>
         <run_address>0xffe0</run_address>
         <size>0x2</size>
         <input_file_ref idref="fl-24"/>
      </object_component>
      <object_component id="oc-41">
         <name>.int01</name>
         <load_address>0xffe2</load_address>
         <run_address>0xffe2</run_address>
         <size>0x2</size>
         <input_file_ref idref="fl-25"/>
      </object_component>
      <object_component id="oc-42">
         <name>.int03</name>
         <load_address>0xffe6</load_address>
         <run_address>0xffe6</run_address>
         <size>0x2</size>
         <input_file_ref idref="fl-26"/>
      </object_component>
      <object_component id="oc-43">
         <name>.int04</name>
         <load_address>0xffe8</load_address>
         <run_address>0xffe8</run_address>
         <size>0x2</size>
         <input_file_ref idref="fl-27"/>
      </object_component>
      <object_component id="oc-44">
         <name>.int05</name>
         <load_address>0xffea</load_address>
         <run_address>0xffea</run_address>
         <size>0x2</size>
         <input_file_ref idref="fl-28"/>
      </object_component>
      <object_component id="oc-45">
         <name>.int06</name>
         <load_address>0xffec</load_address>
         <run_address>0xffec</run_address>
         <size>0x2</size>
         <input_file_ref idref="fl-29"/>
      </object_component>
      <object_component id="oc-46">
         <name>.int07</name>
         <load_address>0xffee</load_address>
         <run_address>0xffee</run_address>
         <size>0x2</size>
         <input_file_ref idref="fl-2"/>
      </object_component>
      <object_component id="oc-47">
         <name>.int08</name>
         <load_address>0xfff0</load_address>
         <run_address>0xfff0</run_address>
         <size>0x2</size>
         <input_file_ref idref="fl-2a"/>
      </object_component>
      <object_component id="oc-48">
         <name>.int09</name>
         <load_address>0xfff2</load_address>
         <run_address>0xfff2</run_address>
         <size>0x2</size>
         <input_file_ref idref="fl-2b"/>
      </object_component>
      <object_component id="oc-49">
         <name>.int10</name>
         <load_address>0xfff4</load_address>
         <run_address>0xfff4</run_address>
         <size>0x2</size>
         <input_file_ref idref="fl-2c"/>
      </object_component>
      <object_component id="oc-4a">
         <name>.int11</name>
         <load_address>0xfff6</load_address>
         <run_address>0xfff6</run_address>
         <size>0x2</size>
         <input_file_ref idref="fl-2d"/>
      </object_component>
      <object_component id="oc-4b">
         <name>.int12</name>
         <load_address>0xfff8</load_address>
         <run_address>0xfff8</run_address>
         <size>0x2</size>
         <input_file_ref idref="fl-2e"/>
      </object_component>
      <object_component id="oc-4c">
         <name>.int13</name>
         <load_address>0xfffa</load_address>
         <run_address>0xfffa</run_address>
         <size>0x2</size>
         <input_file_ref idref="fl-2f"/>
      </object_component>
      <object_component id="oc-4d">
         <name>.int14</name>
         <load_address>0xfffc</load_address>
         <run_address>0xfffc</run_address>
         <size>0x2</size>
         <input_file_ref idref="fl-30"/>
      </object_component>
      <object_component id="oc-e9">
         <name>.reset</name>
         <load_address>0xfffe</load_address>
         <run_address>0xfffe</run_address>
         <size>0x2</size>
         <input_file_ref idref="fl-32"/>
      </object_component>
      <object_component id="oc-179">
         <name>.debug_info</name>
         <load_address>0x0</load_address>
         <run_address>0x0</run_address>
         <size>0x6cf</size>
         <input_file_ref idref="fl-2"/>
      </object_component>
      <object_component id="oc-194">
         <name>.debug_info</name>
         <load_address>0x6cf</load_address>
         <run_address>0x6cf</run_address>
         <size>0x38a</size>
         <input_file_ref idref="fl-2"/>
      </object_component>
      <object_component id="oc-11a">
         <name>.debug_info</name>
         <load_address>0xa59</load_address>
         <run_address>0xa59</run_address>
         <size>0x144</size>
         <input_file_ref idref="fl-2"/>
      </object_component>
      <object_component id="oc-1c4">
         <name>.debug_info</name>
         <load_address>0xb9d</load_address>
         <run_address>0xb9d</run_address>
         <size>0x26b</size>
         <input_file_ref idref="fl-2"/>
      </object_component>
      <object_component id="oc-17e">
         <name>.debug_info</name>
         <load_address>0xe08</load_address>
         <run_address>0xe08</run_address>
         <size>0x8b</size>
         <input_file_ref idref="fl-2"/>
      </object_component>
      <object_component id="oc-25a">
         <name>.debug_info</name>
         <load_address>0xe93</load_address>
         <run_address>0xe93</run_address>
         <size>0x282</size>
         <input_file_ref idref="fl-2"/>
      </object_component>
      <object_component id="oc-1ec">
         <name>.debug_info</name>
         <load_address>0x1115</load_address>
         <run_address>0x1115</run_address>
         <size>0x188</size>
         <input_file_ref idref="fl-3"/>
      </object_component>
      <object_component id="oc-1e7">
         <name>.debug_info</name>
         <load_address>0x129d</load_address>
         <run_address>0x129d</run_address>
         <size>0x182</size>
         <input_file_ref idref="fl-3"/>
      </object_component>
      <object_component id="oc-1f8">
         <name>.debug_info</name>
         <load_address>0x141f</load_address>
         <run_address>0x141f</run_address>
         <size>0x182</size>
         <input_file_ref idref="fl-3"/>
      </object_component>
      <object_component id="oc-1d3">
         <name>.debug_info</name>
         <load_address>0x15a1</load_address>
         <run_address>0x15a1</run_address>
         <size>0x141</size>
         <input_file_ref idref="fl-3"/>
      </object_component>
      <object_component id="oc-1ff">
         <name>.debug_info</name>
         <load_address>0x16e2</load_address>
         <run_address>0x16e2</run_address>
         <size>0x168</size>
         <input_file_ref idref="fl-3"/>
      </object_component>
      <object_component id="oc-210">
         <name>.debug_info</name>
         <load_address>0x184a</load_address>
         <run_address>0x184a</run_address>
         <size>0x14d</size>
         <input_file_ref idref="fl-3"/>
      </object_component>
      <object_component id="oc-215">
         <name>.debug_info</name>
         <load_address>0x1997</load_address>
         <run_address>0x1997</run_address>
         <size>0x16d</size>
         <input_file_ref idref="fl-3"/>
      </object_component>
      <object_component id="oc-204">
         <name>.debug_info</name>
         <load_address>0x1b04</load_address>
         <run_address>0x1b04</run_address>
         <size>0x1a8</size>
         <input_file_ref idref="fl-3"/>
      </object_component>
      <object_component id="oc-209">
         <name>.debug_info</name>
         <load_address>0x1cac</load_address>
         <run_address>0x1cac</run_address>
         <size>0x16b</size>
         <input_file_ref idref="fl-3"/>
      </object_component>
      <object_component id="oc-1f3">
         <name>.debug_info</name>
         <load_address>0x1e17</load_address>
         <run_address>0x1e17</run_address>
         <size>0x14a</size>
         <input_file_ref idref="fl-3"/>
      </object_component>
      <object_component id="oc-1da">
         <name>.debug_info</name>
         <load_address>0x1f61</load_address>
         <run_address>0x1f61</run_address>
         <size>0x14b</size>
         <input_file_ref idref="fl-6"/>
      </object_component>
      <object_component id="oc-1cf">
         <name>.debug_info</name>
         <load_address>0x20ac</load_address>
         <run_address>0x20ac</run_address>
         <size>0x141</size>
         <input_file_ref idref="fl-6"/>
      </object_component>
      <object_component id="oc-102">
         <name>.debug_info</name>
         <load_address>0x21ed</load_address>
         <run_address>0x21ed</run_address>
         <size>0x84</size>
         <input_file_ref idref="fl-6"/>
      </object_component>
      <object_component id="oc-1e0">
         <name>.debug_info</name>
         <load_address>0x2271</load_address>
         <run_address>0x2271</run_address>
         <size>0x1a4</size>
         <input_file_ref idref="fl-7"/>
      </object_component>
      <object_component id="oc-f9">
         <name>.debug_info</name>
         <load_address>0x2415</load_address>
         <run_address>0x2415</run_address>
         <size>0x12e</size>
         <input_file_ref idref="fl-23"/>
      </object_component>
      <object_component id="oc-115">
         <name>.debug_info</name>
         <load_address>0x2543</load_address>
         <run_address>0x2543</run_address>
         <size>0x10f</size>
         <input_file_ref idref="fl-31"/>
      </object_component>
      <object_component id="oc-e7">
         <name>.debug_info</name>
         <load_address>0x2652</load_address>
         <run_address>0x2652</run_address>
         <size>0x100</size>
         <input_file_ref idref="fl-32"/>
      </object_component>
      <object_component id="oc-134">
         <name>.debug_info</name>
         <load_address>0x2752</load_address>
         <run_address>0x2752</run_address>
         <size>0x17a</size>
         <input_file_ref idref="fl-32"/>
      </object_component>
      <object_component id="oc-28d">
         <name>.debug_info</name>
         <load_address>0x28cc</load_address>
         <run_address>0x28cc</run_address>
         <size>0x3de</size>
         <input_file_ref idref="fl-33"/>
      </object_component>
      <object_component id="oc-228">
         <name>.debug_info</name>
         <load_address>0x2caa</load_address>
         <run_address>0x2caa</run_address>
         <size>0x1e0</size>
         <input_file_ref idref="fl-33"/>
      </object_component>
      <object_component id="oc-2d3">
         <name>.debug_info</name>
         <load_address>0x2e8a</load_address>
         <run_address>0x2e8a</run_address>
         <size>0x39</size>
         <input_file_ref idref="fl-33"/>
      </object_component>
      <object_component id="oc-2e4">
         <name>.debug_info</name>
         <load_address>0x2ec3</load_address>
         <run_address>0x2ec3</run_address>
         <size>0x2c</size>
         <input_file_ref idref="fl-33"/>
      </object_component>
      <object_component id="oc-298">
         <name>.debug_info</name>
         <load_address>0x2eef</load_address>
         <run_address>0x2eef</run_address>
         <size>0x2c</size>
         <input_file_ref idref="fl-33"/>
      </object_component>
      <object_component id="oc-2d8">
         <name>.debug_info</name>
         <load_address>0x2f1b</load_address>
         <run_address>0x2f1b</run_address>
         <size>0xcd</size>
         <input_file_ref idref="fl-33"/>
      </object_component>
      <object_component id="oc-189">
         <name>.debug_info</name>
         <load_address>0x2fe8</load_address>
         <run_address>0x2fe8</run_address>
         <size>0x175</size>
         <input_file_ref idref="fl-34"/>
      </object_component>
      <object_component id="oc-120">
         <name>.debug_info</name>
         <load_address>0x315d</load_address>
         <run_address>0x315d</run_address>
         <size>0x1d2</size>
         <input_file_ref idref="fl-34"/>
      </object_component>
      <object_component id="oc-184">
         <name>.debug_info</name>
         <load_address>0x332f</load_address>
         <run_address>0x332f</run_address>
         <size>0x46</size>
         <input_file_ref idref="fl-34"/>
      </object_component>
      <object_component id="oc-16b">
         <name>.debug_info</name>
         <load_address>0x3375</load_address>
         <run_address>0x3375</run_address>
         <size>0x2c</size>
         <input_file_ref idref="fl-34"/>
      </object_component>
      <object_component id="oc-18c">
         <name>.debug_info</name>
         <load_address>0x33a1</load_address>
         <run_address>0x33a1</run_address>
         <size>0x153</size>
         <input_file_ref idref="fl-37"/>
      </object_component>
      <object_component id="oc-28a">
         <name>.debug_info</name>
         <load_address>0x34f4</load_address>
         <run_address>0x34f4</run_address>
         <size>0x150</size>
         <input_file_ref idref="fl-38"/>
      </object_component>
      <object_component id="oc-113">
         <name>.debug_info</name>
         <load_address>0x3644</load_address>
         <run_address>0x3644</run_address>
         <size>0x180</size>
         <input_file_ref idref="fl-39"/>
      </object_component>
      <object_component id="oc-3c">
         <name>.debug_info</name>
         <load_address>0x37c4</load_address>
         <run_address>0x37c4</run_address>
         <size>0x1ea</size>
         <input_file_ref idref="fl-39"/>
      </object_component>
      <object_component id="oc-10e">
         <name>.debug_info</name>
         <load_address>0x39ae</load_address>
         <run_address>0x39ae</run_address>
         <size>0x46</size>
         <input_file_ref idref="fl-39"/>
      </object_component>
      <object_component id="oc-170">
         <name>.debug_info</name>
         <load_address>0x39f4</load_address>
         <run_address>0x39f4</run_address>
         <size>0x2c</size>
         <input_file_ref idref="fl-39"/>
      </object_component>
      <object_component id="oc-168">
         <name>.debug_info</name>
         <load_address>0x3a20</load_address>
         <run_address>0x3a20</run_address>
         <size>0x176</size>
         <input_file_ref idref="fl-3a"/>
      </object_component>
      <object_component id="oc-38">
         <name>.debug_info</name>
         <load_address>0x3b96</load_address>
         <run_address>0x3b96</run_address>
         <size>0x292</size>
         <input_file_ref idref="fl-3a"/>
      </object_component>
      <object_component id="oc-fd">
         <name>.debug_info</name>
         <load_address>0x3e28</load_address>
         <run_address>0x3e28</run_address>
         <size>0x60</size>
         <input_file_ref idref="fl-3a"/>
      </object_component>
      <object_component id="oc-1b9">
         <name>.debug_info</name>
         <load_address>0x3e88</load_address>
         <run_address>0x3e88</run_address>
         <size>0x46</size>
         <input_file_ref idref="fl-3a"/>
      </object_component>
      <object_component id="oc-163">
         <name>.debug_info</name>
         <load_address>0x3ece</load_address>
         <run_address>0x3ece</run_address>
         <size>0x39</size>
         <input_file_ref idref="fl-3a"/>
      </object_component>
      <object_component id="oc-285">
         <name>.debug_info</name>
         <load_address>0x3f07</load_address>
         <run_address>0x3f07</run_address>
         <size>0x22e</size>
         <input_file_ref idref="fl-3b"/>
      </object_component>
      <object_component id="oc-276">
         <name>.debug_info</name>
         <load_address>0x4135</load_address>
         <run_address>0x4135</run_address>
         <size>0x132</size>
         <input_file_ref idref="fl-3b"/>
      </object_component>
      <object_component id="oc-21e">
         <name>.debug_info</name>
         <load_address>0x4267</load_address>
         <run_address>0x4267</run_address>
         <size>0x122</size>
         <input_file_ref idref="fl-3b"/>
      </object_component>
      <object_component id="oc-224">
         <name>.debug_info</name>
         <load_address>0x4389</load_address>
         <run_address>0x4389</run_address>
         <size>0x197</size>
         <input_file_ref idref="fl-3b"/>
      </object_component>
      <object_component id="oc-2c6">
         <name>.debug_info</name>
         <load_address>0x4520</load_address>
         <run_address>0x4520</run_address>
         <size>0x163</size>
         <input_file_ref idref="fl-3c"/>
      </object_component>
      <object_component id="oc-279">
         <name>.debug_info</name>
         <load_address>0x4683</load_address>
         <run_address>0x4683</run_address>
         <size>0xff</size>
         <input_file_ref idref="fl-3c"/>
      </object_component>
      <object_component id="oc-282">
         <name>.debug_info</name>
         <load_address>0x4782</load_address>
         <run_address>0x4782</run_address>
         <size>0x103</size>
         <input_file_ref idref="fl-3c"/>
      </object_component>
      <object_component id="oc-2bf">
         <name>.debug_info</name>
         <load_address>0x4885</load_address>
         <run_address>0x4885</run_address>
         <size>0x12e</size>
         <input_file_ref idref="fl-3c"/>
      </object_component>
      <object_component id="oc-16a">
         <name>.debug_info</name>
         <load_address>0x49b3</load_address>
         <run_address>0x49b3</run_address>
         <size>0x181</size>
         <input_file_ref idref="fl-3e"/>
      </object_component>
      <object_component id="oc-10b">
         <name>.debug_info</name>
         <load_address>0x4b34</load_address>
         <run_address>0x4b34</run_address>
         <size>0x17a</size>
         <input_file_ref idref="fl-3e"/>
      </object_component>
      <object_component id="oc-2bb">
         <name>.debug_info</name>
         <load_address>0x4cae</load_address>
         <run_address>0x4cae</run_address>
         <size>0x20e</size>
         <input_file_ref idref="fl-3f"/>
      </object_component>
      <object_component id="oc-266">
         <name>.debug_info</name>
         <load_address>0x4ebc</load_address>
         <run_address>0x4ebc</run_address>
         <size>0x18e</size>
         <input_file_ref idref="fl-3f"/>
      </object_component>
      <object_component id="oc-313">
         <name>.debug_info</name>
         <load_address>0x504a</load_address>
         <run_address>0x504a</run_address>
         <size>0xb2</size>
         <input_file_ref idref="fl-3f"/>
      </object_component>
      <object_component id="oc-2b2">
         <name>.debug_info</name>
         <load_address>0x50fc</load_address>
         <run_address>0x50fc</run_address>
         <size>0xfe</size>
         <input_file_ref idref="fl-40"/>
      </object_component>
      <object_component id="oc-310">
         <name>.debug_info</name>
         <load_address>0x51fa</load_address>
         <run_address>0x51fa</run_address>
         <size>0x25b</size>
         <input_file_ref idref="fl-41"/>
      </object_component>
      <object_component id="oc-2b7">
         <name>.debug_info</name>
         <load_address>0x5455</load_address>
         <run_address>0x5455</run_address>
         <size>0x1d0</size>
         <input_file_ref idref="fl-41"/>
      </object_component>
      <object_component id="oc-30c">
         <name>.debug_info</name>
         <load_address>0x5625</load_address>
         <run_address>0x5625</run_address>
         <size>0x2d4</size>
         <input_file_ref idref="fl-42"/>
      </object_component>
      <object_component id="oc-2ab">
         <name>.debug_info</name>
         <load_address>0x58f9</load_address>
         <run_address>0x58f9</run_address>
         <size>0x2c7</size>
         <input_file_ref idref="fl-42"/>
      </object_component>
      <object_component id="oc-334">
         <name>.debug_info</name>
         <load_address>0x5bc0</load_address>
         <run_address>0x5bc0</run_address>
         <size>0x1d8</size>
         <input_file_ref idref="fl-43"/>
      </object_component>
      <object_component id="oc-2ee">
         <name>.debug_info</name>
         <load_address>0x5d98</load_address>
         <run_address>0x5d98</run_address>
         <size>0x196</size>
         <input_file_ref idref="fl-43"/>
      </object_component>
      <object_component id="oc-365">
         <name>.debug_info</name>
         <load_address>0x5f2e</load_address>
         <run_address>0x5f2e</run_address>
         <size>0xbf</size>
         <input_file_ref idref="fl-43"/>
      </object_component>
      <object_component id="oc-364">
         <name>.debug_info</name>
         <load_address>0x5fed</load_address>
         <run_address>0x5fed</run_address>
         <size>0x24c</size>
         <input_file_ref idref="fl-44"/>
      </object_component>
      <object_component id="oc-32e">
         <name>.debug_info</name>
         <load_address>0x6239</load_address>
         <run_address>0x6239</run_address>
         <size>0x1fe</size>
         <input_file_ref idref="fl-44"/>
      </object_component>
      <object_component id="oc-f0">
         <name>.debug_info</name>
         <load_address>0x6437</load_address>
         <run_address>0x6437</run_address>
         <size>0x120</size>
         <input_file_ref idref="fl-45"/>
      </object_component>
      <object_component id="oc-f4">
         <name>.debug_info</name>
         <load_address>0x6557</load_address>
         <run_address>0x6557</run_address>
         <size>0x120</size>
         <input_file_ref idref="fl-46"/>
      </object_component>
      <object_component id="oc-2c9">
         <name>.debug_info</name>
         <load_address>0x6677</load_address>
         <run_address>0x6677</run_address>
         <size>0x103</size>
         <input_file_ref idref="fl-48"/>
      </object_component>
      <object_component id="oc-27f">
         <name>.debug_info</name>
         <load_address>0x677a</load_address>
         <run_address>0x677a</run_address>
         <size>0x11a</size>
         <input_file_ref idref="fl-48"/>
      </object_component>
      <object_component id="oc-27c">
         <name>.debug_info</name>
         <load_address>0x6894</load_address>
         <run_address>0x6894</run_address>
         <size>0x116</size>
         <input_file_ref idref="fl-48"/>
      </object_component>
      <object_component id="oc-2eb">
         <name>.debug_info</name>
         <load_address>0x69aa</load_address>
         <run_address>0x69aa</run_address>
         <size>0x13e</size>
         <input_file_ref idref="fl-49"/>
      </object_component>
      <object_component id="oc-2a8">
         <name>.debug_info</name>
         <load_address>0x6ae8</load_address>
         <run_address>0x6ae8</run_address>
         <size>0x102</size>
         <input_file_ref idref="fl-49"/>
      </object_component>
      <object_component id="oc-3a3">
         <name>.debug_info</name>
         <load_address>0x6bea</load_address>
         <run_address>0x6bea</run_address>
         <size>0x10a</size>
         <input_file_ref idref="fl-49"/>
      </object_component>
      <object_component id="oc-338">
         <name>.debug_info</name>
         <load_address>0x6cf4</load_address>
         <run_address>0x6cf4</run_address>
         <size>0x178</size>
         <input_file_ref idref="fl-4a"/>
      </object_component>
      <object_component id="oc-2fc">
         <name>.debug_info</name>
         <load_address>0x6e6c</load_address>
         <run_address>0x6e6c</run_address>
         <size>0x250</size>
         <input_file_ref idref="fl-4a"/>
      </object_component>
      <object_component id="oc-15f">
         <name>.debug_info</name>
         <load_address>0x70bc</load_address>
         <run_address>0x70bc</run_address>
         <size>0x22a</size>
         <input_file_ref idref="fl-4b"/>
      </object_component>
      <object_component id="oc-eb">
         <name>.debug_info</name>
         <load_address>0x72e6</load_address>
         <run_address>0x72e6</run_address>
         <size>0x10c</size>
         <input_file_ref idref="fl-4b"/>
      </object_component>
      <object_component id="oc-3de">
         <name>.debug_info</name>
         <load_address>0x73f2</load_address>
         <run_address>0x73f2</run_address>
         <size>0x11f</size>
         <input_file_ref idref="fl-4b"/>
      </object_component>
      <object_component id="oc-3d9">
         <name>.debug_info</name>
         <load_address>0x7511</load_address>
         <run_address>0x7511</run_address>
         <size>0x105</size>
         <input_file_ref idref="fl-4b"/>
      </object_component>
      <object_component id="oc-358">
         <name>.debug_info</name>
         <load_address>0x7616</load_address>
         <run_address>0x7616</run_address>
         <size>0x168</size>
         <input_file_ref idref="fl-4b"/>
      </object_component>
      <object_component id="oc-389">
         <name>.debug_info</name>
         <load_address>0x777e</load_address>
         <run_address>0x777e</run_address>
         <size>0x18e</size>
         <input_file_ref idref="fl-4b"/>
      </object_component>
      <object_component id="oc-38f">
         <name>.debug_info</name>
         <load_address>0x790c</load_address>
         <run_address>0x790c</run_address>
         <size>0x19f</size>
         <input_file_ref idref="fl-4b"/>
      </object_component>
      <object_component id="oc-352">
         <name>.debug_info</name>
         <load_address>0x7aab</load_address>
         <run_address>0x7aab</run_address>
         <size>0x203</size>
         <input_file_ref idref="fl-4b"/>
      </object_component>
      <object_component id="oc-3e1">
         <name>.debug_info</name>
         <load_address>0x7cae</load_address>
         <run_address>0x7cae</run_address>
         <size>0x1db</size>
         <input_file_ref idref="fl-4b"/>
      </object_component>
      <object_component id="oc-396">
         <name>.debug_info</name>
         <load_address>0x7e89</load_address>
         <run_address>0x7e89</run_address>
         <size>0x273</size>
         <input_file_ref idref="fl-4b"/>
      </object_component>
      <object_component id="oc-1b4">
         <name>.debug_info</name>
         <load_address>0x80fc</load_address>
         <run_address>0x80fc</run_address>
         <size>0xb2</size>
         <input_file_ref idref="fl-4b"/>
      </object_component>
      <object_component id="oc-1af">
         <name>.debug_info</name>
         <load_address>0x81ae</load_address>
         <run_address>0x81ae</run_address>
         <size>0x2c</size>
         <input_file_ref idref="fl-4b"/>
      </object_component>
      <object_component id="oc-336">
         <name>.debug_info</name>
         <load_address>0x81da</load_address>
         <run_address>0x81da</run_address>
         <size>0x162</size>
         <input_file_ref idref="fl-4d"/>
      </object_component>
      <object_component id="oc-2f6">
         <name>.debug_info</name>
         <load_address>0x833c</load_address>
         <run_address>0x833c</run_address>
         <size>0x230</size>
         <input_file_ref idref="fl-4d"/>
      </object_component>
      <object_component id="oc-33f">
         <name>.debug_info</name>
         <load_address>0x856c</load_address>
         <run_address>0x856c</run_address>
         <size>0x26f</size>
         <input_file_ref idref="fl-4e"/>
      </object_component>
      <object_component id="oc-308">
         <name>.debug_info</name>
         <load_address>0x87db</load_address>
         <run_address>0x87db</run_address>
         <size>0x189</size>
         <input_file_ref idref="fl-4e"/>
      </object_component>
      <object_component id="oc-37a">
         <name>.debug_info</name>
         <load_address>0x8964</load_address>
         <run_address>0x8964</run_address>
         <size>0x120</size>
         <input_file_ref idref="fl-4e"/>
      </object_component>
      <object_component id="oc-37f">
         <name>.debug_info</name>
         <load_address>0x8a84</load_address>
         <run_address>0x8a84</run_address>
         <size>0x2c</size>
         <input_file_ref idref="fl-4e"/>
      </object_component>
      <object_component id="oc-377">
         <name>.debug_info</name>
         <load_address>0x8ab0</load_address>
         <run_address>0x8ab0</run_address>
         <size>0x337</size>
         <input_file_ref idref="fl-4f"/>
      </object_component>
      <object_component id="oc-373">
         <name>.debug_info</name>
         <load_address>0x8de7</load_address>
         <run_address>0x8de7</run_address>
         <size>0x109</size>
         <input_file_ref idref="fl-4f"/>
      </object_component>
      <object_component id="oc-33c">
         <name>.debug_info</name>
         <load_address>0x8ef0</load_address>
         <run_address>0x8ef0</run_address>
         <size>0x109</size>
         <input_file_ref idref="fl-4f"/>
      </object_component>
      <object_component id="oc-33a">
         <name>.debug_info</name>
         <load_address>0x8ff9</load_address>
         <run_address>0x8ff9</run_address>
         <size>0x21f</size>
         <input_file_ref idref="fl-50"/>
      </object_component>
      <object_component id="oc-300">
         <name>.debug_info</name>
         <load_address>0x9218</load_address>
         <run_address>0x9218</run_address>
         <size>0x184</size>
         <input_file_ref idref="fl-50"/>
      </object_component>
      <object_component id="oc-35e">
         <name>.debug_info</name>
         <load_address>0x939c</load_address>
         <run_address>0x939c</run_address>
         <size>0x176</size>
         <input_file_ref idref="fl-51"/>
      </object_component>
      <object_component id="oc-34b">
         <name>.debug_info</name>
         <load_address>0x9512</load_address>
         <run_address>0x9512</run_address>
         <size>0x1fc</size>
         <input_file_ref idref="fl-52"/>
      </object_component>
      <object_component id="oc-329">
         <name>.debug_info</name>
         <load_address>0x970e</load_address>
         <run_address>0x970e</run_address>
         <size>0x1e1</size>
         <input_file_ref idref="fl-52"/>
      </object_component>
      <object_component id="oc-34c">
         <name>.debug_info</name>
         <load_address>0x98ef</load_address>
         <run_address>0x98ef</run_address>
         <size>0xbf</size>
         <input_file_ref idref="fl-52"/>
      </object_component>
      <object_component id="oc-409">
         <name>.debug_info</name>
         <load_address>0x99ae</load_address>
         <run_address>0x99ae</run_address>
         <size>0x24b</size>
         <input_file_ref idref="fl-54"/>
      </object_component>
      <object_component id="oc-3af">
         <name>.debug_info</name>
         <load_address>0x9bf9</load_address>
         <run_address>0x9bf9</run_address>
         <size>0x1bc</size>
         <input_file_ref idref="fl-54"/>
      </object_component>
      <object_component id="oc-414">
         <name>.debug_info</name>
         <load_address>0x9db5</load_address>
         <run_address>0x9db5</run_address>
         <size>0x250</size>
         <input_file_ref idref="fl-55"/>
      </object_component>
      <object_component id="oc-3c3">
         <name>.debug_info</name>
         <load_address>0xa005</load_address>
         <run_address>0xa005</run_address>
         <size>0x226</size>
         <input_file_ref idref="fl-55"/>
      </object_component>
      <object_component id="oc-3f9">
         <name>.debug_info</name>
         <load_address>0xa22b</load_address>
         <run_address>0xa22b</run_address>
         <size>0x27b</size>
         <input_file_ref idref="fl-56"/>
      </object_component>
      <object_component id="oc-3ab">
         <name>.debug_info</name>
         <load_address>0xa4a6</load_address>
         <run_address>0xa4a6</run_address>
         <size>0x20c</size>
         <input_file_ref idref="fl-56"/>
      </object_component>
      <object_component id="oc-40b">
         <name>.debug_info</name>
         <load_address>0xa6b2</load_address>
         <run_address>0xa6b2</run_address>
         <size>0x24f</size>
         <input_file_ref idref="fl-57"/>
      </object_component>
      <object_component id="oc-3b6">
         <name>.debug_info</name>
         <load_address>0xa901</load_address>
         <run_address>0xa901</run_address>
         <size>0x1fb</size>
         <input_file_ref idref="fl-57"/>
      </object_component>
      <object_component id="oc-41e">
         <name>.debug_info</name>
         <load_address>0xaafc</load_address>
         <run_address>0xaafc</run_address>
         <size>0x2ad</size>
         <input_file_ref idref="fl-58"/>
      </object_component>
      <object_component id="oc-3cd">
         <name>.debug_info</name>
         <load_address>0xada9</load_address>
         <run_address>0xada9</run_address>
         <size>0x236</size>
         <input_file_ref idref="fl-58"/>
      </object_component>
      <object_component id="oc-416">
         <name>.debug_info</name>
         <load_address>0xafdf</load_address>
         <run_address>0xafdf</run_address>
         <size>0x26e</size>
         <input_file_ref idref="fl-59"/>
      </object_component>
      <object_component id="oc-3c8">
         <name>.debug_info</name>
         <load_address>0xb24d</load_address>
         <run_address>0xb24d</run_address>
         <size>0x1c6</size>
         <input_file_ref idref="fl-59"/>
      </object_component>
      <object_component id="oc-40d">
         <name>.debug_info</name>
         <load_address>0xb413</load_address>
         <run_address>0xb413</run_address>
         <size>0x250</size>
         <input_file_ref idref="fl-5a"/>
      </object_component>
      <object_component id="oc-3bb">
         <name>.debug_info</name>
         <load_address>0xb663</load_address>
         <run_address>0xb663</run_address>
         <size>0x200</size>
         <input_file_ref idref="fl-5a"/>
      </object_component>
      <object_component id="oc-436">
         <name>.debug_info</name>
         <load_address>0xb863</load_address>
         <run_address>0xb863</run_address>
         <size>0x193</size>
         <input_file_ref idref="fl-5b"/>
      </object_component>
      <object_component id="oc-433">
         <name>.debug_info</name>
         <load_address>0xb9f6</load_address>
         <run_address>0xb9f6</run_address>
         <size>0x106</size>
         <input_file_ref idref="fl-5b"/>
      </object_component>
      <object_component id="oc-3fc">
         <name>.debug_info</name>
         <load_address>0xbafc</load_address>
         <run_address>0xbafc</run_address>
         <size>0x1df</size>
         <input_file_ref idref="fl-5b"/>
      </object_component>
      <object_component id="oc-402">
         <name>.debug_info</name>
         <load_address>0xbcdb</load_address>
         <run_address>0xbcdb</run_address>
         <size>0x19a</size>
         <input_file_ref idref="fl-5b"/>
      </object_component>
      <object_component id="oc-385">
         <name>.debug_info</name>
         <load_address>0xbe75</load_address>
         <run_address>0xbe75</run_address>
         <size>0x26f</size>
         <input_file_ref idref="fl-5d"/>
      </object_component>
      <object_component id="oc-346">
         <name>.debug_info</name>
         <load_address>0xc0e4</load_address>
         <run_address>0xc0e4</run_address>
         <size>0x18f</size>
         <input_file_ref idref="fl-5d"/>
      </object_component>
      <object_component id="oc-3f5">
         <name>.debug_info</name>
         <load_address>0xc273</load_address>
         <run_address>0xc273</run_address>
         <size>0x27d</size>
         <input_file_ref idref="fl-5e"/>
      </object_component>
      <object_component id="oc-39d">
         <name>.debug_info</name>
         <load_address>0xc4f0</load_address>
         <run_address>0xc4f0</run_address>
         <size>0x209</size>
         <input_file_ref idref="fl-5e"/>
      </object_component>
      <object_component id="oc-45c">
         <name>.debug_info</name>
         <load_address>0xc6f9</load_address>
         <run_address>0xc6f9</run_address>
         <size>0x304</size>
         <input_file_ref idref="fl-5f"/>
      </object_component>
      <object_component id="oc-456">
         <name>.debug_info</name>
         <load_address>0xc9fd</load_address>
         <run_address>0xc9fd</run_address>
         <size>0x198</size>
         <input_file_ref idref="fl-5f"/>
      </object_component>
      <object_component id="oc-427">
         <name>.debug_info</name>
         <load_address>0xcb95</load_address>
         <run_address>0xcb95</run_address>
         <size>0x1eb</size>
         <input_file_ref idref="fl-5f"/>
      </object_component>
      <object_component id="oc-45f">
         <name>.debug_info</name>
         <load_address>0xcd80</load_address>
         <run_address>0xcd80</run_address>
         <size>0xea</size>
         <input_file_ref idref="fl-5f"/>
      </object_component>
      <object_component id="oc-477">
         <name>.debug_info</name>
         <load_address>0xce6a</load_address>
[...]
         <object_component_ref idref="oc-f7"/>
      </symbol>
      <symbol id="sm-1b6">
         <name>__mspabi_func_epilog_5</name>
         <value>0x221a</value>
         <object_component_ref idref="oc-f7"/>
      </symbol>
      <symbol id="sm-1b9">
         <name>__TI_int00</name>
         <value>0xffe0</value>
         <object_component_ref idref="oc-40"/>
      </symbol>
      <symbol id="sm-1bc">
         <name>__TI_int01</name>
         <value>0xffe2</value>
         <object_component_ref idref="oc-41"/>
      </symbol>
      <symbol id="sm-1bf">
         <name>__TI_int03</name>
         <value>0xffe6</value>
         <object_component_ref idref="oc-42"/>
      </symbol>
      <symbol id="sm-1c2">
         <name>__TI_int04</name>
         <value>0xffe8</value>
         <object_component_ref idref="oc-43"/>
      </symbol>
      <symbol id="sm-1c5">
         <name>__TI_int05</name>
         <value>0xffea</value>
         <object_component_ref idref="oc-44"/>
      </symbol>
      <symbol id="sm-1c8">
         <name>__TI_int06</name>
         <value>0xffec</value>
         <object_component_ref idref="oc-45"/>
      </symbol>
      <symbol id="sm-1cb">
         <name>__TI_int08</name>
         <value>0xfff0</value>
         <object_component_ref idref="oc-47"/>
      </symbol>
      <symbol id="sm-1ce">
         <name>__TI_int09</name>
         <value>0xfff2</value>
         <object_component_ref idref="oc-48"/>
      </symbol>
      <symbol id="sm-1d1">
         <name>__TI_int10</name>
         <value>0xfff4</value>
         <object_component_ref idref="oc-49"/>
      </symbol>
      <symbol id="sm-1d4">
         <name>__TI_int11</name>
         <value>0xfff6</value>
         <object_component_ref idref="oc-4a"/>
      </symbol>
      <symbol id="sm-1d7">
         <name>__TI_int12</name>
         <value>0xfff8</value>
         <object_component_ref idref="oc-4b"/>
      </symbol>
      <symbol id="sm-1da">
         <name>__TI_int13</name>
         <value>0xfffa</value>
         <object_component_ref idref="oc-4c"/>
      </symbol>
      <symbol id="sm-1dd">
         <name>__TI_int14</name>
         <value>0xfffc</value>
         <object_component_ref idref="oc-4d"/>
      </symbol>
      <symbol id="sm-1e5">
         <name>__TI_ISR_TRAP</name>
         <value>0x2244</value>
         <object_component_ref idref="oc-114"/>
      </symbol>
      <symbol id="sm-1f5">
         <name>_stack</name>
         <value>0x9b0</value>
         <object_component_ref idref="oc-e6"/>
      </symbol>
      <symbol id="sm-1f6">
         <name>_c_int00_noargs</name>
         <value>0x213c</value>
         <object_component_ref idref="oc-131"/>
      </symbol>
      <symbol id="sm-1f7">
         <name>_reset_vector</name>
         <value>0xfffe</value>
         <object_component_ref idref="oc-e9"/>
      </symbol>
      <symbol id="sm-219">
         <name>__TI_auto_init_nobinit_nopinit</name>
         <value>0x1d86</value>
         <object_component_ref idref="oc-227"/>
      </symbol>
      <symbol id="sm-231">
         <name>__TI_zero_init_nomemset</name>
         <value>0x21a6</value>
         <object_component_ref idref="oc-11f"/>
      </symbol>
      <symbol id="sm-23c">
         <name>_system_pre_init</name>
         <value>0x226a</value>
         <object_component_ref idref="oc-18b"/>
      </symbol>
      <symbol id="sm-245">
         <name>_system_post_cinit</name>
         <value>0x2270</value>
         <object_component_ref idref="oc-286"/>
      </symbol>
      <symbol id="sm-25b">
         <name>__TI_decompress_none</name>
         <value>0x21f2</value>
         <object_component_ref idref="oc-3a"/>
      </symbol>
      <symbol id="sm-27e">
         <name>__TI_decompress_lzss</name>
         <value>0x161c</value>
         <object_component_ref idref="oc-34"/>
      </symbol>
      <symbol id="sm-29b">
         <name>C$$EXIT</name>
         <value>0x2264</value>
         <object_component_ref idref="oc-21b"/>
      </symbol>
      <symbol id="sm-29c">
         <name>abort</name>
         <value>0x2264</value>
         <object_component_ref idref="oc-21b"/>
      </symbol>
      <symbol id="sm-29d">
         <name>__TI_enable_exit_profile_output</name>
         <value>0x41c</value>
         <object_component_ref idref="oc-275"/>
      </symbol>
      <symbol id="sm-29e">
         <name>exit</name>
         <value>0x1d00</value>
         <object_component_ref idref="oc-221"/>
      </symbol>
      <symbol id="sm-2b4">
         <name>_nop</name>
         <value>0x226e</value>
         <object_component_ref idref="oc-2be"/>
      </symbol>
      <symbol id="sm-2b5">
         <name>_lock</name>
         <value>0x412</value>
         <object_component_ref idref="oc-278"/>
      </symbol>
      <symbol id="sm-2b6">
         <name>_unlock</name>
         <value>0x414</value>
         <object_component_ref idref="oc-281"/>
      </symbol>
      <symbol id="sm-2c5">
         <name>memcpy</name>
         <value>0x2204</value>
         <object_component_ref idref="oc-107"/>
      </symbol>
      <symbol id="sm-2e5">
         <name>perror</name>
         <value>0x1712</value>
         <object_component_ref idref="oc-263"/>
      </symbol>
      <symbol id="sm-2ec">
         <name>errno</name>
         <value>0x41a</value>
         <object_component_ref idref="oc-2b1"/>
      </symbol>
      <symbol id="sm-2ff">
         <name>putc</name>
         <value>0x1482</value>
         <object_component_ref idref="oc-2b4"/>
      </symbol>
      <symbol id="sm-300">
         <name>fputc</name>
         <value>0x1482</value>
         <object_component_ref idref="oc-2b4"/>
      </symbol>
      <symbol id="sm-318">
         <name>fputs</name>
         <value>0x11f6</value>
         <object_component_ref idref="oc-2aa"/>
      </symbol>
      <symbol id="sm-330">
         <name>__TI_wrt_ok</name>
         <value>0x1698</value>
         <object_component_ref idref="oc-2ed"/>
      </symbol>
      <symbol id="sm-348">
         <name>setvbuf</name>
         <value>0x13b2</value>
         <object_component_ref idref="oc-32d"/>
      </symbol>
      <symbol id="sm-350">
         <name>__mspabi_slli</name>
         <value>0x2026</value>
         <object_component_ref idref="oc-ed"/>
      </symbol>
      <symbol id="sm-351">
         <name>__mspabi_slli_9</name>
         <value>0x203e</value>
         <object_component_ref idref="oc-ed"/>
      </symbol>
      <symbol id="sm-352">
         <name>__mspabi_slli_8</name>
         <value>0x2040</value>
         <object_component_ref idref="oc-ed"/>
      </symbol>
      <symbol id="sm-353">
         <name>__mspabi_slli_7</name>
         <value>0x2042</value>
         <object_component_ref idref="oc-ed"/>
      </symbol>
      <symbol id="sm-354">
         <name>__mspabi_slli_6</name>
         <value>0x2044</value>
         <object_component_ref idref="oc-ed"/>
      </symbol>
      <symbol id="sm-355">
         <name>__mspabi_slli_5</name>
         <value>0x2046</value>
         <object_component_ref idref="oc-ed"/>
      </symbol>
      <symbol id="sm-356">
         <name>__mspabi_slli_4</name>
         <value>0x2048</value>
         <object_component_ref idref="oc-ed"/>
      </symbol>
      <symbol id="sm-357">
         <name>__mspabi_slli_3</name>
         <value>0x204a</value>
         <object_component_ref idref="oc-ed"/>
      </symbol>
      <symbol id="sm-358">
         <name>__mspabi_slli_2</name>
         <value>0x204c</value>
         <object_component_ref idref="oc-ed"/>
      </symbol>
      <symbol id="sm-359">
         <name>__mspabi_slli_1</name>
         <value>0x204e</value>
         <object_component_ref idref="oc-ed"/>
      </symbol>
      <symbol id="sm-35a">
         <name>__mspabi_slli_15</name>
         <value>0x2032</value>
         <object_component_ref idref="oc-ed"/>
      </symbol>
      <symbol id="sm-35b">
         <name>__mspabi_slli_14</name>
         <value>0x2034</value>
         <object_component_ref idref="oc-ed"/>
      </symbol>
      <symbol id="sm-35c">
         <name>__mspabi_slli_13</name>
         <value>0x2036</value>
         <object_component_ref idref="oc-ed"/>
      </symbol>
      <symbol id="sm-35d">
         <name>__mspabi_slli_12</name>
         <value>0x2038</value>
         <object_component_ref idref="oc-ed"/>
      </symbol>
      <symbol id="sm-35e">
         <name>__mspabi_slli_11</name>
         <value>0x203a</value>
         <object_component_ref idref="oc-ed"/>
      </symbol>
      <symbol id="sm-35f">
         <name>__mspabi_slli_10</name>
         <value>0x203c</value>
         <object_component_ref idref="oc-ed"/>
      </symbol>
      <symbol id="sm-367">
         <name>__mspabi_srli_8</name>
         <value>0x1c50</value>
         <object_component_ref idref="oc-f2"/>
      </symbol>
      <symbol id="sm-368">
         <name>__mspabi_srli_9</name>
         <value>0x1c4c</value>
         <object_component_ref idref="oc-f2"/>
      </symbol>
      <symbol id="sm-369">
         <name>__mspabi_srli_6</name>
         <value>0x1c58</value>
         <object_component_ref idref="oc-f2"/>
      </symbol>
      <symbol id="sm-36a">
         <name>__mspabi_srli_7</name>
         <value>0x1c54</value>
         <object_component_ref idref="oc-f2"/>
      </symbol>
      <symbol id="sm-36b">
         <name>__mspabi_srli_4</name>
         <value>0x1c60</value>
         <object_component_ref idref="oc-f2"/>
      </symbol>
      <symbol id="sm-36c">
         <name>__mspabi_srli_5</name>
         <value>0x1c5c</value>
         <object_component_ref idref="oc-f2"/>
      </symbol>
      <symbol id="sm-36d">
         <name>__mspabi_srli_2</name>
         <value>0x1c68</value>
         <object_component_ref idref="oc-f2"/>
      </symbol>
      <symbol id="sm-36e">
         <name>__mspabi_srli_3</name>
         <value>0x1c64</value>
         <object_component_ref idref="oc-f2"/>
      </symbol>
      <symbol id="sm-36f">
         <name>__mspabi_srli_1</name>
         <value>0x1c6c</value>
         <object_component_ref idref="oc-f2"/>
      </symbol>
      <symbol id="sm-370">
         <name>__mspabi_srli</name>
         <value>0x1c26</value>
         <object_component_ref idref="oc-f2"/>
      </symbol>
      <symbol id="sm-371">
         <name>__mspabi_srli_15</name>
         <value>0x1c34</value>
         <object_component_ref idref="oc-f2"/>
      </symbol>
      <symbol id="sm-372">
         <name>__mspabi_srli_14</name>
         <value>0x1c38</value>
         <object_component_ref idref="oc-f2"/>
      </symbol>
      <symbol id="sm-373">
         <name>__mspabi_srli_13</name>
         <value>0x1c3c</value>
         <object_component_ref idref="oc-f2"/>
      </symbol>
      <symbol id="sm-374">
         <name>__mspabi_srli_12</name>
         <value>0x1c40</value>
         <object_component_ref idref="oc-f2"/>
      </symbol>
      <symbol id="sm-375">
         <name>__mspabi_srli_11</name>
         <value>0x1c44</value>
         <object_component_ref idref="oc-f2"/>
      </symbol>
      <symbol id="sm-376">
         <name>__mspabi_srli_10</name>
         <value>0x1c48</value>
         <object_component_ref idref="oc-f2"/>
      </symbol>
      <symbol id="sm-386">
         <name>__TI_dtors_ptr</name>
         <value>0x410</value>
         <object_component_ref idref="oc-27b"/>
      </symbol>
      <symbol id="sm-387">
         <name>__TI_cleanup_ptr</name>
         <value>0x40e</value>
         <object_component_ref idref="oc-27e"/>
      </symbol>
      <symbol id="sm-397">
         <name>__TI_tmpnams</name>
         <value>0x420</value>
      </symbol>
      <symbol id="sm-398">
         <name>_ftable</name>
         <value>0x320</value>
         <object_component_ref idref="oc-2a7"/>
      </symbol>
      <symbol id="sm-399">
         <name>__TI_ft_end</name>
         <value>0x418</value>
         <object_component_ref idref="oc-3a2"/>
      </symbol>
      <symbol id="sm-3a8">
         <name>memchr</name>
         <value>0x21ba</value>
         <object_component_ref idref="oc-2f9"/>
      </symbol>
      <symbol id="sm-426">
         <name>_sys_memory</name>
         <value>0x4f4</value>
         <object_component_ref idref="oc-ea"/>
      </symbol>
      <symbol id="sm-427">
         <name>free</name>
         <value>0x12e0</value>
         <object_component_ref idref="oc-351"/>
      </symbol>
      <symbol id="sm-428">
         <name>memalign</name>
         <value>0x1100</value>
         <object_component_ref idref="oc-395"/>
      </symbol>
      <symbol id="sm-429">
         <name>malloc</name>
         <value>0x224c</value>
         <object_component_ref idref="oc-357"/>
      </symbol>
      <symbol id="sm-42a">
         <name>aligned_alloc</name>
         <value>0x1100</value>
         <object_component_ref idref="oc-395"/>
      </symbol>
      <symbol id="sm-438">
         <name>strlen</name>
         <value>0x2236</value>
         <object_component_ref idref="oc-2f3"/>
      </symbol>
      <symbol id="sm-44f">
         <name>write</name>
         <value>0x2118</value>
         <object_component_ref idref="oc-305"/>
      </symbol>
      <symbol id="sm-45e">
         <name>_stream</name>
         <value>0x3e6</value>
         <object_component_ref idref="oc-33b"/>
      </symbol>
      <symbol id="sm-45f">
         <name>_device</name>
         <value>0x398</value>
         <object_component_ref idref="oc-372"/>
      </symbol>
      <symbol id="sm-470">
         <name>__TI_doflush</name>
         <value>0x1a04</value>
         <object_component_ref idref="oc-2ff"/>
      </symbol>
      <symbol id="sm-47c">
         <name>__TI_cleanup</name>
         <value>0x1f32</value>
         <object_component_ref idref="oc-35d"/>
      </symbol>
      <symbol id="sm-491">
         <name>fseeko</name>
         <value>0x17fa</value>
         <object_component_ref idref="oc-327"/>
      </symbol>
      <symbol id="sm-492">
         <name>fseek</name>
         <value>0x17fa</value>
         <object_component_ref idref="oc-327"/>
      </symbol>
      <symbol id="sm-49f">
         <name>HOSTclose</name>
         <value>0x1cbc</value>
         <object_component_ref idref="oc-3ae"/>
      </symbol>
      <symbol id="sm-4ab">
         <name>HOSTlseek</name>
         <value>0x1512</value>
         <object_component_ref idref="oc-3c0"/>
      </symbol>
      <symbol id="sm-4b9">
         <name>parmbuf</name>
         <value>0x4e8</value>
      </symbol>
      <symbol id="sm-4ba">
         <name>HOSTopen</name>
         <value>0x193c</value>
         <object_component_ref idref="oc-3a8"/>
      </symbol>
      <symbol id="sm-4c7">
         <name>HOSTread</name>
         <value>0x1a66</value>
         <object_component_ref idref="oc-3b4"/>
      </symbol>
      <symbol id="sm-4d3">
         <name>HOSTrename</name>
         <value>0x186a</value>
         <object_component_ref idref="oc-3cc"/>
      </symbol>
      <symbol id="sm-4df">
         <name>HOSTunlink</name>
         <value>0x1e08</value>
         <object_component_ref idref="oc-3c6"/>
      </symbol>
      <symbol id="sm-4ec">
         <name>HOSTwrite</name>
         <value>0x19a2</value>
         <object_component_ref idref="oc-3ba"/>
      </symbol>
      <symbol id="sm-50a">
         <name>__TI_readmsg</name>
         <value>0x1ffa</value>
         <object_component_ref idref="oc-401"/>
      </symbol>
      <symbol id="sm-50b">
         <name>C$$IO$$</name>
         <value>0x1ff6</value>
         <object_component_ref idref="oc-3fb"/>
      </symbol>
      <symbol id="sm-50c">
         <name>_CIOBUF_</name>
         <value>0x200</value>
         <object_component_ref idref="oc-432"/>
      </symbol>
      <symbol id="sm-50d">
         <name>__TI_writemsg</name>
         <value>0x1fcc</value>
         <object_component_ref idref="oc-3fb"/>
      </symbol>
      <symbol id="sm-51b">
         <name>lseek</name>
         <value>0x20ce</value>
         <object_component_ref idref="oc-344"/>
      </symbol>
      <symbol id="sm-52b">
         <name>__TI_closefile</name>
         <value>0x1788</value>
         <object_component_ref idref="oc-39c"/>
      </symbol>
      <symbol id="sm-54e">
         <name>finddevice</name>
         <value>0x1f66</value>
         <object_component_ref idref="oc-455"/>
      </symbol>
      <symbol id="sm-54f">
         <name>getdevice</name>
         <value>0x1b7e</value>
         <object_component_ref idref="oc-426"/>
      </symbol>
      <symbol id="sm-557">
         <name>__mspabi_slll_9</name>
         <value>0x1e60</value>
         <object_component_ref idref="oc-40e"/>
      </symbol>
      <symbol id="sm-558">
         <name>__mspabi_slll_8</name>
         <value>0x1e64</value>
         <object_component_ref idref="oc-40e"/>
      </symbol>
      <symbol id="sm-559">
         <name>__mspabi_slll_7</name>
         <value>0x1e68</value>
         <object_component_ref idref="oc-40e"/>
      </symbol>
      <symbol id="sm-55a">
         <name>__mspabi_slll_6</name>
         <value>0x1e6c</value>
         <object_component_ref idref="oc-40e"/>
      </symbol>
      <symbol id="sm-55b">
         <name>__mspabi_slll_5</name>
         <value>0x1e70</value>
         <object_component_ref idref="oc-40e"/>
      </symbol>
      <symbol id="sm-55c">
         <name>__mspabi_slll_4</name>
         <value>0x1e74</value>
         <object_component_ref idref="oc-40e"/>
      </symbol>
      <symbol id="sm-55d">
         <name>__mspabi_slll_3</name>
         <value>0x1e78</value>
         <object_component_ref idref="oc-40e"/>
      </symbol>
      <symbol id="sm-55e">
         <name>__mspabi_slll_2</name>
         <value>0x1e7c</value>
         <object_component_ref idref="oc-40e"/>
      </symbol>
      <symbol id="sm-55f">
         <name>__mspabi_slll_1</name>
         <value>0x1e80</value>
         <object_component_ref idref="oc-40e"/>
      </symbol>
      <symbol id="sm-560">
         <name>__mspabi_slll_15</name>
         <value>0x1e48</value>
         <object_component_ref idref="oc-40e"/>
      </symbol>
      <symbol id="sm-561">
         <name>__mspabi_slll_14</name>
         <value>0x1e4c</value>
         <object_component_ref idref="oc-40e"/>
      </symbol>
      <symbol id="sm-562">
         <name>__mspabi_slll_13</name>
         <value>0x1e50</value>
         <object_component_ref idref="oc-40e"/>
      </symbol>
      <symbol id="sm-563">
         <name>__mspabi_slll_12</name>
         <value>0x1e54</value>
         <object_component_ref idref="oc-40e"/>
      </symbol>
      <symbol id="sm-564">
         <name>__mspabi_slll_11</name>
         <value>0x1e58</value>
         <object_component_ref idref="oc-40e"/>
      </symbol>
      <symbol id="sm-565">
         <name>__mspabi_slll_10</name>
         <value>0x1e5c</value>
         <object_component_ref idref="oc-40e"/>
      </symbol>
      <symbol id="sm-574">
         <name>strchr</name>
         <value>0x2174</value>
         <object_component_ref idref="oc-449"/>
      </symbol>
      <symbol id="sm-582">
         <name>strcmp</name>
         <value>0x218e</value>
         <object_component_ref idref="oc-46e"/>
      </symbol>
      <symbol id="sm-58f">
         <name>strcpy</name>
         <value>0x2226</value>
         <object_component_ref idref="oc-417"/>
      </symbol>
      <symbol id="sm-59f">
         <name>strncpy</name>
         <value>0x2052</value>
         <object_component_ref idref="oc-44f"/>
      </symbol>
      <symbol id="sm-5b2">
         <name>close</name>
         <value>0x1c72</value>
         <object_component_ref idref="oc-3e7"/>
      </symbol>
      <symbol id="sm-5be">
         <name>unlink</name>
         <value>0x20a6</value>
         <object_component_ref idref="oc-3ee"/>
      </symbol>
      <symbol id="sm-5c0">
         <name>remove</name>
         <value>0x20a6</value>
      </symbol>
   </symbol_table>
   <title>Link successful</title>
</link_info>
