<?xml version="1.0" encoding="ISO-8859-1" ?>
<link_info>
   <banner>MSP430 Linker PC v21.6.1.LTS</banner>
   <copyright>Copyright (c) 2003-2018 Texas Instruments Incorporated</copyright>
   <link_time>0x67979903</link_time>
   <link_errors>0x0</link_errors>
   <output_file>desarrollo.c.out</output_file>
   <entry_point>
      <name>_c_int00_noargs</name>
      <address>0x2430</address>
   </entry_point>
   <input_file_list>
      <input_file id="fl-2">
         <path>.\function_tests\</path>
         <kind>object</kind>
         <file>20_UART_baudrate_selection.obj</file>
         <name>20_UART_baudrate_selection.obj</name>
      </input_file>
      <input_file id="fl-3">
         <path>.\functions\</path>
         <kind>object</kind>
         <file>FLL.obj</file>
         <name>FLL.obj</name>
      </input_file>
      <input_file id="fl-4">
         <path>.\functions\</path>
         <kind>object</kind>
         <file>SD16_A.obj</file>
         <name>SD16_A.obj</name>
      </input_file>
      <input_file id="fl-5">
         <path>.\functions\</path>
         <kind>object</kind>
         <file>USCI.obj</file>
         <name>USCI.obj</name>
      </input_file>
      <input_file id="fl-6">
         <path>.\functions\</path>
         <kind>object</kind>
         <file>general_functions.obj</file>
         <name>general_functions.obj</name>
      </input_file>
      <input_file id="fl-7">
         <path>.\functions\</path>
         <kind>object</kind>
         <file>system_config.obj</file>
         <name>system_config.obj</name>
      </input_file>
      <input_file id="fl-8">
         <path>.\functions\</path>
         <kind>object</kind>
         <file>toggle_pin.obj</file>
         <name>toggle_pin.obj</name>
      </input_file>
      <input_file id="fl-d">
         <kind>object</kind>
         <file>&lt;internal&gt;</file>
         <name>&lt;internal&gt;</name>
      </input_file>
      <input_file id="fl-23">
         <path>C:\ti\ccs2002\ccs\tools\compiler\ti-cgt-msp430_21.6.1.LTS\lib\</path>
         <kind>archive</kind>
         <file>rts430_eabi.lib</file>
         <name>epilog.asm.obj</name>
      </input_file>
      <input_file id="fl-24">
         <path>C:\ti\ccs2002\ccs\tools\compiler\ti-cgt-msp430_21.6.1.LTS\lib\</path>
         <kind>archive</kind>
         <file>rts430_eabi.lib</file>
         <name>int00.asm.obj</name>
      </input_file>
      <input_file id="fl-25">
         <path>C:\ti\ccs2002\ccs\tools\compiler\ti-cgt-msp430_21.6.1.LTS\lib\</path>
         <kind>archive</kind>
         <file>rts430_eabi.lib</file>
         <name>int01.asm.obj</name>
      </input_file>
      <input_file id="fl-26">
         <path>C:\ti\ccs2002\ccs\tools\compiler\ti-cgt-msp430_21.6.1.LTS\lib\</path>
         <kind>archive</kind>
         <file>rts430_eabi.lib</file>
         <name>int03.asm.obj</name>
      </input_file>
      <input_file id="fl-27">
         <path>C:\ti\ccs2002\ccs\tools\compiler\ti-cgt-msp430_21.6.1.LTS\lib\</path>
         <kind>archive</kind>
         <file>rts430_eabi.lib</file>
         <name>int04.asm.obj</name>
      </input_file>
      <input_file id="fl-28">
         <path>C:\ti\ccs2002\ccs\tools\compiler\ti-cgt-msp430_21.6.1.LTS\lib\</path>
         <kind>archive</kind>
         <file>rts430_eabi.lib</file>
         <name>int05.asm.obj</name>
      </input_file>
      <input_file id="fl-29">
         <path>C:\ti\ccs2002\ccs\tools\compiler\ti-cgt-msp430_21.6.1.LTS\lib\</path>
         <kind>archive</kind>
         <file>rts430_eabi.lib</file>
         <name>int06.asm.obj</name>
      </input_file>
      <input_file id="fl-2a">
         <path>C:\ti\ccs2002\ccs\tools\compiler\ti-cgt-msp430_21.6.1.LTS\lib\</path>
         <kind>archive</kind>
         <file>rts430_eabi.lib</file>
         <name>int07.asm.obj</name>
      </input_file>
      <input_file id="fl-2b">
         <path>C:\ti\ccs2002\ccs\tools\compiler\ti-cgt-msp430_21.6.1.LTS\lib\</path>
         <kind>archive</kind>
         <file>rts430_eabi.lib</file>
         <name>int08.asm.obj</name>
      </input_file>
      <input_file id="fl-2c">
         <path>C:\ti\ccs2002\ccs\tools\compiler\ti-cgt-msp430_21.6.1.LTS\lib\</path>
         <kind>archive</kind>
         <file>rts430_eabi.lib</file>
         <name>int10.asm.obj</name>
      </input_file>
      <input_file id="fl-2d">
         <path>C:\ti\ccs2002\ccs\tools\compiler\ti-cgt-msp430_21.6.1.LTS\lib\</path>
         <kind>archive</kind>
         <file>rts430_eabi.lib</file>
         <name>int11.asm.obj</name>
      </input_file>
      <input_file id="fl-2e">
         <path>C:\ti\ccs2002\ccs\tools\compiler\ti-cgt-msp430_21.6.1.LTS\lib\</path>
         <kind>archive</kind>
         <file>rts430_eabi.lib</file>
         <name>int12.asm.obj</name>
      </input_file>
      <input_file id="fl-2f">
         <path>C:\ti\ccs2002\ccs\tools\compiler\ti-cgt-msp430_21.6.1.LTS\lib\</path>
         <kind>archive</kind>
         <file>rts430_eabi.lib</file>
         <name>int13.asm.obj</name>
      </input_file>
      <input_file id="fl-30">
         <path>C:\ti\ccs2002\ccs\tools\compiler\ti-cgt-msp430_21.6.1.LTS\lib\</path>
         <kind>archive</kind>
         <file>rts430_eabi.lib</file>
         <name>int14.asm.obj</name>
      </input_file>
      <input_file id="fl-31">
         <path>C:\ti\ccs2002\ccs\tools\compiler\ti-cgt-msp430_21.6.1.LTS\lib\</path>
         <kind>archive</kind>
         <file>rts430_eabi.lib</file>
         <name>isr_trap.asm.obj</name>
      </input_file>
      <input_file id="fl-32">
         <path>C:\ti\ccs2002\ccs\tools\compiler\ti-cgt-msp430_21.6.1.LTS\lib\</path>
         <kind>archive</kind>
         <file>rts430_eabi.lib</file>
         <name>boot.c.obj</name>
      </input_file>
      <input_file id="fl-33">
         <path>C:\ti\ccs2002\ccs\tools\compiler\ti-cgt-msp430_21.6.1.LTS\lib\</path>
         <kind>archive</kind>
         <file>rts430_eabi.lib</file>
         <name>autoinit.c.obj</name>
      </input_file>
      <input_file id="fl-34">
         <path>C:\ti\ccs2002\ccs\tools\compiler\ti-cgt-msp430_21.6.1.LTS\lib\</path>
         <kind>archive</kind>
         <file>rts430_eabi.lib</file>
         <name>copy_zero_init.c.obj</name>
      </input_file>
      <input_file id="fl-35">
         <path>C:\ti\ccs2002\ccs\tools\compiler\ti-cgt-msp430_21.6.1.LTS\lib\</path>
         <kind>archive</kind>
         <file>rts430_eabi.lib</file>
         <name>cpy_tbl.c.obj</name>
      </input_file>
      <input_file id="fl-36">
         <path>C:\ti\ccs2002\ccs\tools\compiler\ti-cgt-msp430_21.6.1.LTS\lib\</path>
         <kind>archive</kind>
         <file>rts430_eabi.lib</file>
         <name>mpu_init.c.obj</name>
      </input_file>
      <input_file id="fl-37">
         <path>C:\ti\ccs2002\ccs\tools\compiler\ti-cgt-msp430_21.6.1.LTS\lib\</path>
         <kind>archive</kind>
         <file>rts430_eabi.lib</file>
         <name>pre_init.c.obj</name>
      </input_file>
      <input_file id="fl-38">
         <path>C:\ti\ccs2002\ccs\tools\compiler\ti-cgt-msp430_21.6.1.LTS\lib\</path>
         <kind>archive</kind>
         <file>rts430_eabi.lib</file>
         <name>startup.c.obj</name>
      </input_file>
      <input_file id="fl-39">
         <path>C:\ti\ccs2002\ccs\tools\compiler\ti-cgt-msp430_21.6.1.LTS\lib\</path>
         <kind>archive</kind>
         <file>rts430_eabi.lib</file>
         <name>copy_decompress_none.c.obj</name>
      </input_file>
      <input_file id="fl-3a">
         <path>C:\ti\ccs2002\ccs\tools\compiler\ti-cgt-msp430_21.6.1.LTS\lib\</path>
         <kind>archive</kind>
         <file>rts430_eabi.lib</file>
         <name>copy_decompress_lzss.c.obj</name>
      </input_file>
      <input_file id="fl-3b">
         <path>C:\ti\ccs2002\ccs\tools\compiler\ti-cgt-msp430_21.6.1.LTS\lib\</path>
         <kind>archive</kind>
         <file>rts430_eabi.lib</file>
         <name>exit.c.obj</name>
      </input_file>
      <input_file id="fl-3c">
         <path>C:\ti\ccs2002\ccs\tools\compiler\ti-cgt-msp430_21.6.1.LTS\lib\</path>
         <kind>archive</kind>
         <file>rts430_eabi.lib</file>
         <name>_lock.c.obj</name>
      </input_file>
      <input_file id="fl-3d">
         <path>C:\ti\ccs2002\ccs\tools\compiler\ti-cgt-msp430_21.6.1.LTS\lib\</path>
         <kind>archive</kind>
         <file>rts430_eabi.lib</file>
         <name>args_main.c.obj</name>
      </input_file>
      <input_file id="fl-3e">
         <path>C:\ti\ccs2002\ccs\tools\compiler\ti-cgt-msp430_21.6.1.LTS\lib\</path>
         <kind>archive</kind>
         <file>rts430_eabi.lib</file>
         <name>memcpy.c.obj</name>
      </input_file>
      <input_file id="fl-3f">
         <path>C:\ti\ccs2002\ccs\tools\compiler\ti-cgt-msp430_21.6.1.LTS\lib\</path>
         <kind>archive</kind>
         <file>rts430_eabi.lib</file>
         <name>perror.c.obj</name>
      </input_file>
      <input_file id="fl-40">
         <path>C:\ti\ccs2002\ccs\tools\compiler\ti-cgt-msp430_21.6.1.LTS\lib\</path>
         <kind>archive</kind>
         <file>rts430_eabi.lib</file>
         <name>errno.c.obj</name>
      </input_file>
      <input_file id="fl-41">
         <path>C:\ti\ccs2002\ccs\tools\compiler\ti-cgt-msp430_21.6.1.LTS\lib\</path>
         <kind>archive</kind>
         <file>rts430_eabi.lib</file>
         <name>fputc.c.obj</name>
      </input_file>
      <input_file id="fl-42">
         <path>C:\ti\ccs2002\ccs\tools\compiler\ti-cgt-msp430_21.6.1.LTS\lib\</path>
         <kind>archive</kind>
         <file>rts430_eabi.lib</file>
         <name>fputs.c.obj</name>
      </input_file>
      <input_file id="fl-43">
         <path>C:\ti\ccs2002\ccs\tools\compiler\ti-cgt-msp430_21.6.1.LTS\lib\</path>
         <kind>archive</kind>
         <file>rts430_eabi.lib</file>
         <name>_io_perm.c.obj</name>
      </input_file>
      <input_file id="fl-44">
         <path>C:\ti\ccs2002\ccs\tools\compiler\ti-cgt-msp430_21.6.1.LTS\lib\</path>
         <kind>archive</kind>
         <file>rts430_eabi.lib</file>
         <name>setvbuf.c.obj</name>
      </input_file>
      <input_file id="fl-45">
         <path>C:\ti\ccs2002\ccs\tools\compiler\ti-cgt-msp430_21.6.1.LTS\lib\</path>
         <kind>archive</kind>
         <file>rts430_eabi.lib</file>
         <name>lsl16.asm.obj</name>
      </input_file>
      <input_file id="fl-46">
         <path>C:\ti\ccs2002\ccs\tools\compiler\ti-cgt-msp430_21.6.1.LTS\lib\</path>
         <kind>archive</kind>
         <file>rts430_eabi.lib</file>
         <name>lsr16.asm.obj</name>
      </input_file>
      <input_file id="fl-47">
         <path>C:\ti\ccs2002\ccs\tools\compiler\ti-cgt-msp430_21.6.1.LTS\lib\</path>
         <kind>archive</kind>
         <file>rts430_eabi.lib</file>
         <name>mult16.asm.obj</name>
      </input_file>
      <input_file id="fl-48">
         <path>C:\ti\ccs2002\ccs\tools\compiler\ti-cgt-msp430_21.6.1.LTS\lib\</path>
         <kind>archive</kind>
         <file>rts430_eabi.lib</file>
         <name>exit_gvars.c.obj</name>
      </input_file>
      <input_file id="fl-49">
         <path>C:\ti\ccs2002\ccs\tools\compiler\ti-cgt-msp430_21.6.1.LTS\lib\</path>
         <kind>archive</kind>
         <file>rts430_eabi.lib</file>
         <name>defs.c.obj</name>
      </input_file>
      <input_file id="fl-4a">
         <path>C:\ti\ccs2002\ccs\tools\compiler\ti-cgt-msp430_21.6.1.LTS\lib\</path>
         <kind>archive</kind>
         <file>rts430_eabi.lib</file>
         <name>memchr.c.obj</name>
      </input_file>
      <input_file id="fl-4b">
         <path>C:\ti\ccs2002\ccs\tools\compiler\ti-cgt-msp430_21.6.1.LTS\lib\</path>
         <kind>archive</kind>
         <file>rts430_eabi.lib</file>
         <name>memory.c.obj</name>
      </input_file>
      <input_file id="fl-4c">
         <path>C:\ti\ccs2002\ccs\tools\compiler\ti-cgt-msp430_21.6.1.LTS\lib\</path>
         <kind>archive</kind>
         <file>rts430_eabi.lib</file>
         <name>memset.c.obj</name>
      </input_file>
      <input_file id="fl-4d">
         <path>C:\ti\ccs2002\ccs\tools\compiler\ti-cgt-msp430_21.6.1.LTS\lib\</path>
         <kind>archive</kind>
         <file>rts430_eabi.lib</file>
         <name>strlen.c.obj</name>
      </input_file>
      <input_file id="fl-4e">
         <path>C:\ti\ccs2002\ccs\tools\compiler\ti-cgt-msp430_21.6.1.LTS\lib\</path>
         <kind>archive</kind>
         <file>rts430_eabi.lib</file>
         <name>write.c.obj</name>
      </input_file>
      <input_file id="fl-4f">
         <path>C:\ti\ccs2002\ccs\tools\compiler\ti-cgt-msp430_21.6.1.LTS\lib\</path>
         <kind>archive</kind>
         <file>rts430_eabi.lib</file>
         <name>host_device.c.obj</name>
      </input_file>
      <input_file id="fl-50">
         <path>C:\ti\ccs2002\ccs\tools\compiler\ti-cgt-msp430_21.6.1.LTS\lib\</path>
         <kind>archive</kind>
         <file>rts430_eabi.lib</file>
         <name>fflush.c.obj</name>
      </input_file>
      <input_file id="fl-51">
         <path>C:\ti\ccs2002\ccs\tools\compiler\ti-cgt-msp430_21.6.1.LTS\lib\</path>
         <kind>archive</kind>
         <file>rts430_eabi.lib</file>
         <name>fopen.c.obj</name>
      </input_file>
      <input_file id="fl-52">
         <path>C:\ti\ccs2002\ccs\tools\compiler\ti-cgt-msp430_21.6.1.LTS\lib\</path>
         <kind>archive</kind>
         <file>rts430_eabi.lib</file>
         <name>fseek.c.obj</name>
      </input_file>
      <input_file id="fl-53">
         <path>C:\ti\ccs2002\ccs\tools\compiler\ti-cgt-msp430_21.6.1.LTS\lib\</path>
         <kind>archive</kind>
         <file>rts430_eabi.lib</file>
         <name>div16u.asm.obj</name>
      </input_file>
      <input_file id="fl-54">
         <path>C:\ti\ccs2002\ccs\tools\compiler\ti-cgt-msp430_21.6.1.LTS\lib\</path>
         <kind>archive</kind>
         <file>rts430_eabi.lib</file>
         <name>hostclose.c.obj</name>
      </input_file>
      <input_file id="fl-55">
         <path>C:\ti\ccs2002\ccs\tools\compiler\ti-cgt-msp430_21.6.1.LTS\lib\</path>
         <kind>archive</kind>
         <file>rts430_eabi.lib</file>
         <name>hostlseek.c.obj</name>
      </input_file>
      <input_file id="fl-56">
         <path>C:\ti\ccs2002\ccs\tools\compiler\ti-cgt-msp430_21.6.1.LTS\lib\</path>
         <kind>archive</kind>
         <file>rts430_eabi.lib</file>
         <name>hostopen.c.obj</name>
      </input_file>
      <input_file id="fl-57">
         <path>C:\ti\ccs2002\ccs\tools\compiler\ti-cgt-msp430_21.6.1.LTS\lib\</path>
         <kind>archive</kind>
         <file>rts430_eabi.lib</file>
         <name>hostread.c.obj</name>
      </input_file>
      <input_file id="fl-58">
         <path>C:\ti\ccs2002\ccs\tools\compiler\ti-cgt-msp430_21.6.1.LTS\lib\</path>
         <kind>archive</kind>
         <file>rts430_eabi.lib</file>
         <name>hostrename.c.obj</name>
      </input_file>
      <input_file id="fl-59">
         <path>C:\ti\ccs2002\ccs\tools\compiler\ti-cgt-msp430_21.6.1.LTS\lib\</path>
         <kind>archive</kind>
         <file>rts430_eabi.lib</file>
         <name>hostunlink.c.obj</name>
      </input_file>
      <input_file id="fl-5a">
         <path>C:\ti\ccs2002\ccs\tools\compiler\ti-cgt-msp430_21.6.1.LTS\lib\</path>
         <kind>archive</kind>
         <file>rts430_eabi.lib</file>
         <name>hostwrite.c.obj</name>
      </input_file>
      <input_file id="fl-5b">
         <path>C:\ti\ccs2002\ccs\tools\compiler\ti-cgt-msp430_21.6.1.LTS\lib\</path>
         <kind>archive</kind>
         <file>rts430_eabi.lib</file>
         <name>trgmsg.c.obj</name>
      </input_file>
      <input_file id="fl-5c">
         <path>C:\ti\ccs2002\ccs\tools\compiler\ti-cgt-msp430_21.6.1.LTS\lib\</path>
         <kind>archive</kind>
         <file>rts430_eabi.lib</file>
         <name>open.c.obj</name>
      </input_file>
      <input_file id="fl-5d">
         <path>C:\ti\ccs2002\ccs\tools\compiler\ti-cgt-msp430_21.6.1.LTS\lib\</path>
         <kind>archive</kind>
         <file>rts430_eabi.lib</file>
         <name>lseek.c.obj</name>
      </input_file>
      <input_file id="fl-5e">
         <path>C:\ti\ccs2002\ccs\tools\compiler\ti-cgt-msp430_21.6.1.LTS\lib\</path>
         <kind>archive</kind>
         <file>rts430_eabi.lib</file>
         <name>fclose.c.obj</name>
      </input_file>
      <input_file id="fl-5f">
         <path>C:\ti\ccs2002\ccs\tools\compiler\ti-cgt-msp430_21.6.1.LTS\lib\</path>
         <kind>archive</kind>
         <file>rts430_eabi.lib</file>
         <name>getdevice.c.obj</name>
      </input_file>
      <input_file id="fl-60">
         <path>C:\ti\ccs2002\ccs\tools\compiler\ti-cgt-msp430_21.6.1.LTS\lib\</path>
         <kind>archive</kind>
         <file>rts430_eabi.lib</file>
         <name>lsl32.asm.obj</name>
      </input_file>
      <input_file id="fl-61">
         <path>C:\ti\ccs2002\ccs\tools\compiler\ti-cgt-msp430_21.6.1.LTS\lib\</path>
         <kind>archive</kind>
         <file>rts430_eabi.lib</file>
         <name>strchr.c.obj</name>
      </input_file>
      <input_file id="fl-62">
         <path>C:\ti\ccs2002\ccs\tools\compiler\ti-cgt-msp430_21.6.1.LTS\lib\</path>
         <kind>archive</kind>
         <file>rts430_eabi.lib</file>
         <name>strcmp.c.obj</name>
      </input_file>
      <input_file id="fl-63">
         <path>C:\ti\ccs2002\ccs\tools\compiler\ti-cgt-msp430_21.6.1.LTS\lib\</path>
         <kind>archive</kind>
         <file>rts430_eabi.lib</file>
         <name>strcpy.c.obj</name>
      </input_file>
      <input_file id="fl-64">
         <path>C:\ti\ccs2002\ccs\tools\compiler\ti-cgt-msp430_21.6.1.LTS\lib\</path>
         <kind>archive</kind>
         <file>rts430_eabi.lib</file>
         <name>strncpy.c.obj</name>
      </input_file>
      <input_file id="fl-65">
         <path>C:\ti\ccs2002\ccs\tools\compiler\ti-cgt-msp430_21.6.1.LTS\lib\</path>
         <kind>archive</kind>
         <file>rts430_eabi.lib</file>
         <name>remove.c.obj</name>
      </input_file>
      <input_file id="fl-66">
         <path>C:\ti\ccs2002\ccs\tools\compiler\ti-cgt-msp430_21.6.1.LTS\lib\</path>
         <kind>archive</kind>
         <file>rts430_eabi.lib</file>
         <name>close.c.obj</name>
      </input_file>
      <input_file id="fl-67">
         <path>C:\ti\ccs2002\ccs\tools\compiler\ti-cgt-msp430_21.6.1.LTS\lib\</path>
         <kind>archive</kind>
         <file>rts430_eabi.lib</file>
         <name>unlink.c.obj</name>
      </input_file>
   </input_file_list>
   <object_component_list>
      <object_component id="oc-3c3">
         <name>.bss</name>
         <uninitialized>true</uninitialized>
         <run_address>0x4c6</run_address>
         <size>0x2</size>
         <input_file_ref idref="fl-4b"/>
      </object_component>
      <object_component id="oc-3d8">
         <name>.common:__TI_tmpnams</name>
         <uninitialized>true</uninitialized>
         <run_address>0x41e</run_address>
         <size>0xa0</size>
      </object_component>
      <object_component id="oc-3e3">
         <name>.common:parmbuf</name>
         <uninitialized>true</uninitialized>
         <run_address>0x4be</run_address>
         <size>0x8</size>
      </object_component>
      <object_component id="oc-256">
         <name>.data</name>
         <load_address>0x41a</load_address>
         <run_address>0x41a</run_address>
         <size>0x2</size>
         <input_file_ref idref="fl-3b"/>
      </object_component>
      <object_component id="oc-259">
         <name>.data:_lock</name>
         <load_address>0x412</load_address>
         <run_address>0x412</run_address>
         <size>0x2</size>
         <input_file_ref idref="fl-3c"/>
      </object_component>
      <object_component id="oc-262">
         <name>.data:_unlock</name>
         <load_address>0x414</load_address>
         <run_address>0x414</run_address>
         <size>0x2</size>
         <input_file_ref idref="fl-3c"/>
      </object_component>
      <object_component id="oc-29c">
         <name>.data</name>
         <load_address>0x418</load_address>
         <run_address>0x418</run_address>
         <size>0x2</size>
         <input_file_ref idref="fl-40"/>
      </object_component>
      <object_component id="oc-25f">
         <name>.data:__TI_cleanup_ptr</name>
         <load_address>0x40e</load_address>
         <run_address>0x40e</run_address>
         <size>0x2</size>
         <input_file_ref idref="fl-48"/>
      </object_component>
      <object_component id="oc-25c">
         <name>.data:__TI_dtors_ptr</name>
         <load_address>0x410</load_address>
         <run_address>0x410</run_address>
         <size>0x2</size>
         <input_file_ref idref="fl-48"/>
      </object_component>
      <object_component id="oc-292">
         <name>.data:_ftable</name>
         <load_address>0x320</load_address>
         <run_address>0x320</run_address>
         <size>0x78</size>
         <input_file_ref idref="fl-49"/>
      </object_component>
      <object_component id="oc-38d">
         <name>.data</name>
         <load_address>0x416</load_address>
         <run_address>0x416</run_address>
         <size>0x2</size>
         <input_file_ref idref="fl-49"/>
      </object_component>
      <object_component id="oc-3c8">
         <name>.data</name>
         <load_address>0x41c</load_address>
         <run_address>0x41c</run_address>
         <size>0x2</size>
         <input_file_ref idref="fl-4b"/>
      </object_component>
      <object_component id="oc-35d">
         <name>.data:_device</name>
         <load_address>0x398</load_address>
         <run_address>0x398</run_address>
         <size>0x4e</size>
         <input_file_ref idref="fl-4f"/>
      </object_component>
      <object_component id="oc-326">
         <name>.data:_stream</name>
         <load_address>0x3e6</load_address>
         <run_address>0x3e6</run_address>
         <size>0x28</size>
         <input_file_ref idref="fl-4f"/>
      </object_component>
      <object_component id="oc-ea">
         <name>.sysmem</name>
         <uninitialized>true</uninitialized>
         <run_address>0x4c8</run_address>
         <size>0x8</size>
         <input_file_ref idref="fl-4b"/>
      </object_component>
      <object_component id="oc-4b2">
         <name>.sysmem</name>
         <uninitialized>true</uninitialized>
         <run_address>0x4c8</run_address>
         <size>0x0</size>
      </object_component>
      <object_component id="oc-e6">
         <name>.stack</name>
         <uninitialized>true</uninitialized>
         <run_address>0x9b0</run_address>
         <size>0x2</size>
         <input_file_ref idref="fl-32"/>
      </object_component>
      <object_component id="oc-4b1">
         <name>.stack</name>
         <uninitialized>true</uninitialized>
         <run_address>0x9b0</run_address>
         <size>0x0</size>
      </object_component>
      <object_component id="oc-23f">
         <name>.text:UART_baudrate_generation</name>
         <load_address>0x1100</load_address>
         <run_address>0x1100</run_address>
         <size>0x422</size>
         <input_file_ref idref="fl-5"/>
      </object_component>
      <object_component id="oc-380">
         <name>.text:aligned_alloc</name>
         <load_address>0x1522</load_address>
         <run_address>0x1522</run_address>
         <size>0xf6</size>
         <input_file_ref idref="fl-4b"/>
      </object_component>
      <object_component id="oc-295">
         <name>.text:fputs</name>
         <load_address>0x1618</load_address>
         <run_address>0x1618</run_address>
         <size>0xea</size>
         <input_file_ref idref="fl-42"/>
      </object_component>
      <object_component id="oc-33c">
         <name>.text:free</name>
         <load_address>0x1702</load_address>
         <run_address>0x1702</run_address>
         <size>0xd2</size>
         <input_file_ref idref="fl-4b"/>
      </object_component>
      <object_component id="oc-318">
         <name>.text:setvbuf</name>
         <load_address>0x17d4</load_address>
         <run_address>0x17d4</run_address>
         <size>0xd0</size>
         <input_file_ref idref="fl-44"/>
      </object_component>
      <object_component id="oc-29f">
         <name>.text:fputc</name>
         <load_address>0x18a4</load_address>
         <run_address>0x18a4</run_address>
         <size>0x90</size>
         <input_file_ref idref="fl-41"/>
      </object_component>
      <object_component id="oc-1e4">
         <name>.text:character_format_sel</name>
         <load_address>0x1934</load_address>
         <run_address>0x1934</run_address>
         <size>0x8c</size>
         <input_file_ref idref="fl-5"/>
      </object_component>
      <object_component id="oc-3ab">
         <name>.text:HOSTlseek</name>
         <load_address>0x19c0</load_address>
         <run_address>0x19c0</run_address>
         <size>0x88</size>
         <input_file_ref idref="fl-55"/>
      </object_component>
      <object_component id="oc-34">
         <name>.text:decompress:lzss:__TI_decompress_lzss</name>
         <load_address>0x1a48</load_address>
         <run_address>0x1a48</run_address>
         <size>0x7c</size>
         <input_file_ref idref="fl-3a"/>
      </object_component>
      <object_component id="oc-2d8">
         <name>.text:__TI_wrt_ok</name>
         <load_address>0x1ac4</load_address>
         <run_address>0x1ac4</run_address>
         <size>0x7a</size>
         <input_file_ref idref="fl-43"/>
      </object_component>
      <object_component id="oc-24d">
         <name>.text:perror</name>
         <load_address>0x1b3e</load_address>
         <run_address>0x1b3e</run_address>
         <size>0x76</size>
         <input_file_ref idref="fl-3f"/>
      </object_component>
      <object_component id="oc-387">
         <name>.text:__TI_closefile</name>
         <load_address>0x1bb4</load_address>
         <run_address>0x1bb4</run_address>
         <size>0x72</size>
         <input_file_ref idref="fl-5e"/>
      </object_component>
      <object_component id="oc-312">
         <name>.text:fseeko</name>
         <load_address>0x1c26</load_address>
         <run_address>0x1c26</run_address>
         <size>0x70</size>
         <input_file_ref idref="fl-52"/>
      </object_component>
      <object_component id="oc-3b7">
         <name>.text:HOSTrename</name>
         <load_address>0x1c96</load_address>
         <run_address>0x1c96</run_address>
         <size>0x6a</size>
         <input_file_ref idref="fl-58"/>
      </object_component>
      <object_component id="oc-3cb">
         <name>.text:split</name>
         <load_address>0x1d00</load_address>
         <run_address>0x1d00</run_address>
         <size>0x68</size>
         <input_file_ref idref="fl-4b"/>
      </object_component>
      <object_component id="oc-393">
         <name>.text:HOSTopen</name>
         <load_address>0x1d68</load_address>
         <run_address>0x1d68</run_address>
         <size>0x66</size>
         <input_file_ref idref="fl-56"/>
      </object_component>
      <object_component id="oc-3a5">
         <name>.text:HOSTwrite</name>
         <load_address>0x1dce</load_address>
         <run_address>0x1dce</run_address>
         <size>0x62</size>
         <input_file_ref idref="fl-5a"/>
      </object_component>
      <object_component id="oc-2ea">
         <name>.text:__TI_doflush</name>
         <load_address>0x1e30</load_address>
         <run_address>0x1e30</run_address>
         <size>0x62</size>
         <input_file_ref idref="fl-50"/>
      </object_component>
      <object_component id="oc-39f">
         <name>.text:HOSTread</name>
         <load_address>0x1e92</load_address>
         <run_address>0x1e92</run_address>
         <size>0x60</size>
         <input_file_ref idref="fl-57"/>
      </object_component>
      <object_component id="oc-411">
         <name>.text:getdevice</name>
         <load_address>0x1ef2</load_address>
         <run_address>0x1ef2</run_address>
         <size>0x58</size>
         <input_file_ref idref="fl-5f"/>
      </object_component>
      <object_component id="oc-1d2">
         <name>.text:initClockTo8MHz</name>
         <load_address>0x1f4a</load_address>
         <run_address>0x1f4a</run_address>
         <size>0x4e</size>
         <input_file_ref idref="fl-2"/>
      </object_component>
      <object_component id="oc-f2">
         <name>.text</name>
         <load_address>0x1f98</load_address>
         <run_address>0x1f98</run_address>
         <size>0x4c</size>
         <input_file_ref idref="fl-46"/>
      </object_component>
      <object_component id="oc-3d2">
         <name>.text:close</name>
         <load_address>0x1fe4</load_address>
         <run_address>0x1fe4</run_address>
         <size>0x4a</size>
         <input_file_ref idref="fl-66"/>
      </object_component>
      <object_component id="oc-399">
         <name>.text:HOSTclose</name>
         <load_address>0x202e</load_address>
         <run_address>0x202e</run_address>
         <size>0x44</size>
         <input_file_ref idref="fl-54"/>
      </object_component>
      <object_component id="oc-1fc">
         <name>.text:exit</name>
         <load_address>0x2072</load_address>
         <run_address>0x2072</run_address>
         <size>0x44</size>
         <input_file_ref idref="fl-3b"/>
      </object_component>
      <object_component id="oc-202">
         <name>.text:__TI_auto_init_nobinit_nopinit:__TI_auto_init_nobinit_nopinit</name>
         <load_address>0x20b6</load_address>
         <run_address>0x20b6</run_address>
         <size>0x42</size>
         <input_file_ref idref="fl-33"/>
      </object_component>
      <object_component id="oc-3b1">
         <name>.text:HOSTunlink</name>
         <load_address>0x20f8</load_address>
         <run_address>0x20f8</run_address>
         <size>0x40</size>
         <input_file_ref idref="fl-59"/>
      </object_component>
      <object_component id="oc-1ea">
         <name>.text:USCI_mode_sel</name>
         <load_address>0x2138</load_address>
         <run_address>0x2138</run_address>
         <size>0x3e</size>
         <input_file_ref idref="fl-5"/>
      </object_component>
      <object_component id="oc-3f9">
         <name>.text:l_lsl_const</name>
         <load_address>0x2176</load_address>
         <run_address>0x2176</run_address>
         <size>0x3e</size>
         <input_file_ref idref="fl-60"/>
      </object_component>
      <object_component id="oc-192">
         <name>.text:main</name>
         <load_address>0x21b4</load_address>
         <run_address>0x21b4</run_address>
         <size>0x3c</size>
         <input_file_ref idref="fl-2"/>
      </object_component>
      <object_component id="oc-239">
         <name>.text:USCI_clk_ref</name>
         <load_address>0x21f0</load_address>
         <run_address>0x21f0</run_address>
         <size>0x3a</size>
         <input_file_ref idref="fl-5"/>
      </object_component>
      <object_component id="oc-348">
         <name>.text:__TI_cleanup</name>
         <load_address>0x222a</load_address>
         <run_address>0x222a</run_address>
         <size>0x34</size>
         <input_file_ref idref="fl-51"/>
      </object_component>
      <object_component id="oc-440">
         <name>.text:finddevice</name>
         <load_address>0x225e</load_address>
         <run_address>0x225e</run_address>
         <size>0x34</size>
         <input_file_ref idref="fl-5f"/>
      </object_component>
      <object_component id="oc-3e6">
         <name>.text:__TI_writemsg</name>
         <load_address>0x2292</load_address>
         <run_address>0x2292</run_address>
         <size>0x2e</size>
         <input_file_ref idref="fl-5b"/>
      </object_component>
      <object_component id="oc-1de">
         <name>.text:initUART</name>
         <load_address>0x22c0</load_address>
         <run_address>0x22c0</run_address>
         <size>0x2e</size>
         <input_file_ref idref="fl-2"/>
      </object_component>
      <object_component id="oc-3ec">
         <name>.text:__TI_readmsg</name>
         <load_address>0x22ee</load_address>
         <run_address>0x22ee</run_address>
         <size>0x2c</size>
         <input_file_ref idref="fl-5b"/>
      </object_component>
      <object_component id="oc-ed">
         <name>.text</name>
         <load_address>0x231a</load_address>
         <run_address>0x231a</run_address>
         <size>0x2c</size>
         <input_file_ref idref="fl-45"/>
      </object_component>
      <object_component id="oc-43a">
         <name>.text:strncpy</name>
         <load_address>0x2346</load_address>
         <run_address>0x2346</run_address>
         <size>0x2c</size>
         <input_file_ref idref="fl-64"/>
      </object_component>
      <object_component id="oc-379">
         <name>.text:free_list_insert</name>
         <load_address>0x2372</load_address>
         <run_address>0x2372</run_address>
         <size>0x28</size>
         <input_file_ref idref="fl-4b"/>
      </object_component>
      <object_component id="oc-3d9">
         <name>.text:unlink</name>
         <load_address>0x239a</load_address>
         <run_address>0x239a</run_address>
         <size>0x28</size>
         <input_file_ref idref="fl-67"/>
      </object_component>
      <object_component id="oc-32f">
         <name>.text:lseek</name>
         <load_address>0x23c2</load_address>
         <run_address>0x23c2</run_address>
         <size>0x26</size>
         <input_file_ref idref="fl-5d"/>
      </object_component>
      <object_component id="oc-119">
         <name>.text:USCI0RX_ISR</name>
         <load_address>0x23e8</load_address>
         <run_address>0x23e8</run_address>
         <size>0x24</size>
         <input_file_ref idref="fl-2"/>
      </object_component>
      <object_component id="oc-2f0">
         <name>.text:write</name>
         <load_address>0x240c</load_address>
         <run_address>0x240c</run_address>
         <size>0x24</size>
         <input_file_ref idref="fl-4e"/>
      </object_component>
      <object_component id="oc-131">
         <name>.text:_c_int00_noargs</name>
         <load_address>0x2430</load_address>
         <run_address>0x2430</run_address>
         <size>0x1c</size>
         <input_file_ref idref="fl-32"/>
      </object_component>
      <object_component id="oc-373">
         <name>.text:free_list_remove</name>
         <load_address>0x244c</load_address>
         <run_address>0x244c</run_address>
         <size>0x1c</size>
         <input_file_ref idref="fl-4b"/>
      </object_component>
      <object_component id="oc-434">
         <name>.text:strchr</name>
         <load_address>0x2468</load_address>
         <run_address>0x2468</run_address>
         <size>0x1a</size>
         <input_file_ref idref="fl-61"/>
      </object_component>
      <object_component id="oc-459">
         <name>.text:strcmp</name>
         <load_address>0x2482</load_address>
         <run_address>0x2482</run_address>
         <size>0x18</size>
         <input_file_ref idref="fl-62"/>
      </object_component>
      <object_component id="oc-11f">
         <name>.text:decompress:ZI:__TI_zero_init_nomemset:__TI_zero_init_nomemset</name>
         <load_address>0x249a</load_address>
         <run_address>0x249a</run_address>
         <size>0x14</size>
         <input_file_ref idref="fl-34"/>
      </object_component>
      <object_component id="oc-2e4">
         <name>.text:memchr</name>
         <load_address>0x24ae</load_address>
         <run_address>0x24ae</run_address>
         <size>0x14</size>
         <input_file_ref idref="fl-4a"/>
      </object_component>
      <object_component id="oc-3a">
         <name>.text:decompress:none:__TI_decompress_none</name>
         <load_address>0x24c2</load_address>
         <run_address>0x24c2</run_address>
         <size>0x12</size>
         <input_file_ref idref="fl-39"/>
      </object_component>
      <object_component id="oc-107">
         <name>.text:memcpy</name>
         <load_address>0x24d4</load_address>
         <run_address>0x24d4</run_address>
         <size>0x12</size>
         <input_file_ref idref="fl-3e"/>
      </object_component>
      <object_component id="oc-f7">
         <name>.text</name>
         <load_address>0x24e6</load_address>
         <run_address>0x24e6</run_address>
         <size>0x10</size>
         <input_file_ref idref="fl-23"/>
      </object_component>
      <object_component id="oc-402">
         <name>.text:strcpy</name>
         <load_address>0x24f6</load_address>
         <run_address>0x24f6</run_address>
         <size>0x10</size>
         <input_file_ref idref="fl-63"/>
      </object_component>
      <object_component id="oc-2de">
         <name>.text:strlen</name>
         <load_address>0x2506</load_address>
         <run_address>0x2506</run_address>
         <size>0xe</size>
         <input_file_ref idref="fl-4d"/>
      </object_component>
      <object_component id="oc-178">
         <name>.text:data_to_transmit</name>
         <load_address>0x2514</load_address>
         <run_address>0x2514</run_address>
         <size>0xc</size>
         <input_file_ref idref="fl-5"/>
      </object_component>
      <object_component id="oc-114">
         <name>.text:_isr:__TI_ISR_TRAP</name>
         <load_address>0x2520</load_address>
         <run_address>0x2520</run_address>
         <size>0x8</size>
         <input_file_ref idref="fl-31"/>
      </object_component>
      <object_component id="oc-1d8">
         <name>.text:init_UART_GPIO</name>
         <load_address>0x2528</load_address>
         <run_address>0x2528</run_address>
         <size>0x8</size>
         <input_file_ref idref="fl-5"/>
      </object_component>
      <object_component id="oc-342">
         <name>.text:malloc</name>
         <load_address>0x2530</load_address>
         <run_address>0x2530</run_address>
         <size>0x8</size>
         <input_file_ref idref="fl-4b"/>
      </object_component>
      <object_component id="oc-1cc">
         <name>.text:stop_wd</name>
         <load_address>0x2538</load_address>
         <run_address>0x2538</run_address>
         <size>0x8</size>
         <input_file_ref idref="fl-6"/>
      </object_component>
      <object_component id="oc-245">
         <name>.text:USCI_init</name>
         <load_address>0x2540</load_address>
         <run_address>0x2540</run_address>
         <size>0x6</size>
         <input_file_ref idref="fl-5"/>
      </object_component>
      <object_component id="oc-1f6">
         <name>.text:abort</name>
         <load_address>0x2546</load_address>
         <run_address>0x2546</run_address>
         <size>0x6</size>
         <input_file_ref idref="fl-3b"/>
      </object_component>
      <object_component id="oc-18c">
         <name>.text:_system_pre_init</name>
         <load_address>0x254c</load_address>
         <run_address>0x254c</run_address>
         <size>0x4</size>
         <input_file_ref idref="fl-37"/>
      </object_component>
      <object_component id="oc-2a9">
         <name>.text:_nop</name>
         <load_address>0x2550</load_address>
         <run_address>0x2550</run_address>
         <size>0x2</size>
         <input_file_ref idref="fl-3c"/>
      </object_component>
      <object_component id="oc-267">
         <name>.text:_system_post_cinit</name>
         <load_address>0x2552</load_address>
         <run_address>0x2552</run_address>
         <size>0x2</size>
         <input_file_ref idref="fl-38"/>
      </object_component>
      <object_component id="oc-4b0">
         <name>.cinit..data.load</name>
         <load_address>0x27b6</load_address>
         <run_address>0x27b6</run_address>
         <size>0x43</size>
      </object_component>
      <object_component id="oc-4ad">
         <name>__TI_handler_table</name>
         <load_address>0x27fa</load_address>
         <run_address>0x27fa</run_address>
         <size>0x6</size>
      </object_component>
      <object_component id="oc-4af">
         <name>.cinit..bss.load</name>
         <load_address>0x2800</load_address>
         <run_address>0x2800</run_address>
         <size>0x4</size>
      </object_component>
      <object_component id="oc-4ae">
         <name>__TI_cinit_table</name>
         <load_address>0x2804</load_address>
         <run_address>0x2804</run_address>
         <size>0x8</size>
      </object_component>
      <object_component id="oc-24c">
         <name>.const:.string</name>
         <load_address>0x2554</load_address>
         <run_address>0x2554</run_address>
         <size>0x1fa</size>
         <input_file_ref idref="fl-5"/>
      </object_component>
      <object_component id="oc-29b">
         <name>.const:.string</name>
         <load_address>0x274e</load_address>
         <run_address>0x274e</run_address>
         <size>0x68</size>
         <input_file_ref idref="fl-3f"/>
      </object_component>
      <object_component id="oc-41d">
         <name>.cio</name>
         <uninitialized>true</uninitialized>
         <run_address>0x200</run_address>
         <size>0x120</size>
         <input_file_ref idref="fl-5b"/>
      </object_component>
      <object_component id="oc-470">
         <name>.binit</name>
         <load_address>0x1100</load_address>
         <run_address>0x1100</run_address>
         <size>0x0</size>
      </object_component>
      <object_component id="oc-40">
         <name>.int00</name>
         <load_address>0xffe0</load_address>
         <run_address>0xffe0</run_address>
         <size>0x2</size>
         <input_file_ref idref="fl-24"/>
      </object_component>
      <object_component id="oc-41">
         <name>.int01</name>
         <load_address>0xffe2</load_address>
         <run_address>0xffe2</run_address>
         <size>0x2</size>
         <input_file_ref idref="fl-25"/>
      </object_component>
      <object_component id="oc-42">
         <name>.int03</name>
         <load_address>0xffe6</load_address>
         <run_address>0xffe6</run_address>
         <size>0x2</size>
         <input_file_ref idref="fl-26"/>
      </object_component>
      <object_component id="oc-43">
         <name>.int04</name>
         <load_address>0xffe8</load_address>
         <run_address>0xffe8</run_address>
         <size>0x2</size>
         <input_file_ref idref="fl-27"/>
      </object_component>
      <object_component id="oc-44">
         <name>.int05</name>
         <load_address>0xffea</load_address>
         <run_address>0xffea</run_address>
         <size>0x2</size>
         <input_file_ref idref="fl-28"/>
      </object_component>
      <object_component id="oc-45">
         <name>.int06</name>
         <load_address>0xffec</load_address>
         <run_address>0xffec</run_address>
         <size>0x2</size>
         <input_file_ref idref="fl-29"/>
      </object_component>
      <object_component id="oc-46">
         <name>.int07</name>
         <load_address>0xffee</load_address>
         <run_address>0xffee</run_address>
         <size>0x2</size>
         <input_file_ref idref="fl-2a"/>
      </object_component>
      <object_component id="oc-47">
         <name>.int08</name>
         <load_address>0xfff0</load_address>
         <run_address>0xfff0</run_address>
         <size>0x2</size>
         <input_file_ref idref="fl-2b"/>
      </object_component>
      <object_component id="oc-48">
         <name>.int09</name>
         <load_address>0xfff2</load_address>
         <run_address>0xfff2</run_address>
         <size>0x2</size>
         <input_file_ref idref="fl-2"/>
      </object_component>
      <object_component id="oc-49">
         <name>.int10</name>
         <load_address>0xfff4</load_address>
         <run_address>0xfff4</run_address>
         <size>0x2</size>
         <input_file_ref idref="fl-2c"/>
      </object_component>
      <object_component id="oc-4a">
         <name>.int11</name>
         <load_address>0xfff6</load_address>
         <run_address>0xfff6</run_address>
         <size>0x2</size>
         <input_file_ref idref="fl-2d"/>
      </object_component>
      <object_component id="oc-4b">
         <name>.int12</name>
         <load_address>0xfff8</load_address>
         <run_address>0xfff8</run_address>
         <size>0x2</size>
         <input_file_ref idref="fl-2e"/>
      </object_component>
      <object_component id="oc-4c">
         <name>.int13</name>
         <load_address>0xfffa</load_address>
         <run_address>0xfffa</run_address>
         <size>0x2</size>
         <input_file_ref idref="fl-2f"/>
      </object_component>
      <object_component id="oc-4d">
         <name>.int14</name>
         <load_address>0xfffc</load_address>
         <run_address>0xfffc</run_address>
         <size>0x2</size>
         <input_file_ref idref="fl-30"/>
      </object_component>
      <object_component id="oc-e9">
         <name>.reset</name>
         <load_address>0xfffe</load_address>
         <run_address>0xfffe</run_address>
         <size>0x2</size>
         <input_file_ref idref="fl-32"/>
      </object_component>
      <object_component id="oc-235">
         <name>.debug_info</name>
         <load_address>0x0</load_address>
         <run_address>0x0</run_address>
         <size>0x3b4</size>
         <input_file_ref idref="fl-2"/>
      </object_component>
      <object_component id="oc-1d5">
         <name>.debug_info</name>
         <load_address>0x3b4</load_address>
         <run_address>0x3b4</run_address>
         <size>0x187</size>
         <input_file_ref idref="fl-2"/>
      </object_component>
      <object_component id="oc-1e0">
         <name>.debug_info</name>
         <load_address>0x53b</load_address>
         <run_address>0x53b</run_address>
         <size>0x212</size>
         <input_file_ref idref="fl-2"/>
      </object_component>
      <object_component id="oc-193">
         <name>.debug_info</name>
         <load_address>0x74d</load_address>
         <run_address>0x74d</run_address>
         <size>0x2a2</size>
         <input_file_ref idref="fl-2"/>
      </object_component>
      <object_component id="oc-11b">
         <name>.debug_info</name>
         <load_address>0x9ef</load_address>
         <run_address>0x9ef</run_address>
         <size>0x1a0</size>
         <input_file_ref idref="fl-2"/>
      </object_component>
      <object_component id="oc-28a">
         <name>.debug_info</name>
         <load_address>0xb8f</load_address>
         <run_address>0xb8f</run_address>
         <size>0x26b</size>
         <input_file_ref idref="fl-2"/>
      </object_component>
      <object_component id="oc-1f1">
         <name>.debug_info</name>
         <load_address>0xdfa</load_address>
         <run_address>0xdfa</run_address>
         <size>0x8b</size>
         <input_file_ref idref="fl-2"/>
      </object_component>
      <object_component id="oc-1c4">
         <name>.debug_info</name>
         <load_address>0xe85</load_address>
         <run_address>0xe85</run_address>
         <size>0x282</size>
         <input_file_ref idref="fl-2"/>
      </object_component>
      <object_component id="oc-17f">
         <name>.debug_info</name>
         <load_address>0x1107</load_address>
         <run_address>0x1107</run_address>
         <size>0xbb</size>
         <input_file_ref idref="fl-2"/>
      </object_component>
      <object_component id="oc-1d9">
         <name>.debug_info</name>
         <load_address>0x11c2</load_address>
         <run_address>0x11c2</run_address>
         <size>0x128</size>
         <input_file_ref idref="fl-5"/>
      </object_component>
      <object_component id="oc-179">
         <name>.debug_info</name>
         <load_address>0x12ea</load_address>
         <run_address>0x12ea</run_address>
         <size>0x14e</size>
         <input_file_ref idref="fl-5"/>
      </object_component>
      <object_component id="oc-1e5">
         <name>.debug_info</name>
         <load_address>0x1438</load_address>
         <run_address>0x1438</run_address>
         <size>0x2bf</size>
         <input_file_ref idref="fl-5"/>
      </object_component>
      <object_component id="oc-1eb">
         <name>.debug_info</name>
         <load_address>0x16f7</load_address>
         <run_address>0x16f7</run_address>
         <size>0x169</size>
         <input_file_ref idref="fl-5"/>
      </object_component>
      <object_component id="oc-246">
         <name>.debug_info</name>
         <load_address>0x1860</load_address>
         <run_address>0x1860</run_address>
         <size>0x11e</size>
         <input_file_ref idref="fl-5"/>
      </object_component>
      <object_component id="oc-23a">
         <name>.debug_info</name>
         <load_address>0x197e</load_address>
         <run_address>0x197e</run_address>
         <size>0x15f</size>
         <input_file_ref idref="fl-5"/>
      </object_component>
      <object_component id="oc-240">
         <name>.debug_info</name>
         <load_address>0x1add</load_address>
         <run_address>0x1add</run_address>
         <size>0x1ce</size>
         <input_file_ref idref="fl-5"/>
      </object_component>
      <object_component id="oc-1ce">
         <name>.debug_info</name>
         <load_address>0x1cab</load_address>
         <run_address>0x1cab</run_address>
         <size>0x141</size>
         <input_file_ref idref="fl-6"/>
      </object_component>
      <object_component id="oc-102">
         <name>.debug_info</name>
         <load_address>0x1dec</load_address>
         <run_address>0x1dec</run_address>
         <size>0x84</size>
         <input_file_ref idref="fl-6"/>
      </object_component>
      <object_component id="oc-f8">
         <name>.debug_info</name>
         <load_address>0x1e70</load_address>
         <run_address>0x1e70</run_address>
         <size>0x12e</size>
         <input_file_ref idref="fl-23"/>
      </object_component>
      <object_component id="oc-116">
         <name>.debug_info</name>
         <load_address>0x1f9e</load_address>
         <run_address>0x1f9e</run_address>
         <size>0x10f</size>
         <input_file_ref idref="fl-31"/>
      </object_component>
      <object_component id="oc-e7">
         <name>.debug_info</name>
         <load_address>0x20ad</load_address>
         <run_address>0x20ad</run_address>
         <size>0x100</size>
         <input_file_ref idref="fl-32"/>
      </object_component>
      <object_component id="oc-133">
         <name>.debug_info</name>
         <load_address>0x21ad</load_address>
         <run_address>0x21ad</run_address>
         <size>0x17a</size>
         <input_file_ref idref="fl-32"/>
      </object_component>
      <object_component id="oc-26e">
         <name>.debug_info</name>
         <load_address>0x2327</load_address>
         <run_address>0x2327</run_address>
         <size>0x3de</size>
         <input_file_ref idref="fl-33"/>
      </object_component>
      <object_component id="oc-203">
         <name>.debug_info</name>
         <load_address>0x2705</load_address>
         <run_address>0x2705</run_address>
         <size>0x1e0</size>
         <input_file_ref idref="fl-33"/>
      </object_component>
      <object_component id="oc-2be">
         <name>.debug_info</name>
         <load_address>0x28e5</load_address>
         <run_address>0x28e5</run_address>
         <size>0x39</size>
         <input_file_ref idref="fl-33"/>
      </object_component>
      <object_component id="oc-2cf">
         <name>.debug_info</name>
         <load_address>0x291e</load_address>
         <run_address>0x291e</run_address>
         <size>0x2c</size>
         <input_file_ref idref="fl-33"/>
      </object_component>
      <object_component id="oc-279">
         <name>.debug_info</name>
         <load_address>0x294a</load_address>
         <run_address>0x294a</run_address>
         <size>0x2c</size>
         <input_file_ref idref="fl-33"/>
      </object_component>
      <object_component id="oc-2c3">
         <name>.debug_info</name>
         <load_address>0x2976</load_address>
         <run_address>0x2976</run_address>
         <size>0xcd</size>
         <input_file_ref idref="fl-33"/>
      </object_component>
      <object_component id="oc-18a">
         <name>.debug_info</name>
         <load_address>0x2a43</load_address>
         <run_address>0x2a43</run_address>
         <size>0x175</size>
         <input_file_ref idref="fl-34"/>
      </object_component>
      <object_component id="oc-120">
         <name>.debug_info</name>
         <load_address>0x2bb8</load_address>
         <run_address>0x2bb8</run_address>
         <size>0x1d2</size>
         <input_file_ref idref="fl-34"/>
      </object_component>
      <object_component id="oc-185">
         <name>.debug_info</name>
         <load_address>0x2d8a</load_address>
         <run_address>0x2d8a</run_address>
         <size>0x46</size>
         <input_file_ref idref="fl-34"/>
      </object_component>
      <object_component id="oc-16b">
         <name>.debug_info</name>
         <load_address>0x2dd0</load_address>
         <run_address>0x2dd0</run_address>
         <size>0x2c</size>
         <input_file_ref idref="fl-34"/>
      </object_component>
      <object_component id="oc-18d">
         <name>.debug_info</name>
         <load_address>0x2dfc</load_address>
         <run_address>0x2dfc</run_address>
         <size>0x153</size>
         <input_file_ref idref="fl-37"/>
      </object_component>
      <object_component id="oc-268">
         <name>.debug_info</name>
         <load_address>0x2f4f</load_address>
         <run_address>0x2f4f</run_address>
         <size>0x150</size>
         <input_file_ref idref="fl-38"/>
      </object_component>
      <object_component id="oc-113">
         <name>.debug_info</name>
         <load_address>0x309f</load_address>
         <run_address>0x309f</run_address>
         <size>0x180</size>
         <input_file_ref idref="fl-39"/>
      </object_component>
      <object_component id="oc-3c">
         <name>.debug_info</name>
         <load_address>0x321f</load_address>
         <run_address>0x321f</run_address>
         <size>0x1ea</size>
         <input_file_ref idref="fl-39"/>
      </object_component>
      <object_component id="oc-10e">
         <name>.debug_info</name>
         <load_address>0x3409</load_address>
         <run_address>0x3409</run_address>
         <size>0x46</size>
         <input_file_ref idref="fl-39"/>
      </object_component>
      <object_component id="oc-170">
         <name>.debug_info</name>
         <load_address>0x344f</load_address>
         <run_address>0x344f</run_address>
         <size>0x2c</size>
         <input_file_ref idref="fl-39"/>
      </object_component>
      <object_component id="oc-168">
         <name>.debug_info</name>
         <load_address>0x347b</load_address>
         <run_address>0x347b</run_address>
         <size>0x176</size>
         <input_file_ref idref="fl-3a"/>
      </object_component>
      <object_component id="oc-36">
         <name>.debug_info</name>
         <load_address>0x35f1</load_address>
         <run_address>0x35f1</run_address>
         <size>0x292</size>
         <input_file_ref idref="fl-3a"/>
      </object_component>
      <object_component id="oc-fd">
         <name>.debug_info</name>
         <load_address>0x3883</load_address>
         <run_address>0x3883</run_address>
         <size>0x60</size>
         <input_file_ref idref="fl-3a"/>
      </object_component>
      <object_component id="oc-1ba">
         <name>.debug_info</name>
         <load_address>0x38e3</load_address>
         <run_address>0x38e3</run_address>
         <size>0x46</size>
         <input_file_ref idref="fl-3a"/>
      </object_component>
      <object_component id="oc-163">
         <name>.debug_info</name>
         <load_address>0x3929</load_address>
         <run_address>0x3929</run_address>
         <size>0x39</size>
         <input_file_ref idref="fl-3a"/>
      </object_component>
      <object_component id="oc-266">
         <name>.debug_info</name>
         <load_address>0x3962</load_address>
         <run_address>0x3962</run_address>
         <size>0x22e</size>
         <input_file_ref idref="fl-3b"/>
      </object_component>
      <object_component id="oc-257">
         <name>.debug_info</name>
         <load_address>0x3b90</load_address>
         <run_address>0x3b90</run_address>
         <size>0x132</size>
         <input_file_ref idref="fl-3b"/>
      </object_component>
      <object_component id="oc-1fa">
         <name>.debug_info</name>
         <load_address>0x3cc2</load_address>
         <run_address>0x3cc2</run_address>
         <size>0x122</size>
         <input_file_ref idref="fl-3b"/>
      </object_component>
      <object_component id="oc-1ff">
         <name>.debug_info</name>
         <load_address>0x3de4</load_address>
         <run_address>0x3de4</run_address>
         <size>0x197</size>
         <input_file_ref idref="fl-3b"/>
      </object_component>
      <object_component id="oc-2b1">
         <name>.debug_info</name>
         <load_address>0x3f7b</load_address>
         <run_address>0x3f7b</run_address>
         <size>0x163</size>
         <input_file_ref idref="fl-3c"/>
      </object_component>
      <object_component id="oc-25a">
         <name>.debug_info</name>
         <load_address>0x40de</load_address>
         <run_address>0x40de</run_address>
         <size>0xff</size>
         <input_file_ref idref="fl-3c"/>
      </object_component>
      <object_component id="oc-263">
         <name>.debug_info</name>
         <load_address>0x41dd</load_address>
         <run_address>0x41dd</run_address>
         <size>0x103</size>
         <input_file_ref idref="fl-3c"/>
      </object_component>
      <object_component id="oc-2ac">
         <name>.debug_info</name>
         <load_address>0x42e0</load_address>
         <run_address>0x42e0</run_address>
         <size>0x12e</size>
         <input_file_ref idref="fl-3c"/>
      </object_component>
      <object_component id="oc-16a">
         <name>.debug_info</name>
         <load_address>0x440e</load_address>
         <run_address>0x440e</run_address>
         <size>0x181</size>
         <input_file_ref idref="fl-3e"/>
      </object_component>
      <object_component id="oc-108">
         <name>.debug_info</name>
         <load_address>0x458f</load_address>
         <run_address>0x458f</run_address>
         <size>0x17a</size>
         <input_file_ref idref="fl-3e"/>
      </object_component>
      <object_component id="oc-2a6">
         <name>.debug_info</name>
         <load_address>0x4709</load_address>
         <run_address>0x4709</run_address>
         <size>0x20e</size>
         <input_file_ref idref="fl-3f"/>
      </object_component>
      <object_component id="oc-24e">
         <name>.debug_info</name>
         <load_address>0x4917</load_address>
         <run_address>0x4917</run_address>
         <size>0x18e</size>
         <input_file_ref idref="fl-3f"/>
      </object_component>
      <object_component id="oc-2fe">
         <name>.debug_info</name>
         <load_address>0x4aa5</load_address>
         <run_address>0x4aa5</run_address>
         <size>0xb2</size>
         <input_file_ref idref="fl-3f"/>
      </object_component>
      <object_component id="oc-29d">
         <name>.debug_info</name>
         <load_address>0x4b57</load_address>
         <run_address>0x4b57</run_address>
         <size>0xfe</size>
         <input_file_ref idref="fl-40"/>
      </object_component>
      <object_component id="oc-2fb">
         <name>.debug_info</name>
         <load_address>0x4c55</load_address>
         <run_address>0x4c55</run_address>
         <size>0x25b</size>
         <input_file_ref idref="fl-41"/>
      </object_component>
      <object_component id="oc-2a0">
         <name>.debug_info</name>
         <load_address>0x4eb0</load_address>
         <run_address>0x4eb0</run_address>
         <size>0x1d0</size>
         <input_file_ref idref="fl-41"/>
      </object_component>
      <object_component id="oc-2f7">
         <name>.debug_info</name>
         <load_address>0x5080</load_address>
         <run_address>0x5080</run_address>
         <size>0x2d4</size>
         <input_file_ref idref="fl-42"/>
      </object_component>
      <object_component id="oc-298">
         <name>.debug_info</name>
         <load_address>0x5354</load_address>
         <run_address>0x5354</run_address>
         <size>0x2c7</size>
         <input_file_ref idref="fl-42"/>
      </object_component>
      <object_component id="oc-31f">
         <name>.debug_info</name>
         <load_address>0x561b</load_address>
         <run_address>0x561b</run_address>
         <size>0x1d8</size>
         <input_file_ref idref="fl-43"/>
      </object_component>
      <object_component id="oc-2d9">
         <name>.debug_info</name>
         <load_address>0x57f3</load_address>
         <run_address>0x57f3</run_address>
         <size>0x196</size>
         <input_file_ref idref="fl-43"/>
      </object_component>
      <object_component id="oc-350">
         <name>.debug_info</name>
         <load_address>0x5989</load_address>
         <run_address>0x5989</run_address>
         <size>0xbf</size>
         <input_file_ref idref="fl-43"/>
      </object_component>
      <object_component id="oc-34f">
         <name>.debug_info</name>
         <load_address>0x5a48</load_address>
         <run_address>0x5a48</run_address>
         <size>0x24c</size>
         <input_file_ref idref="fl-44"/>
      </object_component>
      <object_component id="oc-319">
         <name>.debug_info</name>
         <load_address>0x5c94</load_address>
         <run_address>0x5c94</run_address>
         <size>0x1fe</size>
         <input_file_ref idref="fl-44"/>
      </object_component>
      <object_component id="oc-ee">
         <name>.debug_info</name>
         <load_address>0x5e92</load_address>
         <run_address>0x5e92</run_address>
         <size>0x120</size>
         <input_file_ref idref="fl-45"/>
      </object_component>
      <object_component id="oc-f4">
         <name>.debug_info</name>
         <load_address>0x5fb2</load_address>
         <run_address>0x5fb2</run_address>
         <size>0x120</size>
         <input_file_ref idref="fl-46"/>
      </object_component>
      <object_component id="oc-2b4">
         <name>.debug_info</name>
         <load_address>0x60d2</load_address>
         <run_address>0x60d2</run_address>
         <size>0x103</size>
         <input_file_ref idref="fl-48"/>
      </object_component>
      <object_component id="oc-260">
         <name>.debug_info</name>
         <load_address>0x61d5</load_address>
         <run_address>0x61d5</run_address>
         <size>0x11a</size>
         <input_file_ref idref="fl-48"/>
      </object_component>
      <object_component id="oc-25d">
         <name>.debug_info</name>
         <load_address>0x62ef</load_address>
         <run_address>0x62ef</run_address>
         <size>0x116</size>
         <input_file_ref idref="fl-48"/>
      </object_component>
      <object_component id="oc-2d6">
         <name>.debug_info</name>
         <load_address>0x6405</load_address>
         <run_address>0x6405</run_address>
         <size>0x13e</size>
         <input_file_ref idref="fl-49"/>
      </object_component>
      <object_component id="oc-293">
         <name>.debug_info</name>
         <load_address>0x6543</load_address>
         <run_address>0x6543</run_address>
         <size>0x102</size>
         <input_file_ref idref="fl-49"/>
      </object_component>
      <object_component id="oc-38e">
         <name>.debug_info</name>
         <load_address>0x6645</load_address>
         <run_address>0x6645</run_address>
         <size>0x10a</size>
         <input_file_ref idref="fl-49"/>
      </object_component>
      <object_component id="oc-323">
         <name>.debug_info</name>
         <load_address>0x674f</load_address>
         <run_address>0x674f</run_address>
         <size>0x178</size>
         <input_file_ref idref="fl-4a"/>
      </object_component>
      <object_component id="oc-2e8">
         <name>.debug_info</name>
         <load_address>0x68c7</load_address>
         <run_address>0x68c7</run_address>
         <size>0x250</size>
         <input_file_ref idref="fl-4a"/>
      </object_component>
      <object_component id="oc-15f">
         <name>.debug_info</name>
         <load_address>0x6b17</load_address>
         <run_address>0x6b17</run_address>
         <size>0x22a</size>
         <input_file_ref idref="fl-4b"/>
      </object_component>
      <object_component id="oc-eb">
         <name>.debug_info</name>
         <load_address>0x6d41</load_address>
         <run_address>0x6d41</run_address>
         <size>0x10c</size>
         <input_file_ref idref="fl-4b"/>
      </object_component>
      <object_component id="oc-3c9">
         <name>.debug_info</name>
         <load_address>0x6e4d</load_address>
         <run_address>0x6e4d</run_address>
         <size>0x11f</size>
         <input_file_ref idref="fl-4b"/>
      </object_component>
      <object_component id="oc-3c4">
         <name>.debug_info</name>
         <load_address>0x6f6c</load_address>
         <run_address>0x6f6c</run_address>
         <size>0x105</size>
         <input_file_ref idref="fl-4b"/>
      </object_component>
      <object_component id="oc-345">
         <name>.debug_info</name>
         <load_address>0x7071</load_address>
         <run_address>0x7071</run_address>
         <size>0x168</size>
         <input_file_ref idref="fl-4b"/>
      </object_component>
      <object_component id="oc-376">
         <name>.debug_info</name>
         <load_address>0x71d9</load_address>
         <run_address>0x71d9</run_address>
         <size>0x18e</size>
         <input_file_ref idref="fl-4b"/>
      </object_component>
      <object_component id="oc-37b">
         <name>.debug_info</name>
         <load_address>0x7367</load_address>
         <run_address>0x7367</run_address>
         <size>0x19f</size>
         <input_file_ref idref="fl-4b"/>
      </object_component>
      <object_component id="oc-33e">
         <name>.debug_info</name>
         <load_address>0x7506</load_address>
         <run_address>0x7506</run_address>
         <size>0x203</size>
         <input_file_ref idref="fl-4b"/>
      </object_component>
      <object_component id="oc-3cc">
         <name>.debug_info</name>
         <load_address>0x7709</load_address>
         <run_address>0x7709</run_address>
         <size>0x1db</size>
         <input_file_ref idref="fl-4b"/>
      </object_component>
      <object_component id="oc-381">
         <name>.debug_info</name>
         <load_address>0x78e4</load_address>
         <run_address>0x78e4</run_address>
         <size>0x273</size>
         <input_file_ref idref="fl-4b"/>
      </object_component>
      <object_component id="oc-1b5">
         <name>.debug_info</name>
         <load_address>0x7b57</load_address>
         <run_address>0x7b57</run_address>
         <size>0xb2</size>
         <input_file_ref idref="fl-4b"/>
      </object_component>
      <object_component id="oc-1b0">
         <name>.debug_info</name>
         <load_address>0x7c09</load_address>
         <run_address>0x7c09</run_address>
         <size>0x2c</size>
         <input_file_ref idref="fl-4b"/>
      </object_component>
      <object_component id="oc-321">
         <name>.debug_info</name>
         <load_address>0x7c35</load_address>
         <run_address>0x7c35</run_address>
         <size>0x162</size>
         <input_file_ref idref="fl-4d"/>
      </object_component>
      <object_component id="oc-2e1">
         <name>.debug_info</name>
         <load_address>0x7d97</load_address>
         <run_address>0x7d97</run_address>
         <size>0x230</size>
         <input_file_ref idref="fl-4d"/>
      </object_component>
      <object_component id="oc-32a">
         <name>.debug_info</name>
         <load_address>0x7fc7</load_address>
         <run_address>0x7fc7</run_address>
         <size>0x26f</size>
         <input_file_ref idref="fl-4e"/>
      </object_component>
      <object_component id="oc-2f1">
         <name>.debug_info</name>
         <load_address>0x8236</load_address>
         <run_address>0x8236</run_address>
         <size>0x189</size>
         <input_file_ref idref="fl-4e"/>
      </object_component>
      <object_component id="oc-365">
         <name>.debug_info</name>
         <load_address>0x83bf</load_address>
         <run_address>0x83bf</run_address>
         <size>0x120</size>
         <input_file_ref idref="fl-4e"/>
      </object_component>
      <object_component id="oc-36a">
         <name>.debug_info</name>
         <load_address>0x84df</load_address>
         <run_address>0x84df</run_address>
         <size>0x2c</size>
         <input_file_ref idref="fl-4e"/>
      </object_component>
      <object_component id="oc-362">
         <name>.debug_info</name>
         <load_address>0x850b</load_address>
         <run_address>0x850b</run_address>
         <size>0x337</size>
         <input_file_ref idref="fl-4f"/>
      </object_component>
      <object_component id="oc-35e">
         <name>.debug_info</name>
         <load_address>0x8842</load_address>
         <run_address>0x8842</run_address>
         <size>0x109</size>
         <input_file_ref idref="fl-4f"/>
      </object_component>
      <object_component id="oc-327">
         <name>.debug_info</name>
         <load_address>0x894b</load_address>
         <run_address>0x894b</run_address>
         <size>0x109</size>
         <input_file_ref idref="fl-4f"/>
      </object_component>
      <object_component id="oc-325">
         <name>.debug_info</name>
         <load_address>0x8a54</load_address>
         <run_address>0x8a54</run_address>
         <size>0x21f</size>
         <input_file_ref idref="fl-50"/>
      </object_component>
      <object_component id="oc-2eb">
         <name>.debug_info</name>
         <load_address>0x8c73</load_address>
         <run_address>0x8c73</run_address>
         <size>0x184</size>
         <input_file_ref idref="fl-50"/>
      </object_component>
      <object_component id="oc-349">
         <name>.debug_info</name>
         <load_address>0x8df7</load_address>
         <run_address>0x8df7</run_address>
         <size>0x176</size>
         <input_file_ref idref="fl-51"/>
      </object_component>
      <object_component id="oc-336">
         <name>.debug_info</name>
         <load_address>0x8f6d</load_address>
         <run_address>0x8f6d</run_address>
         <size>0x1fc</size>
         <input_file_ref idref="fl-52"/>
      </object_component>
      <object_component id="oc-315">
         <name>.debug_info</name>
         <load_address>0x9169</load_address>
         <run_address>0x9169</run_address>
         <size>0x1e1</size>
         <input_file_ref idref="fl-52"/>
      </object_component>
      <object_component id="oc-337">
         <name>.debug_info</name>
         <load_address>0x934a</load_address>
         <run_address>0x934a</run_address>
         <size>0xbf</size>
         <input_file_ref idref="fl-52"/>
      </object_component>
      <object_component id="oc-3f4">
         <name>.debug_info</name>
         <load_address>0x9409</load_address>
         <run_address>0x9409</run_address>
         <size>0x24b</size>
         <input_file_ref idref="fl-54"/>
      </object_component>
      <object_component id="oc-39d">
         <name>.debug_info</name>
         <load_address>0x9654</load_address>
         <run_address>0x9654</run_address>
         <size>0x1bc</size>
         <input_file_ref idref="fl-54"/>
      </object_component>
      <object_component id="oc-3ff">
         <name>.debug_info</name>
         <load_address>0x9810</load_address>
         <run_address>0x9810</run_address>
         <size>0x250</size>
         <input_file_ref idref="fl-55"/>
      </object_component>
      <object_component id="oc-3ac">
         <name>.debug_info</name>
         <load_address>0x9a60</load_address>
         <run_address>0x9a60</run_address>
         <size>0x226</size>
         <input_file_ref idref="fl-55"/>
      </object_component>
      <object_component id="oc-3e4">
         <name>.debug_info</name>
         <load_address>0x9c86</load_address>
         <run_address>0x9c86</run_address>
         <size>0x27b</size>
         <input_file_ref idref="fl-56"/>
      </object_component>
      <object_component id="oc-394">
         <name>.debug_info</name>
         <load_address>0x9f01</load_address>
         <run_address>0x9f01</run_address>
         <size>0x20c</size>
         <input_file_ref idref="fl-56"/>
      </object_component>
      <object_component id="oc-3f6">
         <name>.debug_info</name>
         <load_address>0xa10d</load_address>
         <run_address>0xa10d</run_address>
         <size>0x24f</size>
         <input_file_ref idref="fl-57"/>
      </object_component>
      <object_component id="oc-3a0">
         <name>.debug_info</name>
         <load_address>0xa35c</load_address>
         <run_address>0xa35c</run_address>
         <size>0x1fb</size>
         <input_file_ref idref="fl-57"/>
      </object_component>
      <object_component id="oc-409">
         <name>.debug_info</name>
         <load_address>0xa557</load_address>
         <run_address>0xa557</run_address>
         <size>0x2ad</size>
         <input_file_ref idref="fl-58"/>
      </object_component>
      <object_component id="oc-3b8">
         <name>.debug_info</name>
         <load_address>0xa804</load_address>
         <run_address>0xa804</run_address>
         <size>0x236</size>
         <input_file_ref idref="fl-58"/>
      </object_component>
      <object_component id="oc-401">
         <name>.debug_info</name>
         <load_address>0xaa3a</load_address>
         <run_address>0xaa3a</run_address>
         <size>0x26e</size>
         <input_file_ref idref="fl-59"/>
      </object_component>
      <object_component id="oc-3b2">
         <name>.debug_info</name>
         <load_address>0xaca8</load_address>
         <run_address>0xaca8</run_address>
         <size>0x1c6</size>
         <input_file_ref idref="fl-59"/>
      </object_component>
      <object_component id="oc-3f8">
         <name>.debug_info</name>
         <load_address>0xae6e</load_address>
         <run_address>0xae6e</run_address>
         <size>0x250</size>
         <input_file_ref idref="fl-5a"/>
      </object_component>
      <object_component id="oc-3a6">
         <name>.debug_info</name>
         <load_address>0xb0be</load_address>
         <run_address>0xb0be</run_address>
         <size>0x200</size>
         <input_file_ref idref="fl-5a"/>
      </object_component>
      <object_component id="oc-421">
         <name>.debug_info</name>
         <load_address>0xb2be</load_address>
         <run_address>0xb2be</run_address>
         <size>0x193</size>
         <input_file_ref idref="fl-5b"/>
      </object_component>
      <object_component id="oc-41e">
         <name>.debug_info</name>
         <load_address>0xb451</load_address>
         <run_address>0xb451</run_address>
         <size>0x106</size>
         <input_file_ref idref="fl-5b"/>
      </object_component>
      <object_component id="oc-3e7">
         <name>.debug_info</name>
         <load_address>0xb557</load_address>
         <run_address>0xb557</run_address>
         <size>0x1df</size>
         <input_file_ref idref="fl-5b"/>
      </object_component>
      <object_component id="oc-3ed">
         <name>.debug_info</name>
         <load_address>0xb736</load_address>
         <run_address>0xb736</run_address>
         <size>0x19a</size>
         <input_file_ref idref="fl-5b"/>
      </object_component>
      <object_component id="oc-370">
         <name>.debug_info</name>
         <load_address>0xb8d0</load_address>
         <run_address>0xb8d0</run_address>
         <size>0x26f</size>
         <input_file_ref idref="fl-5d"/>
      </object_component>
      <object_component id="oc-332">
         <name>.debug_info</name>
         <load_address>0xbb3f</load_address>
         <run_address>0xbb3f</run_address>
         <size>0x18f</size>
         <input_file_ref idref="fl-5d"/>
      </object_component>
      <object_component id="oc-3e0">
         <name>.debug_info</name>
         <load_address>0xbcce</load_address>
         <run_address>0xbcce</run_address>
         <size>0x27d</size>
         <input_file_ref idref="fl-5e"/>
      </object_component>
      <object_component id="oc-388">
         <name>.debug_info</name>
         <load_address>0xbf4b</load_address>
         <run_address>0xbf4b</run_address>
         <size>0x209</size>
         <input_file_ref idref="fl-5e"/>
      </object_component>
      <object_component id="oc-447">
         <name>.debug_info</name>
         <load_address>0xc154</load_address>
         <run_address>0xc154</run_address>
         <size>0x304</size>
         <input_file_ref idref="fl-5f"/>
      </object_component>
      <object_component id="oc-442">
         <name>.debug_info</name>
         <load_address>0xc458</load_address>
         <run_address>0xc458</run_address>
         <size>0x198</size>
         <input_file_ref idref="fl-5f"/>
      </object_component>
      <object_component id="oc-415">
         <name>.debug_info</name>
         <load_address>0xc5f0</load_address>
         <run_address>0xc5f0</run_address>
         <size>0x1eb</size>
         <input_file_ref idref="fl-5f"/>
      </object_component>
      <object_component id="oc-44a">
         <name>.debug_info</name>
         <load_address>0xc7db</load_address>
         <run_address>0xc7db</run_address>
         <size>0xea</size>
         <input_file_ref idref="fl-5f"/>
      </object_component>
      <object_component id="oc-462">
         <name>.debug_info</name>
         <load_address>0xc8c5</load_address>
         <run_address>0xc8c5</run_address>
         <size>0x39</size>
         <input_file_ref idref="fl-5f"/>
      </object_component>
      <object_component id="oc-3fc">
         <name>.debug_info</name>
         <load_address>0xc8fe</load_address>
         <run_address>0xc8fe</run_address>
         <size>0x126</size>
         <input_file_ref idref="fl-60"/>
      </object_component>
      <object_component id="oc-456">
         <name>.debug_info</name>
         <load_address>0xca24</load_address>
         <run_address>0xca24</run_address>
         <size>0x172</size>
         <input_file_ref idref="fl-61"/>
      </object_component>
      <object_component id="oc-437">
         <name>.debug_info</name>
         <load_address>0xcb96</load_address>
         <run_address>0xcb96</run_address>
         <size>0x268</size>
         <input_file_ref idref="fl-61"/>
      </object_component>
      <object_component id="oc-46c">
         <name>.debug_info</name>
         <load_address>0xcdfe</load_address>
         <run_address>0xcdfe</run_address>
         <size>0x162</size>
         <input_file_ref idref="fl-62"/>
      </object_component>
      <object_component id="oc-45d">
         <name>.debug_info</name>
         <load_address>0xcf60</load_address>
         <run_address>0xcf60</run_address>
         <size>0x273</size>
         <input_file_ref idref="fl-62"/>
      </object_component>
      <object_component id="oc-42f">
         <name>.debug_info</name>
         <load_address>0xd1d3</load_address>
         <run_address>0xd1d3</run_address>
         <size>0x17c</size>
         <input_file_ref idref="fl-63"/>
      </object_component>
      <object_component id="oc-405">
         <name>.debug_info</name>
         <load_address>0xd34f</load_address>
         <run_address>0xd34f</run_address>
         <size>0x24d</size>
         <input_file_ref idref="fl-63"/>
      </object_component>
      <object_component id="oc-458">
         <name>.debug_info</name>
         <load_address>0xd59c</load_address>
         <run_address>0xd59c</run_address>
         <size>0x17d</size>
         <input_file_ref idref="fl-64"/>
      </object_component>
      <object_component id="oc-43d">
         <name>.debug_info</name>
[...]
         <object_component_ref idref="oc-f7"/>
      </symbol>
      <symbol id="sm-1b4">
         <name>__mspabi_func_epilog_5</name>
         <value>0x24ea</value>
         <object_component_ref idref="oc-f7"/>
      </symbol>
      <symbol id="sm-1b7">
         <name>__TI_int00</name>
         <value>0xffe0</value>
         <object_component_ref idref="oc-40"/>
      </symbol>
      <symbol id="sm-1ba">
         <name>__TI_int01</name>
         <value>0xffe2</value>
         <object_component_ref idref="oc-41"/>
      </symbol>
      <symbol id="sm-1bd">
         <name>__TI_int03</name>
         <value>0xffe6</value>
         <object_component_ref idref="oc-42"/>
      </symbol>
      <symbol id="sm-1c0">
         <name>__TI_int04</name>
         <value>0xffe8</value>
         <object_component_ref idref="oc-43"/>
      </symbol>
      <symbol id="sm-1c3">
         <name>__TI_int05</name>
         <value>0xffea</value>
         <object_component_ref idref="oc-44"/>
      </symbol>
      <symbol id="sm-1c6">
         <name>__TI_int06</name>
         <value>0xffec</value>
         <object_component_ref idref="oc-45"/>
      </symbol>
      <symbol id="sm-1c9">
         <name>__TI_int07</name>
         <value>0xffee</value>
         <object_component_ref idref="oc-46"/>
      </symbol>
      <symbol id="sm-1cc">
         <name>__TI_int08</name>
         <value>0xfff0</value>
         <object_component_ref idref="oc-47"/>
      </symbol>
      <symbol id="sm-1cf">
         <name>__TI_int10</name>
         <value>0xfff4</value>
         <object_component_ref idref="oc-49"/>
      </symbol>
      <symbol id="sm-1d2">
         <name>__TI_int11</name>
         <value>0xfff6</value>
         <object_component_ref idref="oc-4a"/>
      </symbol>
      <symbol id="sm-1d5">
         <name>__TI_int12</name>
         <value>0xfff8</value>
         <object_component_ref idref="oc-4b"/>
      </symbol>
      <symbol id="sm-1d8">
         <name>__TI_int13</name>
         <value>0xfffa</value>
         <object_component_ref idref="oc-4c"/>
      </symbol>
      <symbol id="sm-1db">
         <name>__TI_int14</name>
         <value>0xfffc</value>
         <object_component_ref idref="oc-4d"/>
      </symbol>
      <symbol id="sm-1e3">
         <name>__TI_ISR_TRAP</name>
         <value>0x2520</value>
         <object_component_ref idref="oc-114"/>
      </symbol>
      <symbol id="sm-1f3">
         <name>_stack</name>
         <value>0x9b0</value>
         <object_component_ref idref="oc-e6"/>
      </symbol>
      <symbol id="sm-1f4">
         <name>_c_int00_noargs</name>
         <value>0x2430</value>
         <object_component_ref idref="oc-131"/>
      </symbol>
      <symbol id="sm-1f5">
         <name>_reset_vector</name>
         <value>0xfffe</value>
         <object_component_ref idref="oc-e9"/>
      </symbol>
      <symbol id="sm-217">
         <name>__TI_auto_init_nobinit_nopinit</name>
         <value>0x20b6</value>
         <object_component_ref idref="oc-202"/>
      </symbol>
      <symbol id="sm-22f">
         <name>__TI_zero_init_nomemset</name>
         <value>0x249a</value>
         <object_component_ref idref="oc-11f"/>
      </symbol>
      <symbol id="sm-23a">
         <name>_system_pre_init</name>
         <value>0x254c</value>
         <object_component_ref idref="oc-18c"/>
      </symbol>
      <symbol id="sm-243">
         <name>_system_post_cinit</name>
         <value>0x2552</value>
         <object_component_ref idref="oc-267"/>
      </symbol>
      <symbol id="sm-259">
         <name>__TI_decompress_none</name>
         <value>0x24c2</value>
         <object_component_ref idref="oc-3a"/>
      </symbol>
      <symbol id="sm-27c">
         <name>__TI_decompress_lzss</name>
         <value>0x1a48</value>
         <object_component_ref idref="oc-34"/>
      </symbol>
      <symbol id="sm-299">
         <name>C$$EXIT</name>
         <value>0x2546</value>
         <object_component_ref idref="oc-1f6"/>
      </symbol>
      <symbol id="sm-29a">
         <name>abort</name>
         <value>0x2546</value>
         <object_component_ref idref="oc-1f6"/>
      </symbol>
      <symbol id="sm-29b">
         <name>__TI_enable_exit_profile_output</name>
         <value>0x41a</value>
         <object_component_ref idref="oc-256"/>
      </symbol>
      <symbol id="sm-29c">
         <name>exit</name>
         <value>0x2072</value>
         <object_component_ref idref="oc-1fc"/>
      </symbol>
      <symbol id="sm-2b2">
         <name>_nop</name>
         <value>0x2550</value>
         <object_component_ref idref="oc-2a9"/>
      </symbol>
      <symbol id="sm-2b3">
         <name>_lock</name>
         <value>0x412</value>
         <object_component_ref idref="oc-259"/>
      </symbol>
      <symbol id="sm-2b4">
         <name>_unlock</name>
         <value>0x414</value>
         <object_component_ref idref="oc-262"/>
      </symbol>
      <symbol id="sm-2c3">
         <name>memcpy</name>
         <value>0x24d4</value>
         <object_component_ref idref="oc-107"/>
      </symbol>
      <symbol id="sm-2e3">
         <name>perror</name>
         <value>0x1b3e</value>
         <object_component_ref idref="oc-24d"/>
      </symbol>
      <symbol id="sm-2ea">
         <name>errno</name>
         <value>0x418</value>
         <object_component_ref idref="oc-29c"/>
      </symbol>
      <symbol id="sm-2fd">
         <name>putc</name>
         <value>0x18a4</value>
         <object_component_ref idref="oc-29f"/>
      </symbol>
      <symbol id="sm-2fe">
         <name>fputc</name>
         <value>0x18a4</value>
         <object_component_ref idref="oc-29f"/>
      </symbol>
      <symbol id="sm-316">
         <name>fputs</name>
         <value>0x1618</value>
         <object_component_ref idref="oc-295"/>
      </symbol>
      <symbol id="sm-32e">
         <name>__TI_wrt_ok</name>
         <value>0x1ac4</value>
         <object_component_ref idref="oc-2d8"/>
      </symbol>
      <symbol id="sm-346">
         <name>setvbuf</name>
         <value>0x17d4</value>
         <object_component_ref idref="oc-318"/>
      </symbol>
      <symbol id="sm-34e">
         <name>__mspabi_slli</name>
         <value>0x231a</value>
         <object_component_ref idref="oc-ed"/>
      </symbol>
      <symbol id="sm-34f">
         <name>__mspabi_slli_9</name>
         <value>0x2332</value>
         <object_component_ref idref="oc-ed"/>
      </symbol>
      <symbol id="sm-350">
         <name>__mspabi_slli_8</name>
         <value>0x2334</value>
         <object_component_ref idref="oc-ed"/>
      </symbol>
      <symbol id="sm-351">
         <name>__mspabi_slli_7</name>
         <value>0x2336</value>
         <object_component_ref idref="oc-ed"/>
      </symbol>
      <symbol id="sm-352">
         <name>__mspabi_slli_6</name>
         <value>0x2338</value>
         <object_component_ref idref="oc-ed"/>
      </symbol>
      <symbol id="sm-353">
         <name>__mspabi_slli_5</name>
         <value>0x233a</value>
         <object_component_ref idref="oc-ed"/>
      </symbol>
      <symbol id="sm-354">
         <name>__mspabi_slli_4</name>
         <value>0x233c</value>
         <object_component_ref idref="oc-ed"/>
      </symbol>
      <symbol id="sm-355">
         <name>__mspabi_slli_3</name>
         <value>0x233e</value>
         <object_component_ref idref="oc-ed"/>
      </symbol>
      <symbol id="sm-356">
         <name>__mspabi_slli_2</name>
         <value>0x2340</value>
         <object_component_ref idref="oc-ed"/>
      </symbol>
      <symbol id="sm-357">
         <name>__mspabi_slli_1</name>
         <value>0x2342</value>
         <object_component_ref idref="oc-ed"/>
      </symbol>
      <symbol id="sm-358">
         <name>__mspabi_slli_15</name>
         <value>0x2326</value>
         <object_component_ref idref="oc-ed"/>
      </symbol>
      <symbol id="sm-359">
         <name>__mspabi_slli_14</name>
         <value>0x2328</value>
         <object_component_ref idref="oc-ed"/>
      </symbol>
      <symbol id="sm-35a">
         <name>__mspabi_slli_13</name>
         <value>0x232a</value>
         <object_component_ref idref="oc-ed"/>
      </symbol>
      <symbol id="sm-35b">
         <name>__mspabi_slli_12</name>
         <value>0x232c</value>
         <object_component_ref idref="oc-ed"/>
      </symbol>
      <symbol id="sm-35c">
         <name>__mspabi_slli_11</name>
         <value>0x232e</value>
         <object_component_ref idref="oc-ed"/>
      </symbol>
      <symbol id="sm-35d">
         <name>__mspabi_slli_10</name>
         <value>0x2330</value>
         <object_component_ref idref="oc-ed"/>
      </symbol>
      <symbol id="sm-365">
         <name>__mspabi_srli_8</name>
         <value>0x1fc2</value>
         <object_component_ref idref="oc-f2"/>
      </symbol>
      <symbol id="sm-366">
         <name>__mspabi_srli_9</name>
         <value>0x1fbe</value>
         <object_component_ref idref="oc-f2"/>
      </symbol>
      <symbol id="sm-367">
         <name>__mspabi_srli_6</name>
         <value>0x1fca</value>
         <object_component_ref idref="oc-f2"/>
      </symbol>
      <symbol id="sm-368">
         <name>__mspabi_srli_7</name>
         <value>0x1fc6</value>
         <object_component_ref idref="oc-f2"/>
      </symbol>
      <symbol id="sm-369">
         <name>__mspabi_srli_4</name>
         <value>0x1fd2</value>
         <object_component_ref idref="oc-f2"/>
      </symbol>
      <symbol id="sm-36a">
         <name>__mspabi_srli_5</name>
         <value>0x1fce</value>
         <object_component_ref idref="oc-f2"/>
      </symbol>
      <symbol id="sm-36b">
         <name>__mspabi_srli_2</name>
         <value>0x1fda</value>
         <object_component_ref idref="oc-f2"/>
      </symbol>
      <symbol id="sm-36c">
         <name>__mspabi_srli_3</name>
         <value>0x1fd6</value>
         <object_component_ref idref="oc-f2"/>
      </symbol>
      <symbol id="sm-36d">
         <name>__mspabi_srli_1</name>
         <value>0x1fde</value>
         <object_component_ref idref="oc-f2"/>
      </symbol>
      <symbol id="sm-36e">
         <name>__mspabi_srli</name>
         <value>0x1f98</value>
         <object_component_ref idref="oc-f2"/>
      </symbol>
      <symbol id="sm-36f">
         <name>__mspabi_srli_15</name>
         <value>0x1fa6</value>
         <object_component_ref idref="oc-f2"/>
      </symbol>
      <symbol id="sm-370">
         <name>__mspabi_srli_14</name>
         <value>0x1faa</value>
         <object_component_ref idref="oc-f2"/>
      </symbol>
      <symbol id="sm-371">
         <name>__mspabi_srli_13</name>
         <value>0x1fae</value>
         <object_component_ref idref="oc-f2"/>
      </symbol>
      <symbol id="sm-372">
         <name>__mspabi_srli_12</name>
         <value>0x1fb2</value>
         <object_component_ref idref="oc-f2"/>
      </symbol>
      <symbol id="sm-373">
         <name>__mspabi_srli_11</name>
         <value>0x1fb6</value>
         <object_component_ref idref="oc-f2"/>
      </symbol>
      <symbol id="sm-374">
         <name>__mspabi_srli_10</name>
         <value>0x1fba</value>
         <object_component_ref idref="oc-f2"/>
      </symbol>
      <symbol id="sm-384">
         <name>__TI_dtors_ptr</name>
         <value>0x410</value>
         <object_component_ref idref="oc-25c"/>
      </symbol>
      <symbol id="sm-385">
         <name>__TI_cleanup_ptr</name>
         <value>0x40e</value>
         <object_component_ref idref="oc-25f"/>
      </symbol>
      <symbol id="sm-395">
         <name>__TI_tmpnams</name>
         <value>0x41e</value>
      </symbol>
      <symbol id="sm-396">
         <name>_ftable</name>
         <value>0x320</value>
         <object_component_ref idref="oc-292"/>
      </symbol>
      <symbol id="sm-397">
         <name>__TI_ft_end</name>
         <value>0x416</value>
         <object_component_ref idref="oc-38d"/>
      </symbol>
      <symbol id="sm-3a6">
         <name>memchr</name>
         <value>0x24ae</value>
         <object_component_ref idref="oc-2e4"/>
      </symbol>
      <symbol id="sm-424">
         <name>_sys_memory</name>
         <value>0x4c8</value>
         <object_component_ref idref="oc-ea"/>
      </symbol>
      <symbol id="sm-425">
         <name>free</name>
         <value>0x1702</value>
         <object_component_ref idref="oc-33c"/>
      </symbol>
      <symbol id="sm-426">
         <name>memalign</name>
         <value>0x1522</value>
         <object_component_ref idref="oc-380"/>
      </symbol>
      <symbol id="sm-427">
         <name>malloc</name>
         <value>0x2530</value>
         <object_component_ref idref="oc-342"/>
      </symbol>
      <symbol id="sm-428">
         <name>aligned_alloc</name>
         <value>0x1522</value>
         <object_component_ref idref="oc-380"/>
      </symbol>
      <symbol id="sm-436">
         <name>strlen</name>
         <value>0x2506</value>
         <object_component_ref idref="oc-2de"/>
      </symbol>
      <symbol id="sm-44d">
         <name>write</name>
         <value>0x240c</value>
         <object_component_ref idref="oc-2f0"/>
      </symbol>
      <symbol id="sm-45c">
         <name>_stream</name>
         <value>0x3e6</value>
         <object_component_ref idref="oc-326"/>
      </symbol>
      <symbol id="sm-45d">
         <name>_device</name>
         <value>0x398</value>
         <object_component_ref idref="oc-35d"/>
      </symbol>
      <symbol id="sm-46e">
         <name>__TI_doflush</name>
         <value>0x1e30</value>
         <object_component_ref idref="oc-2ea"/>
      </symbol>
      <symbol id="sm-47a">
         <name>__TI_cleanup</name>
         <value>0x222a</value>
         <object_component_ref idref="oc-348"/>
      </symbol>
      <symbol id="sm-48f">
         <name>fseeko</name>
         <value>0x1c26</value>
         <object_component_ref idref="oc-312"/>
      </symbol>
      <symbol id="sm-490">
         <name>fseek</name>
         <value>0x1c26</value>
         <object_component_ref idref="oc-312"/>
      </symbol>
      <symbol id="sm-49d">
         <name>HOSTclose</name>
         <value>0x202e</value>
         <object_component_ref idref="oc-399"/>
      </symbol>
      <symbol id="sm-4a9">
         <name>HOSTlseek</name>
         <value>0x19c0</value>
         <object_component_ref idref="oc-3ab"/>
      </symbol>
      <symbol id="sm-4b7">
         <name>parmbuf</name>
         <value>0x4be</value>
      </symbol>
      <symbol id="sm-4b8">
         <name>HOSTopen</name>
         <value>0x1d68</value>
         <object_component_ref idref="oc-393"/>
      </symbol>
      <symbol id="sm-4c5">
         <name>HOSTread</name>
         <value>0x1e92</value>
         <object_component_ref idref="oc-39f"/>
      </symbol>
      <symbol id="sm-4d1">
         <name>HOSTrename</name>
         <value>0x1c96</value>
         <object_component_ref idref="oc-3b7"/>
      </symbol>
      <symbol id="sm-4dd">
         <name>HOSTunlink</name>
         <value>0x20f8</value>
         <object_component_ref idref="oc-3b1"/>
      </symbol>
      <symbol id="sm-4ea">
         <name>HOSTwrite</name>
         <value>0x1dce</value>
         <object_component_ref idref="oc-3a5"/>
      </symbol>
      <symbol id="sm-508">
         <name>__TI_readmsg</name>
         <value>0x22ee</value>
         <object_component_ref idref="oc-3ec"/>
      </symbol>
      <symbol id="sm-509">
         <name>C$$IO$$</name>
         <value>0x22bc</value>
         <object_component_ref idref="oc-3e6"/>
      </symbol>
      <symbol id="sm-50a">
         <name>_CIOBUF_</name>
         <value>0x200</value>
         <object_component_ref idref="oc-41d"/>
      </symbol>
      <symbol id="sm-50b">
         <name>__TI_writemsg</name>
         <value>0x2292</value>
         <object_component_ref idref="oc-3e6"/>
      </symbol>
      <symbol id="sm-519">
         <name>lseek</name>
         <value>0x23c2</value>
         <object_component_ref idref="oc-32f"/>
      </symbol>
      <symbol id="sm-529">
         <name>__TI_closefile</name>
         <value>0x1bb4</value>
         <object_component_ref idref="oc-387"/>
      </symbol>
      <symbol id="sm-54c">
         <name>finddevice</name>
         <value>0x225e</value>
         <object_component_ref idref="oc-440"/>
      </symbol>
      <symbol id="sm-54d">
         <name>getdevice</name>
         <value>0x1ef2</value>
         <object_component_ref idref="oc-411"/>
      </symbol>
      <symbol id="sm-555">
         <name>__mspabi_slll_9</name>
         <value>0x218e</value>
         <object_component_ref idref="oc-3f9"/>
      </symbol>
      <symbol id="sm-556">
         <name>__mspabi_slll_8</name>
         <value>0x2192</value>
         <object_component_ref idref="oc-3f9"/>
      </symbol>
      <symbol id="sm-557">
         <name>__mspabi_slll_7</name>
         <value>0x2196</value>
         <object_component_ref idref="oc-3f9"/>
      </symbol>
      <symbol id="sm-558">
         <name>__mspabi_slll_6</name>
         <value>0x219a</value>
         <object_component_ref idref="oc-3f9"/>
      </symbol>
      <symbol id="sm-559">
         <name>__mspabi_slll_5</name>
         <value>0x219e</value>
         <object_component_ref idref="oc-3f9"/>
      </symbol>
      <symbol id="sm-55a">
         <name>__mspabi_slll_4</name>
         <value>0x21a2</value>
         <object_component_ref idref="oc-3f9"/>
      </symbol>
      <symbol id="sm-55b">
         <name>__mspabi_slll_3</name>
         <value>0x21a6</value>
         <object_component_ref idref="oc-3f9"/>
      </symbol>
      <symbol id="sm-55c">
         <name>__mspabi_slll_2</name>
         <value>0x21aa</value>
         <object_component_ref idref="oc-3f9"/>
      </symbol>
      <symbol id="sm-55d">
         <name>__mspabi_slll_1</name>
         <value>0x21ae</value>
         <object_component_ref idref="oc-3f9"/>
      </symbol>
      <symbol id="sm-55e">
         <name>__mspabi_slll_15</name>
         <value>0x2176</value>
         <object_component_ref idref="oc-3f9"/>
      </symbol>
      <symbol id="sm-55f">
         <name>__mspabi_slll_14</name>
         <value>0x217a</value>
         <object_component_ref idref="oc-3f9"/>
      </symbol>
      <symbol id="sm-560">
         <name>__mspabi_slll_13</name>
         <value>0x217e</value>
         <object_component_ref idref="oc-3f9"/>
      </symbol>
      <symbol id="sm-561">
         <name>__mspabi_slll_12</name>
         <value>0x2182</value>
         <object_component_ref idref="oc-3f9"/>
      </symbol>
      <symbol id="sm-562">
         <name>__mspabi_slll_11</name>
         <value>0x2186</value>
         <object_component_ref idref="oc-3f9"/>
      </symbol>
      <symbol id="sm-563">
         <name>__mspabi_slll_10</name>
         <value>0x218a</value>
         <object_component_ref idref="oc-3f9"/>
      </symbol>
      <symbol id="sm-572">
         <name>strchr</name>
         <value>0x2468</value>
         <object_component_ref idref="oc-434"/>
      </symbol>
      <symbol id="sm-580">
         <name>strcmp</name>
         <value>0x2482</value>
         <object_component_ref idref="oc-459"/>
      </symbol>
      <symbol id="sm-58d">
         <name>strcpy</name>
         <value>0x24f6</value>
         <object_component_ref idref="oc-402"/>
      </symbol>
      <symbol id="sm-59d">
         <name>strncpy</name>
         <value>0x2346</value>
         <object_component_ref idref="oc-43a"/>
      </symbol>
      <symbol id="sm-5b0">
         <name>close</name>
         <value>0x1fe4</value>
         <object_component_ref idref="oc-3d2"/>
      </symbol>
      <symbol id="sm-5bc">
         <name>unlink</name>
         <value>0x239a</value>
         <object_component_ref idref="oc-3d9"/>
      </symbol>
      <symbol id="sm-5be">
         <name>remove</name>
         <value>0x239a</value>
      </symbol>
   </symbol_table>
   <title>Link successful</title>
</link_info>
